Archive member included because of file (symbol)

C:\Espressif\ESP8266_RTOS_SDK/lib\libmain.a(xtensa_vectors.o)
                              (call_user_start)
C:\Espressif\ESP8266_RTOS_SDK/lib\libmain.a(app_main.o)
                              C:\Espressif\ESP8266_RTOS_SDK/lib\libmain.a(xtensa_vectors.o) (user_fatal_exception_handler)
C:\Espressif\ESP8266_RTOS_SDK/lib\libmain.a(ets_timer.o)
                              C:\Espressif\ESP8266_RTOS_SDK/lib\libmain.a(app_main.o) (ets_timer_init)
C:\Espressif\ESP8266_RTOS_SDK/lib\libmain.a(misc.o)
                              C:\Espressif\ESP8266_RTOS_SDK/lib\libmain.a(app_main.o) (_putc1)
C:\Espressif\ESP8266_RTOS_SDK/lib\libmain.a(printf-stdarg.o)
                              C:\Espressif\ESP8266_RTOS_SDK/lib\libmain.a(app_main.o) (printf)
C:\Espressif\ESP8266_RTOS_SDK/lib\libmain.a(spi_flash.o)
                              C:\Espressif\ESP8266_RTOS_SDK/lib\libmain.a(app_main.o) (flashchip)
C:\Espressif\ESP8266_RTOS_SDK/lib\libmain.a(uart.o)
                              C:\Espressif\ESP8266_RTOS_SDK/lib\libmain.a(app_main.o) (uart_div_modify)
C:\Espressif\ESP8266_RTOS_SDK/lib\libmain.a(user_interface.o)
                              C:\Espressif\ESP8266_RTOS_SDK/lib\libmain.a(app_main.o) (rst_if)
C:\Espressif\ESP8266_RTOS_SDK/lib\libmain.a(os_cpu_a.o)
                              C:\Espressif\ESP8266_RTOS_SDK/lib\libmain.a(xtensa_vectors.o) (_xt_int_enter)
C:\Espressif\ESP8266_RTOS_SDK/lib\libmain.a(xtensa_context.o)
                              C:\Espressif\ESP8266_RTOS_SDK/lib\libmain.a(os_cpu_a.o) (_xt_context_save)
C:\Espressif\ESP8266_RTOS_SDK/lib\libfreertos.a(heap_4.o)
                              C:\Espressif\ESP8266_RTOS_SDK/lib\libmain.a(printf-stdarg.o) (xPortWantedSizeAlign)
C:\Espressif\ESP8266_RTOS_SDK/lib\libfreertos.a(port.o)
                              C:\Espressif\ESP8266_RTOS_SDK/lib\libmain.a(ets_timer.o) (PendSV)
C:\Espressif\ESP8266_RTOS_SDK/lib\libfreertos.a(queue.o)
                              C:\Espressif\ESP8266_RTOS_SDK/lib\libmain.a(ets_timer.o) (xQueueGenericCreate)
C:\Espressif\ESP8266_RTOS_SDK/lib\libfreertos.a(tasks.o)
                              C:\Espressif\ESP8266_RTOS_SDK/lib\libmain.a(os_cpu_a.o) (pxCurrentTCB)
C:\Espressif\ESP8266_RTOS_SDK/lib\libfreertos.a(timers.o)
                              C:\Espressif\ESP8266_RTOS_SDK/lib\libfreertos.a(tasks.o) (xTimerCreateTimerTask)
C:\Espressif\ESP8266_RTOS_SDK/lib\libfreertos.a(list.o)
                              C:\Espressif\ESP8266_RTOS_SDK/lib\libfreertos.a(queue.o) (vListInitialise)
C:\Espressif\ESP8266_RTOS_SDK/lib\liblwip.a(dhcp.o)
                              C:\Espressif\ESP8266_RTOS_SDK/lib\libmain.a(user_interface.o) (dhcp_cleanup)
C:\Espressif\ESP8266_RTOS_SDK/lib\liblwip.a(dhcpserver.o)
                              C:\Espressif\ESP8266_RTOS_SDK/lib\libmain.a(user_interface.o) (dhcps_start)
C:\Espressif\ESP8266_RTOS_SDK/lib\liblwip.a(dns.o)
                              C:\Espressif\ESP8266_RTOS_SDK/lib\liblwip.a(dhcp.o) (dns_setserver)
C:\Espressif\ESP8266_RTOS_SDK/lib\liblwip.a(etharp.o)
                              C:\Espressif\ESP8266_RTOS_SDK/lib\libmain.a(user_interface.o) (ethbroadcast)
C:\Espressif\ESP8266_RTOS_SDK/lib\liblwip.a(ip4_addr.o)
                              C:\Espressif\ESP8266_RTOS_SDK/lib\liblwip.a(dhcp.o) (ip_addr_any)
C:\Espressif\ESP8266_RTOS_SDK/lib\liblwip.a(ip4.o)
                              C:\Espressif\ESP8266_RTOS_SDK/lib\liblwip.a(etharp.o) (ip_input)
C:\Espressif\ESP8266_RTOS_SDK/lib\liblwip.a(ip6.o)
                              C:\Espressif\ESP8266_RTOS_SDK/lib\liblwip.a(etharp.o) (ip6_input)
C:\Espressif\ESP8266_RTOS_SDK/lib\liblwip.a(memp.o)
                              C:\Espressif\ESP8266_RTOS_SDK/lib\liblwip.a(etharp.o) (memp_sizes)
C:\Espressif\ESP8266_RTOS_SDK/lib\liblwip.a(mld6.o)
                              C:\Espressif\ESP8266_RTOS_SDK/lib\liblwip.a(ip6.o) (mld6_lookfor_group)
C:\Espressif\ESP8266_RTOS_SDK/lib\liblwip.a(nd6.o)
                              C:\Espressif\ESP8266_RTOS_SDK/lib\liblwip.a(ip6.o) (default_router_list)
C:\Espressif\ESP8266_RTOS_SDK/lib\liblwip.a(netif.o)
                              C:\Espressif\ESP8266_RTOS_SDK/lib\liblwip.a(dhcp.o) (netif_list)
C:\Espressif\ESP8266_RTOS_SDK/lib\liblwip.a(pbuf.o)
                              C:\Espressif\ESP8266_RTOS_SDK/lib\liblwip.a(dhcp.o) (pbuf_alloc)
C:\Espressif\ESP8266_RTOS_SDK/lib\liblwip.a(raw.o)
                              C:\Espressif\ESP8266_RTOS_SDK/lib\liblwip.a(ip4.o) (raw_input)
C:\Espressif\ESP8266_RTOS_SDK/lib\liblwip.a(sys_arch.o)
                              C:\Espressif\ESP8266_RTOS_SDK/lib\liblwip.a(pbuf.o) (sys_arch_protect)
C:\Espressif\ESP8266_RTOS_SDK/lib\liblwip.a(tcp_in.o)
                              C:\Espressif\ESP8266_RTOS_SDK/lib\liblwip.a(ip4.o) (tcp_input)
C:\Espressif\ESP8266_RTOS_SDK/lib\liblwip.a(tcpip.o)
[...]
Memory Configuration

Name             Origin             Length             Attributes
dport0_0_seg     0x3ff00000         0x00000010
dram0_0_seg      0x3ffe8000         0x00018000
iram1_0_seg      0x40100000         0x00009000
irom0_0_seg      0x4020a000         0x00052000
*default*        0x00000000         0xffffffff

Linker script and memory map

START GROUP
LOAD c:/tools/SmingRTOS/sming/compiler/lib/\libmicroc.a
LOAD C:\Espressif\ESP8266_RTOS_SDK/lib\libgcc.a
LOAD c:/espressif/xtensa-lx106-elf/bin/../lib/gcc/xtensa-lx106-elf/5.1.0/../../../../xtensa-lx106-elf/lib\libhal.a
LOAD C:\Espressif\ESP8266_RTOS_SDK/lib\libphy.a
LOAD C:\Espressif\ESP8266_RTOS_SDK/lib\libpp.a
LOAD C:\Espressif\ESP8266_RTOS_SDK/lib\libnet80211.a
LOAD C:\Espressif\ESP8266_RTOS_SDK/lib\libwpa.a
LOAD C:\Espressif\ESP8266_RTOS_SDK/lib\libcrypto.a
LOAD C:\Espressif\ESP8266_RTOS_SDK/lib\libmain.a
LOAD C:\Espressif\ESP8266_RTOS_SDK/lib\libfreertos.a
LOAD C:\Espressif\ESP8266_RTOS_SDK/lib\liblwip.a
LOAD C:\Espressif\ESP8266_RTOS_SDK/lib\libminic.a
LOAD C:\Espressif\ESP8266_RTOS_SDK/lib\libpwm.a
LOAD C:\Espressif\ESP8266_RTOS_SDK/lib\libsmartconfig.a
LOAD c:/tools/SmingRTOS/sming/compiler/lib/\libsming.a
LOAD c:/tools/SmingRTOS/sming/compiler/lib/\libsecurity.a
LOAD out/build/app_app.a
END GROUP
                0x40000000                PROVIDE (_memmap_vecbase_reset, 0x40000000)
                0x00000110                _memmap_cacheattr_wb_base = 0x110
                0x00000110                _memmap_cacheattr_wt_base = 0x110
                0x00000220                _memmap_cacheattr_bp_base = 0x220
                0xfffff00f                _memmap_cacheattr_unused_mask = 0xfffff00f
                0x2222211f                _memmap_cacheattr_wb_trapnull = 0x2222211f
                0x2222211f                _memmap_cacheattr_wba_trapnull = 0x2222211f
                0x2222211f                _memmap_cacheattr_wbna_trapnull = 0x2222211f
                0x2222211f                _memmap_cacheattr_wt_trapnull = 0x2222211f
                0x2222222f                _memmap_cacheattr_bp_trapnull = 0x2222222f
                0xfffff11f                _memmap_cacheattr_wb_strict = 0xfffff11f
                0xfffff11f                _memmap_cacheattr_wt_strict = 0xfffff11f
                0xfffff22f                _memmap_cacheattr_bp_strict = 0xfffff22f
                0x22222112                _memmap_cacheattr_wb_allvalid = 0x22222112
                0x22222112                _memmap_cacheattr_wt_allvalid = 0x22222112
                0x22222222                _memmap_cacheattr_bp_allvalid = 0x22222222
                0x2222211f                PROVIDE (_memmap_cacheattr_reset, _memmap_cacheattr_wb_trapnull)

.dport0.rodata  0x3ff00000        0x0
                0x3ff00000                _dport0_rodata_start = ABSOLUTE (.)
 *(.dport0.rodata)
 *(.dport.rodata)
                0x3ff00000                _dport0_rodata_end = ABSOLUTE (.)

.dport0.literal
                0x3ff00000        0x0
                0x3ff00000                _dport0_literal_start = ABSOLUTE (.)
 *(.dport0.literal)
 *(.dport.literal)
                0x3ff00000                _dport0_literal_end = ABSOLUTE (.)

.dport0.data    0x3ff00000        0x0
                0x3ff00000                _dport0_data_start = ABSOLUTE (.)
 *(.dport0.data)
 *(.dport.data)
                0x3ff00000                _dport0_data_end = ABSOLUTE (.)

.data           0x3ffe8000      0x3e8
                0x3ffe8000                _data_start = ABSOLUTE (.)
 *(.data)
 .data          0x3ffe8000        0x8 C:\Espressif\ESP8266_RTOS_SDK/lib\libmain.a(xtensa_vectors.o)
                0x3ffe8000                _Pri_3_HandlerAddress
                0x3ffe8004                _Pri_3_NMICount
 .data          0x3ffe8008        0x2 C:\Espressif\ESP8266_RTOS_SDK/lib\libmain.a(app_main.o)
                0x3ffe8009                init_hw_wdt
 *fill*         0x3ffe800a        0x2 
 .data          0x3ffe800c        0x4 C:\Espressif\ESP8266_RTOS_SDK/lib\libmain.a(misc.o)
 .data          0x3ffe8010       0x18 C:\Espressif\ESP8266_RTOS_SDK/lib\libmain.a(spi_flash.o)
                0x3ffe8010                flashchip
 .data          0x3ffe8028        0x3 C:\Espressif\ESP8266_RTOS_SDK/lib\libmain.a(user_interface.o)
                0x3ffe8028                dhcps_flag
                0x3ffe8029                dhcpc_flag
                0x3ffe802a                reconnect_internal
 *fill*         0x3ffe802b        0x1 
 .data          0x3ffe802c        0x4 C:\Espressif\ESP8266_RTOS_SDK/lib\libfreertos.a(tasks.o)
 .data          0x3ffe8030        0x5 C:\Espressif\ESP8266_RTOS_SDK/lib\liblwip.a(dhcpserver.o)
                0x3ffe8030                dhcps_lease_time
 *fill*         0x3ffe8035        0x3 
 .data          0x3ffe8038        0x8 C:\Espressif\ESP8266_RTOS_SDK/lib\liblwip.a(nd6.o)
                0x3ffe8038                reachable_time
                0x3ffe803c                retrans_timer
 .data          0x3ffe8040        0x8 C:\Espressif\ESP8266_RTOS_SDK/lib\liblwip.a(tcp.o)
 .data          0x3ffe8048        0x2 C:\Espressif\ESP8266_RTOS_SDK/lib\liblwip.a(udp.o)
 *fill*         0x3ffe804a        0x2 
 .data          0x3ffe804c        0x4 C:\Espressif\ESP8266_RTOS_SDK/lib\libminic.a(minic.o)
                0x3ffe804c                __ctype_ptr__
 .data          0x3ffe8050       0x53 C:\Espressif\ESP8266_RTOS_SDK/lib\libphy.a(phy_chip_v6.o)
                0x3ffe8052                tx_rf_ana_gain
                0x3ffe8080                rx_gain_swp
                0x3ffe80a0                test_rffreq_txcap
 *fill*         0x3ffe80a3        0x1 
 .data          0x3ffe80a4        0x4 C:\Espressif\ESP8266_RTOS_SDK/lib\libphy.a(phy_sleep.o)
                0x3ffe80a4                chip_version
 .data          0x3ffe80a8        0x4 C:\Espressif\ESP8266_RTOS_SDK/lib\libphy.a(phy_chip_v5_romfunc.o)
                0x3ffe80a8                g_phyFuns
 *fill*         0x3ffe80ac        0x4 
 .data          0x3ffe80b0        0x7 C:\Espressif\ESP8266_RTOS_SDK/lib\libphy.a(phy_chip_v5_cal_romfunc.o)
 *fill*         0x3ffe80b7        0x1 
 .data          0x3ffe80b8        0x1 C:\Espressif\ESP8266_RTOS_SDK/lib\libpp.a(pm.o)
 *fill*         0x3ffe80b9        0x3 
 .data          0x3ffe80bc        0x1 C:\Espressif\ESP8266_RTOS_SDK/lib\libpp.a(pm_for_bcn_only_mode.o)
 *fill*         0x3ffe80bd        0x3 
 .data          0x3ffe80c0       0x11 C:\Espressif\ESP8266_RTOS_SDK/lib\libpp.a(pp.o)
                0x3ffe80c0                NoiseTimerInterval
                0x3ffe80c8                sleep_start_wait_time
                0x3ffe80d0                CanDoFreqCal
 *fill*         0x3ffe80d1        0xf 
 .data          0x3ffe80e0       0x40 C:\Espressif\ESP8266_RTOS_SDK/lib\libpp.a(rate_control.o)
 .data          0x3ffe8120      0x24c C:\Espressif\ESP8266_RTOS_SDK/lib\libpp.a(trc.o)
 .data          0x3ffe836c        0xc C:\Espressif\ESP8266_RTOS_SDK/lib\libpp.a(wdev.o)
                0x3ffe8374                WDEV_INTEREST_EVENT
 .data          0x3ffe8378        0x1 C:\Espressif\ESP8266_RTOS_SDK/lib\libnet80211.a(ieee80211_hostap.o)
                0x3ffe8378                TmpSTAAPCloseAP
 *fill*         0x3ffe8379        0x3 
 .data          0x3ffe837c        0x1 C:\Espressif\ESP8266_RTOS_SDK/lib\libnet80211.a(wl_cnx.o)
 *fill*         0x3ffe837d        0x3 
 .data          0x3ffe8380       0x1c C:\Espressif\ESP8266_RTOS_SDK/lib\libnet80211.a(ieee80211_action.o)
 *(.data.*)
 .data.rootPublic
                0x3ffe839c       0x30 out/build/app_app.a(Ecdsa.o)
                0x3ffe839c                rootPublic
 .data.rootPrivate
                0x3ffe83cc       0x18 out/build/app_app.a(Ecdsa.o)
                0x3ffe83cc                rootPrivate
 .data.cbc_printchar
                0x3ffe83e4        0x4 c:/tools/SmingRTOS/sming/compiler/lib/\libsming.a(m_printf.o)
                0x3ffe83e4                cbc_printchar
 *(.gnu.linkonce.d.*)
 *(.data1)
 *(.sdata)
 *(.sdata.*)
 *(.gnu.linkonce.s.*)
 *(.sdata2)
 *(.sdata2.*)
 *(.gnu.linkonce.s2.*)
 *(.jcr)
                0x3ffe83e8                _data_end = ABSOLUTE (.)

.rodata         0x3ffe83f0     0x184c
                0x3ffe83f0                _rodata_start = ABSOLUTE (.)
 *(.rodata)
 .rodata        0x3ffe83f0       0x14 C:\Espressif\ESP8266_RTOS_SDK/lib\libfreertos.a(tasks.o)
 .rodata        0x3ffe8404        0x6 C:\Espressif\ESP8266_RTOS_SDK/lib\liblwip.a(etharp.o)
                0x3ffe8404                ethbroadcast
 *fill*         0x3ffe840a        0x6 
 .rodata        0x3ffe8410      0x101 C:\Espressif\ESP8266_RTOS_SDK/lib\libminic.a(minic.o)
                0x3ffe8410                _ctype_
 *fill*         0x3ffe8511        0x3 
 .rodata        0x3ffe8514       0x14 out/build/app_app.a(Ecdsa.o)
 .rodata        0x3ffe8528        0x8 C:\Espressif\ESP8266_RTOS_SDK/lib\libphy.a(phy_chip_v6.o)
 .rodata        0x3ffe8530       0x10 C:\Espressif\ESP8266_RTOS_SDK/lib\libphy.a(phy_chip_v5_romfunc.o)
 .rodata        0x3ffe8540        0xc C:\Espressif\ESP8266_RTOS_SDK/lib\libphy.a(phy_chip_v5_ana_romfunc.o)
 .rodata        0x3ffe854c        0x4 C:\Espressif\ESP8266_RTOS_SDK/lib\libpp.a(pp.o)
 .rodata        0x3ffe8550        0x8 C:\Espressif\ESP8266_RTOS_SDK/lib\libnet80211.a(ieee80211_hostap.o)
 .rodata        0x3ffe8558        0x2 C:\Espressif\ESP8266_RTOS_SDK/lib\libcrypto.a(sha1-internal.o)
 *(.rodata.*)
 *fill*         0x3ffe855a        0x2 
 .rodata.str1.4
                0x3ffe855c       0x10 C:\Espressif\ESP8266_RTOS_SDK/lib\libmain.a(app_main.o)
 .rodata.str1.4
                0x3ffe856c        0x8 C:\Espressif\ESP8266_RTOS_SDK/lib\libmain.a(ets_timer.o)
                                 0x10 (size before relaxing)
 .rodata.str1.4
                0x3ffe8574        0xc C:\Espressif\ESP8266_RTOS_SDK/lib\libmain.a(printf-stdarg.o)
 .rodata.str1.4
                0x3ffe8580       0x1b C:\Espressif\ESP8266_RTOS_SDK/lib\libmain.a(user_interface.o)
 *fill*         0x3ffe859b        0x1 
 .rodata.str1.4
                0x3ffe859c        0x5 C:\Espressif\ESP8266_RTOS_SDK/lib\libfreertos.a(tasks.o)
 *fill*         0x3ffe85a1        0x3 
 .rodata.str1.4
                0x3ffe85a4        0x8 C:\Espressif\ESP8266_RTOS_SDK/lib\libfreertos.a(timers.o)
 .rodata.str1.4
                0x3ffe85ac        0x4 C:\Espressif\ESP8266_RTOS_SDK/lib\liblwip.a(tcpip.o)
 .rodata.str1.1
                0x3ffe85b0       0x42 c:/tools/SmingRTOS/sming/compiler/lib/\libsming.a(user_main.o)
 .rodata.str1.1
                0x3ffe85f2      0x23d out/build/app_app.a(application.o)
                                0x23e (size before relaxing)
 *fill*         0x3ffe882f        0x1 
 .rodata._ZTV14FunctionCallerIPFvvEvJEE
                0x3ffe8830       0x14 out/build/app_app.a(application.o)
                0x3ffe8830                vtable for FunctionCaller<void (*)(), void>
 .rodata._ZTV14FunctionCallerIPFv6StringS0_EvJS0_S0_EE
                0x3ffe8844       0x14 out/build/app_app.a(application.o)
                0x3ffe8844                vtable for FunctionCaller<void (*)(String, String), void, String, String>
 .rodata.str1.1
                0x3ffe8858      0x1d5 out/build/app_app.a(Ecdsa.o)
                                0x1e0 (size before relaxing)
 *fill*         0x3ffe8a2d        0x3 
 .rodata._ZTVN11ArduinoJson9Internals15BlockJsonBufferINS0_16DefaultAllocatorEEE
                0x3ffe8a30        0xc out/build/app_app.a(Ecdsa.o)
                0x3ffe8a30                vtable for ArduinoJson::Internals::BlockJsonBuffer<ArduinoJson::Internals::DefaultAllocator>
 .rodata._ZTV14FunctionCallerIPFvR10HttpClientbEvJS1_bEE
                0x3ffe8a3c       0x14 out/build/app_app.a(Ecdsa.o)
                0x3ffe8a3c                vtable for FunctionCaller<void (*)(HttpClient&, bool), void, HttpClient&, bool>
 .rodata.str1.4
                0x3ffe8a50       0x27 C:\Espressif\ESP8266_RTOS_SDK/lib\libpp.a(lmac.o)
                                 0x2f (size before relaxing)
 *fill*         0x3ffe8a77        0x1 
 .rodata.str1.4
                0x3ffe8a78       0x18 C:\Espressif\ESP8266_RTOS_SDK/lib\libpp.a(pm.o)
                                 0x20 (size before relaxing)
 .rodata.str1.4
                0x3ffe8a90        0x4 C:\Espressif\ESP8266_RTOS_SDK/lib\libpp.a(pm_for_bcn_only_mode.o)
                                  0xc (size before relaxing)
 .rodata.str1.4
                0x3ffe8a94        0xc C:\Espressif\ESP8266_RTOS_SDK/lib\libpp.a(pp.o)
                                 0x14 (size before relaxing)
 .rodata.str1.4
                0x3ffe8aa0        0xf C:\Espressif\ESP8266_RTOS_SDK/lib\libpp.a(wdev.o)
                                 0x17 (size before relaxing)
 *fill*         0x3ffe8aaf        0x1 
 .rodata.str1.4
                0x3ffe8ab0        0x3 C:\Espressif\ESP8266_RTOS_SDK/lib\libnet80211.a(ieee80211_hostap.o)
                                  0x8 (size before relaxing)
 *fill*         0x3ffe8ab3        0x1 
 .rodata.str1.4
                0x3ffe8ab4        0x7 C:\Espressif\ESP8266_RTOS_SDK/lib\libnet80211.a(ieee80211_mesh_quick.o)
 .rodata.str1.4
                0x00000000        0x4 C:\Espressif\ESP8266_RTOS_SDK/lib\libnet80211.a(ieee80211_sta.o)
 .rodata.str1.4
                0x00000000        0x4 C:\Espressif\ESP8266_RTOS_SDK/lib\libnet80211.a(ieee80211_action_vendor.o)
 .rodata.str1.4
                0x00000000        0x4 C:\Espressif\ESP8266_RTOS_SDK/lib\libnet80211.a(ieee80211_ie_vendor.o)
 *fill*         0x3ffe8abb        0x1 
 .rodata.str1.4
                0x3ffe8abc        0x4 C:\Espressif\ESP8266_RTOS_SDK/lib\libcrypto.a(sha1-internal.o)
                                  0x2 (size before relaxing)
 .rodata.str1.1
                0x3ffe8ac0       0xdf c:/tools/SmingRTOS/sming/compiler/lib/\libsming.a(HardwareSerial.o)
 *fill*         0x3ffe8b9f        0x1 
 .rodata._ZTV14HardwareSerial
                0x3ffe8ba0       0x20 c:/tools/SmingRTOS/sming/compiler/lib/\libsming.a(HardwareSerial.o)
                0x3ffe8ba0                vtable for HardwareSerial
 .rodata.str1.1
                0x3ffe8bc0        0xc c:/tools/SmingRTOS/sming/compiler/lib/\libsming.a(Print.o)
                                  0xe (size before relaxing)
 .rodata.str1.1
                0x00000000        0x1 c:/tools/SmingRTOS/sming/compiler/lib/\libsming.a(WString.o)
 .rodata.str1.1
                0x3ffe8bcc       0x9f c:/tools/SmingRTOS/sming/compiler/lib/\libsming.a(AccessPoint.o)
                                 0xa2 (size before relaxing)
 *fill*         0x3ffe8c6b        0x1 
 .rodata._ZTV16AccessPointClass
                0x3ffe8c6c       0x14 c:/tools/SmingRTOS/sming/compiler/lib/\libsming.a(AccessPoint.o)
                0x3ffe8c6c                vtable for AccessPointClass
 .rodata.str1.1
                0x3ffe8c80      0x25a c:/tools/SmingRTOS/sming/compiler/lib/\libsming.a(Station.o)
                                0x278 (size before relaxing)
 *fill*         0x3ffe8eda        0x2 
 .rodata._ZTV12StationClass
                0x3ffe8edc       0x14 c:/tools/SmingRTOS/sming/compiler/lib/\libsming.a(Station.o)
                0x3ffe8edc                vtable for StationClass
 .rodata._ZTV6VectorI7BssInfoE
                0x3ffe8ef0       0x1c c:/tools/SmingRTOS/sming/compiler/lib/\libsming.a(Station.o)
                0x3ffe8ef0                vtable for Vector<BssInfo>
 .rodata.str1.1
                0x3ffe8f0c       0xe8 c:/tools/SmingRTOS/sming/compiler/lib/\libsming.a(HttpClient.o)
                                 0xf8 (size before relaxing)
 .rodata._ZTV10HttpClient
                0x3ffe8ff4       0x40 c:/tools/SmingRTOS/sming/compiler/lib/\libsming.a(HttpClient.o)
                0x3ffe8ff4                vtable for HttpClient
 .rodata.str1.1
                0x3ffe9034      0x182 c:/tools/SmingRTOS/sming/compiler/lib/\libsming.a(MqttClient.o)
                                0x183 (size before relaxing)
 *fill*         0x3ffe91b6        0x2 
 .rodata._ZTV10MqttClient
                0x3ffe91b8       0x3c c:/tools/SmingRTOS/sming/compiler/lib/\libsming.a(MqttClient.o)
                0x3ffe91b8                vtable for MqttClient
 .rodata.str1.1
                0x3ffe91f4       0x1e c:/tools/SmingRTOS/sming/compiler/lib/\libsming.a(TcpClient.o)
 *fill*         0x3ffe9212        0x2 
 .rodata._ZTV9TcpClient
                0x3ffe9214       0x3c c:/tools/SmingRTOS/sming/compiler/lib/\libsming.a(TcpClient.o)
                0x3ffe9214                vtable for TcpClient
 .rodata.str1.1
                0x3ffe9250      0x2aa c:/tools/SmingRTOS/sming/compiler/lib/\libsming.a(TcpConnection.o)
 *fill*         0x3ffe94fa        0x2 
 .rodata._ZTV13TcpConnection
                0x3ffe94fc       0x38 c:/tools/SmingRTOS/sming/compiler/lib/\libsming.a(TcpConnection.o)
                0x3ffe94fc                vtable for TcpConnection
 .rodata.str1.1
                0x00000000        0xa c:/tools/SmingRTOS/sming/compiler/lib/\libsming.a(URL.o)
 .rodata.str1.1
                0x00000000        0x1 c:/tools/SmingRTOS/sming/compiler/lib/\libsming.a(Command.o)
 .rodata._ZTV7Command
                0x3ffe9534       0x10 c:/tools/SmingRTOS/sming/compiler/lib/\libsming.a(Command.o)
                0x3ffe9534                vtable for Command
 .rodata.str1.1
                0x3ffe9544      0x119 c:/tools/SmingRTOS/sming/compiler/lib/\libsming.a(CommandExecutor.o)
                                0x11e (size before relaxing)
 .rodata.str1.1
                0x3ffe965d      0x3b9 c:/tools/SmingRTOS/sming/compiler/lib/\libsming.a(CommandHandler.o)
                                0x3c9 (size before relaxing)
 .rodata.str1.1
                0x00000000        0x1 c:/tools/SmingRTOS/sming/compiler/lib/\libsming.a(CommandOutput.o)
 *fill*         0x3ffe9a16        0x2 
 .rodata._ZTV13CommandOutput
                0x3ffe9a18       0x18 c:/tools/SmingRTOS/sming/compiler/lib/\libsming.a(CommandOutput.o)
                0x3ffe9a18                vtable for CommandOutput
 .rodata.str1.1
                0x3ffe9a30       0x10 c:/tools/SmingRTOS/sming/compiler/lib/\libsming.a(ArduinoJson.o)
                                 0x11 (size before relaxing)
 .rodata._ZTVN11ArduinoJson9Internals20DynamicStringBuilderE
                0x3ffe9a40       0x10 c:/tools/SmingRTOS/sming/compiler/lib/\libsming.a(ArduinoJson.o)
                0x3ffe9a40                vtable for ArduinoJson::Internals::DynamicStringBuilder
 .rodata._ZN11ArduinoJson9Internals8Encoding12_escapeTableE
                0x3ffe9a50        0xf c:/tools/SmingRTOS/sming/compiler/lib/\libsming.a(ArduinoJson.o)
                0x3ffe9a50                ArduinoJson::Internals::Encoding::_escapeTable
 .rodata.str1.1
                0x3ffe9a5f        0x6 c:/tools/SmingRTOS/sming/compiler/lib/\libsming.a(libemqtt.o)
 *fill*         0x3ffe9a65        0x3 
 .rodata._ZTV16MemoryDataStream
                0x3ffe9a68       0x48 c:/tools/SmingRTOS/sming/compiler/lib/\libsming.a(DataSourceStream.o)
                0x3ffe9a68                vtable for MemoryDataStream
 .rodata.str1.1
                0x3ffe9ab0       0x34 c:/tools/SmingRTOS/sming/compiler/lib/\libsming.a(FileSystem.o)
                                 0x37 (size before relaxing)
 .rodata.str1.1
                0x3ffe9ae4       0x1d c:/tools/SmingRTOS/sming/compiler/lib/\libsming.a(stringconversion.o)
                                 0x21 (size before relaxing)
 .rodata.str1.1
                0x00000000        0x1 c:/tools/SmingRTOS/sming/compiler/lib/\libsming.a(CommandDelegate.o)
 *fill*         0x3ffe9b01        0x3 
 .rodata.curve_secp192r1
                0x3ffe9b04       0xb0 c:/tools/SmingRTOS/sming/compiler/lib/\libsecurity.a(uECC.o)
 *(.gnu.linkonce.r.*)
 *(.rodata1)
                0x3ffe9bb4                __XT_EXCEPTION_TABLE__ = ABSOLUTE (.)
 *(.xt_except_table)
 *(.gcc_except_table)
 *(.gnu.linkonce.e.*)
 *(.gnu.version_r)
 *(.eh_frame)
                0x3ffe9bb4                . = ((. + 0x3) & 0xfffffffc)
                0x3ffe9bb4                __init_array_start = ABSOLUTE (.)
 *crtbegin.o(.ctors)
 *(EXCLUDE_FILE(*crtend.o) .ctors)
 .ctors         0x3ffe9bb4        0x4 out/build/app_app.a(application.o)
 .ctors         0x3ffe9bb8        0x4 out/build/app_app.a(Ecdsa.o)
 .ctors         0x3ffe9bbc        0x4 out/build/app_app.a(Led.o)
 .ctors         0x3ffe9bc0        0x4 c:/tools/SmingRTOS/sming/compiler/lib/\libsming.a(HardwareSerial.o)
 .ctors         0x3ffe9bc4        0x4 c:/tools/SmingRTOS/sming/compiler/lib/\libsming.a(Interrupts.o)
 .ctors         0x3ffe9bc8        0x4 c:/tools/SmingRTOS/sming/compiler/lib/\libsming.a(AccessPoint.o)
 .ctors         0x3ffe9bcc        0x4 c:/tools/SmingRTOS/sming/compiler/lib/\libsming.a(Station.o)
 .ctors         0x3ffe9bd0        0x4 c:/tools/SmingRTOS/sming/compiler/lib/\libsming.a(HttpClient.o)
 .ctors         0x3ffe9bd4        0x4 c:/tools/SmingRTOS/sming/compiler/lib/\libsming.a(MqttClient.o)
 .ctors         0x3ffe9bd8        0x4 c:/tools/SmingRTOS/sming/compiler/lib/\libsming.a(TcpClient.o)
 .ctors         0x3ffe9bdc        0x4 c:/tools/SmingRTOS/sming/compiler/lib/\libsming.a(TcpConnection.o)
 .ctors         0x3ffe9be0        0x4 c:/tools/SmingRTOS/sming/compiler/lib/\libsming.a(CommandExecutor.o)
 .ctors         0x3ffe9be4        0x4 c:/tools/SmingRTOS/sming/compiler/lib/\libsming.a(CommandHandler.o)
 .ctors         0x3ffe9be8        0x4 c:/tools/SmingRTOS/sming/compiler/lib/\libsming.a(CommandOutput.o)
 .ctors         0x3ffe9bec        0x4 c:/tools/SmingRTOS/sming/compiler/lib/\libsming.a(ArduinoJson.o)
 .ctors         0x3ffe9bf0        0x4 c:/tools/SmingRTOS/sming/compiler/lib/\libsming.a(DataSourceStream.o)
 .ctors         0x3ffe9bf4        0x4 c:/tools/SmingRTOS/sming/compiler/lib/\libsming.a(SystemClock.o)
 .ctors         0x3ffe9bf8        0x4 c:/tools/SmingRTOS/sming/compiler/lib/\libsming.a(RTC.o)
 .ctors         0x3ffe9bfc        0x4 c:/tools/SmingRTOS/sming/compiler/lib/\libsming.a(WebSocket.o)
 .ctors         0x3ffe9c00        0x4 c:/tools/SmingRTOS/sming/compiler/lib/\libsming.a(CommandDelegate.o)
 .ctors         0x3ffe9c04        0x4 c:/tools/SmingRTOS/sming/compiler/lib/\libsming.a(HttpRequest.o)
 .ctors         0x3ffe9c08        0x4 c:/tools/SmingRTOS/sming/compiler/lib/\libsming.a(HttpResponse.o)
 .ctors         0x3ffe9c0c        0x4 c:/tools/SmingRTOS/sming/compiler/lib/\libsming.a(HttpServer.o)
 .ctors         0x3ffe9c10        0x4 c:/tools/SmingRTOS/sming/compiler/lib/\libsming.a(HttpServerConnection.o)
 .ctors         0x3ffe9c14        0x4 c:/tools/SmingRTOS/sming/compiler/lib/\libsming.a(TcpServer.o)
 *(SORT(.ctors.*))
 *(.ctors)
                0x3ffe9c18                __init_array_end = ABSOLUTE (.)
 *crtbegin.o(.dtors)
 *(EXCLUDE_FILE(*crtend.o) .dtors)
 .dtors         0x3ffe9c18        0x4 out/build/app_app.a(application.o)
 .dtors         0x3ffe9c1c        0x4 out/build/app_app.a(Ecdsa.o)
 .dtors         0x3ffe9c20        0x4 out/build/app_app.a(Led.o)
 .dtors         0x3ffe9c24        0x4 c:/tools/SmingRTOS/sming/compiler/lib/\libsming.a(HardwareSerial.o)
 .dtors         0x3ffe9c28        0x4 c:/tools/SmingRTOS/sming/compiler/lib/\libsming.a(Interrupts.o)
 .dtors         0x3ffe9c2c        0x4 c:/tools/SmingRTOS/sming/compiler/lib/\libsming.a(Station.o)
 .dtors         0x3ffe9c30        0x4 c:/tools/SmingRTOS/sming/compiler/lib/\libsming.a(CommandHandler.o)
 *(SORT(.dtors.*))
 *(.dtors)
                0x3ffe9c34                __XT_EXCEPTION_DESCS__ = ABSOLUTE (.)
 *(.xt_except_desc)
 *(.gnu.linkonce.h.*)
                0x3ffe9c34                __XT_EXCEPTION_DESCS_END__ = ABSOLUTE (.)
 *(.xt_except_desc_end)
 *(.dynamic)
 *(.gnu.version_d)
                0x3ffe9c34                . = ALIGN (0x4)
                0x3ffe9c34                _bss_table_start = ABSOLUTE (.)
                0x3ffe9c34        0x4 LONG 0x3ffe9c40 _bss_start
                0x3ffe9c38        0x4 LONG 0x3fff10c0 _bss_end
                0x3ffe9c3c                _bss_table_end = ABSOLUTE (.)
                0x3ffe9c3c                _rodata_end = ABSOLUTE (.)

.UserExceptionVector.literal
                0x3ffe9c3c        0x0
                0x3ffe9c3c                _UserExceptionVector_literal_start = ABSOLUTE (.)
 *(.UserExceptionVector.literal)
                0x3ffe9c3c                _UserExceptionVector_literal_end = ABSOLUTE (.)

.bss            0x3ffe9c40     0x7480
                0x3ffe9c40                . = ALIGN (0x8)
                0x3ffe9c40                _bss_start = ABSOLUTE (.)
 *(.dynsbss)
 *(.sbss)
 *(.sbss.*)
 *(.gnu.linkonce.sb.*)
 *(.scommon)
 *(.sbss2)
 *(.sbss2.*)
 *(.gnu.linkonce.sb2.*)
 *(.dynbss)
 *(.bss)
 .bss           0x3ffe9c40      0x3f8 C:\Espressif\ESP8266_RTOS_SDK/lib\libmain.a(xtensa_vectors.o)
 .bss           0x3ffea038       0x30 C:\Espressif\ESP8266_RTOS_SDK/lib\libmain.a(app_main.o)
                0x3ffea038                user_init_flag
                0x3ffea03c                info
                0x3ffea060                errno
                0x3ffea064                xWatchDogTaskHandle
 *fill*         0x3ffea068        0x8 
 .bss           0x3ffea070       0xc0 C:\Espressif\ESP8266_RTOS_SDK/lib\libmain.a(ets_timer.o)
                0x3ffea074                timer_list
                0x3ffea078                debug_timer
                0x3ffea07c                debug_timerfn
 .bss           0x3ffea130        0x4 C:\Espressif\ESP8266_RTOS_SDK/lib\libmain.a(misc.o)
                0x3ffea130                _putc1
 *fill*         0x3ffea134        0xc 
 .bss           0x3ffea140       0x40 C:\Espressif\ESP8266_RTOS_SDK/lib\libmain.a(printf-stdarg.o)
 .bss           0x3ffea180        0x1 C:\Espressif\ESP8266_RTOS_SDK/lib\libmain.a(spi_flash.o)
                0x3ffea180                FlashIsOnGoing
 *fill*         0x3ffea181        0xf 
 .bss           0x3ffea190      0x192 C:\Espressif\ESP8266_RTOS_SDK/lib\libmain.a(user_interface.o)
                0x3ffea28f                deep_sleep_flag
                0x3ffea290                cpu_overclock
                0x3ffea294                event_cb
                0x3ffea298                xQueue_event
                0x3ffea29c                rst_if
                0x3ffea2bc                OpmodChgIsOnGoing
                0x3ffea2c0                promiscuous_cb
                0x3ffea2c4                status_led_output_level
                0x3ffea2c8                evt
 *fill*         0x3ffea322        0x2 
 .bss           0x3ffea324       0x1c C:\Espressif\ESP8266_RTOS_SDK/lib\libfreertos.a(heap_4.o)
 .bss           0x3ffea340       0x90 C:\Espressif\ESP8266_RTOS_SDK/lib\libfreertos.a(port.o)
                0x3ffea344                cpu_sr
                0x3ffea34c                _xt_isr_status
                0x3ffea350                isr
 .bss           0x3ffea3d0      0x1cc C:\Espressif\ESP8266_RTOS_SDK/lib\libfreertos.a(tasks.o)
                0x3ffea3d4                pxCurrentTCB
 .bss           0x3ffea59c       0x3c C:\Espressif\ESP8266_RTOS_SDK/lib\libfreertos.a(timers.o)
 *fill*         0x3ffea5d8        0x8 
 .bss           0x3ffea5e0       0x44 C:\Espressif\ESP8266_RTOS_SDK/lib\liblwip.a(dhcp.o)
                0x3ffea5e0                dhcp_rx_options_given
                0x3ffea5f0                dhcp_rx_options_val
 .bss           0x3ffea624       0x28 C:\Espressif\ESP8266_RTOS_SDK/lib\liblwip.a(dhcpserver.o)
 *fill*         0x3ffea64c        0x4 
 .bss           0x3ffea650      0x480 C:\Espressif\ESP8266_RTOS_SDK/lib\liblwip.a(dns.o)
 .bss           0x3ffeaad0       0xd8 C:\Espressif\ESP8266_RTOS_SDK/lib\liblwip.a(etharp.o)
                0x3ffeaad4                ethzero
 *fill*         0x3ffeaba8        0x8 
 .bss           0x3ffeabb0       0x10 C:\Espressif\ESP8266_RTOS_SDK/lib\liblwip.a(ip4_addr.o)
 .bss           0x3ffeabc0       0x32 C:\Espressif\ESP8266_RTOS_SDK/lib\liblwip.a(ip4.o)
                0x3ffeabc0                ip_data
 *fill*         0x3ffeabf2        0x2 
 .bss           0x3ffeabf4        0x4 C:\Espressif\ESP8266_RTOS_SDK/lib\liblwip.a(mld6.o)
 *fill*         0x3ffeabf8        0x8 
 .bss           0x3ffeac00      0x421 C:\Espressif\ESP8266_RTOS_SDK/lib\liblwip.a(nd6.o)
                0x3ffeac20                prefix_list
                0x3ffeacb0                neighbor_cache
                0x3ffeae40                default_router_list
                0x3ffeae90                destination_cache
 *fill*         0x3ffeb021        0x3 
 .bss           0x3ffeb024        0xc C:\Espressif\ESP8266_RTOS_SDK/lib\liblwip.a(netif.o)
                0x3ffeb028                netif_list
                0x3ffeb02c                netif_default
 .bss           0x3ffeb030        0x4 C:\Espressif\ESP8266_RTOS_SDK/lib\liblwip.a(raw.o)
 .bss           0x3ffeb034       0x2c C:\Espressif\ESP8266_RTOS_SDK/lib\liblwip.a(tcp_in.o)
                0x3ffeb05c                tcp_input_pcb
 .bss           0x3ffeb060       0x10 C:\Espressif\ESP8266_RTOS_SDK/lib\liblwip.a(tcpip.o)
                0x3ffeb06c                xLwipTaskHandle
 .bss           0x3ffeb070       0x21 C:\Espressif\ESP8266_RTOS_SDK/lib\liblwip.a(tcp.o)
                0x3ffeb074                tcp_active_pcbs
                0x3ffeb078                tcp_tmp_pcb
                0x3ffeb07c                tcp_active_pcbs_changed
                0x3ffeb080                tcp_tw_pcbs
                0x3ffeb084                tcp_bound_pcbs
                0x3ffeb088                tcp_listen_pcbs
                0x3ffeb08c                tcp_ticks
 *fill*         0x3ffeb091        0x3 
 .bss           0x3ffeb094        0xc C:\Espressif\ESP8266_RTOS_SDK/lib\liblwip.a(timers.o)
                0x3ffeb098                LwipTimOutLim
 .bss           0x3ffeb0a0        0x4 C:\Espressif\ESP8266_RTOS_SDK/lib\liblwip.a(udp.o)
                0x3ffeb0a0                udp_pcbs
 *fill*         0x3ffeb0a4        0xc 
 .bss           0x3ffeb0b0       0x38 C:\Espressif\ESP8266_RTOS_SDK/lib\liblwip.a(ip6_addr.o)
                0x3ffeb0b0                ip6_addr_any
 .bss           0x3ffeb0e8        0x6 C:\Espressif\ESP8266_RTOS_SDK/lib\liblwip.a(ip6_frag.o)
 *fill*         0x3ffeb0ee        0x2 
 .bss           0x3ffeb0f0      0x100 C:\Espressif\ESP8266_RTOS_SDK/lib\liblwip.a(sockets.o)
                0x3ffeb0f0                DefSocketCloseFlag
                0x3ffeb0f1                SocketCloseDoneFlag
 .bss           0x3ffeb1f0        0x4 C:\Espressif\ESP8266_RTOS_SDK/lib\libminic.a(minic.o)
 .bss           0x3ffeb1f4        0x4 C:\Espressif\ESP8266_RTOS_SDK/lib\libphy.a(phy.o)
 .bss           0x3ffeb1f8        0x2 C:\Espressif\ESP8266_RTOS_SDK/lib\libphy.a(phy_chip_v6_ana.o)
                0x3ffeb1f8                tout_dis_txpwr_track
                0x3ffeb1f9                sleep_mode_flag
 *fill*         0x3ffeb1fa        0x6 
 .bss           0x3ffeb200      0x158 C:\Espressif\ESP8266_RTOS_SDK/lib\libphy.a(phy_chip_v6.o)
                0x3ffeb200                rxiq_compute_num
                0x3ffeb204                rx_table_renew_en
                0x3ffeb208                check_result
                0x3ffeb20c                chip6_sleep_params
                0x3ffeb2a0                chip6_phy_init_ctrl
                0x3ffeb314                phy_freq_offset
                0x3ffeb316                do_pwctrl_flag
                0x3ffeb317                pwctrl_debug
                0x3ffeb318                txbk_dpdby_flag
                0x3ffeb31a                sw_scan_mode
                0x3ffeb31b                rxmax_ext_level
                0x3ffeb31c                phy_rx_gain_dc_table
                0x3ffeb330                periodic_cal_dc_num
                0x3ffeb334                periodic_cal_flag
                0x3ffeb335                bbpll_cal_flag
                0x3ffeb336                phy_in_most_power
                0x3ffeb337                init_rf_no_cal
                0x3ffeb338                test_print_time
                0x3ffeb33c                phy_rx_gain_dc_flag
                0x3ffeb33d                phy_in_vdd33_offset
                0x3ffeb33e                phy_set_most_tpw_disbg
                0x3ffeb33f                phy_set_most_tpw_index
                0x3ffeb340                adc_rand_noise
                0x3ffeb344                dpd_bypass_original
                0x3ffeb348                noise_array
 .bss           0x3ffeb358        0x8 C:\Espressif\ESP8266_RTOS_SDK/lib\libphy.a(phy_chip_v6_cal.o)
                0x3ffeb358                phy_tx_power_out
                0x3ffeb35a                loop_pwctrl_pwdet_error_accum_high_power
                0x3ffeb35c                tx_pwctrl_pk_num
                0x3ffeb35d                tx_pwctrl_track_num
                0x3ffeb35e                loop_pwctrl_correct_atten_high_power
                0x3ffeb35f                rxiq_cover_fail_num
 .bss           0x3ffeb360        0x7 C:\Espressif\ESP8266_RTOS_SDK/lib\libphy.a(phy_sleep.o)
                0x3ffeb360                periodic_cal_sat
                0x3ffeb362                lslp_mem_opt_8266
                0x3ffeb364                software_slp_reject
                0x3ffeb365                SDIO_slp_reject
                0x3ffeb366                hardware_reject
 *fill*         0x3ffeb367        0x9 
 .bss           0x3ffeb370       0x30 C:\Espressif\ESP8266_RTOS_SDK/lib\libpp.a(if_hwctrl.o)
                0x3ffeb370                interface_mask
                0x3ffeb380                if_ctrl
 .bss           0x3ffeb3a0      0x150 C:\Espressif\ESP8266_RTOS_SDK/lib\libpp.a(lmac.o)
                0x3ffeb3a4                lmacConfMib
 .bss           0x3ffeb4f0      0x14a C:\Espressif\ESP8266_RTOS_SDK/lib\libpp.a(pm.o)
                0x3ffeb5ec                flash_tmp
                0x3ffeb5f0                CCOMPARE_AddVal
 *fill*         0x3ffeb63a        0x2 
 .bss           0x3ffeb63c       0x48 C:\Espressif\ESP8266_RTOS_SDK/lib\libpp.a(pm_for_bcn_only_mode.o)
 *fill*         0x3ffeb684        0xc 
 .bss           0x3ffeb690      0x3c2 C:\Espressif\ESP8266_RTOS_SDK/lib\libpp.a(pp.o)
                0x3ffeb690                wdt_ini_flag
                0x3ffeb691                pp_soft_wdt_count
                0x3ffeb6b8                pend_flag_noise_check
                0x3ffeb6c0                pend_flag_periodic_cal
                0x3ffeb6e0                idle_timer_reopen_flag
                0x3ffeb6e9                dbg_stop_sw_wdt
                0x3ffeb6ea                dbg_stop_hw_wdt
                0x3ffeb6ec                HighestFreqOffsetInOneChk
                0x3ffeb6ee                LowestFreqOffsetInOneChk
                0x3ffeb6f0                DefFreqCalTimer
                0x3ffeb70c                PktNumInOneChk
 *fill*         0x3ffeba52        0xe 
 .bss           0x3ffeba60      0x100 C:\Espressif\ESP8266_RTOS_SDK/lib\libpp.a(rate_control.o)
 .bss           0x3ffebb60      0x46c C:\Espressif\ESP8266_RTOS_SDK/lib\libpp.a(trc.o)
 *fill*         0x3ffebfcc        0x4 
 .bss           0x3ffebfd0     0x2f68 C:\Espressif\ESP8266_RTOS_SDK/lib\libpp.a(wdev.o)
                0x3ffebfd0                wDevCtrl
                0x3ffec178                NMIIrqIsOn
                0x3ffec17c                WdevTimOffSet
 *fill*         0x3ffeef38        0x8 
 .bss           0x3ffeef40      0x984 C:\Espressif\ESP8266_RTOS_SDK/lib\libpp.a(esf_buf.o)
 .bss           0x3ffef8c4      0x67c C:\Espressif\ESP8266_RTOS_SDK/lib\libnet80211.a(ieee80211.o)
                0x3ffef8c4                g_ic
                0x3ffeff3c                xieee80211Queue
 .bss           0x3ffeff40       0x52 C:\Espressif\ESP8266_RTOS_SDK/lib\libnet80211.a(ieee80211_hostap.o)
                0x3ffeff40                BcnEb_update
                0x3ffeff6c                PendFreeBcnEb
                0x3ffeff70                ApFreqCalTimer
                0x3ffeff8c                APRecvBcnStartTick
 *fill*         0x3ffeff92        0x2 
 .bss           0x3ffeff94       0xe0 C:\Espressif\ESP8266_RTOS_SDK/lib\libnet80211.a(ieee80211_scan.o)
                0x3ffeff94                gScanStruct
                0x3fff0050                connect_scan_flag
                0x3fff0051                FreqCalCntForScan
                0x3fff0052                TestStaFreqCalValInput
                0x3fff0054                auth_type
                0x3fff0056                scannum
 *fill*         0x3fff0074        0x4 
 .bss           0x3fff0078       0x10 C:\Espressif\ESP8266_RTOS_SDK/lib\libnet80211.a(ieee80211_sta.o)
 .bss           0x3fff0088       0x44 C:\Espressif\ESP8266_RTOS_SDK/lib\libnet80211.a(wl_chm.o)
 *fill*         0x3fff00cc        0x4 
 .bss           0x3fff00d0      0x399 C:\Espressif\ESP8266_RTOS_SDK/lib\libnet80211.a(wl_cnx.o)
                0x3fff0448                sta_con_timer
                0x3fff0464                g_cnx_probe_rc_list_cb
                0x3fff0468                reconnect_flag
 *fill*         0x3fff0469        0x3 
 .bss           0x3fff046c       0x10 C:\Espressif\ESP8266_RTOS_SDK/lib\libnet80211.a(ieee80211_action_vendor.o)
 *fill*         0x3fff047c        0x4 
 .bss           0x3fff0480      0x26a C:\Espressif\ESP8266_RTOS_SDK/lib\libwpa.a(wpa.o)
 *fill*         0x3fff06ea        0x6 
 .bss           0x3fff06f0       0x10 C:\Espressif\ESP8266_RTOS_SDK/lib\liblwip.a(ethernetif.o)
 .bss           0x3fff0700        0x8 C:\Espressif\ESP8266_RTOS_SDK/lib\libnet80211.a(ieee80211_crypto_tkip.o)
 *(.bss.*)
 .bss.mqtt      0x3fff0708      0x49c out/build/app_app.a(application.o)
                0x3fff0708                mqtt
 .bss.mqttMessage
                0x3fff0ba4        0x8 out/build/app_app.a(application.o)
                0x3fff0ba4                mqttMessage
 .bss.mac       0x3fff0bac        0x8 out/build/app_app.a(application.o)
                0x3fff0bac                mac
 *fill*         0x3fff0bb4        0x4 
 .bss.procTimer
                0x3fff0bb8       0x38 out/build/app_app.a(application.o)
                0x3fff0bb8                procTimer
 .bss.connectionTimer
                0x3fff0bf0       0x38 out/build/app_app.a(application.o)
                0x3fff0bf0                connectionTimer
 .bss.messageTimer
                0x3fff0c28       0x38 out/build/app_app.a(application.o)
                0x3fff0c28                messageTimer
 .bss.disconnectTimer
                0x3fff0c60       0x38 out/build/app_app.a(application.o)
                0x3fff0c60                disconnectTimer
 .bss.debounceTimer
                0x3fff0c98       0x38 out/build/app_app.a(application.o)
                0x3fff0c98                debounceTimer
 .bss.configMode
                0x3fff0cd0        0x1 out/build/app_app.a(application.o)
                0x3fff0cd0                configMode
 *fill*         0x3fff0cd1        0x7 
 .bss.configTimer
                0x3fff0cd8       0x38 out/build/app_app.a(application.o)
                0x3fff0cd8                configTimer
 .bss._ZL11INADDR_NONE
                0x3fff0d10        0x4 out/build/app_app.a(application.o)
 .bss.curve     0x3fff0d14        0x4 out/build/app_app.a(Ecdsa.o)
                0x3fff0d14                curve
 .bss.sig       0x3fff0d18       0x30 out/build/app_app.a(Ecdsa.o)
                0x3fff0d18                sig
 .bss.dataHash  0x3fff0d48       0x14 out/build/app_app.a(Ecdsa.o)
                0x3fff0d48                dataHash
 .bss.devicePublic
                0x3fff0d5c       0x30 out/build/app_app.a(Ecdsa.o)
                0x3fff0d5c                devicePublic
 .bss.devicePrivate
                0x3fff0d8c       0x18 out/build/app_app.a(Ecdsa.o)
                0x3fff0d8c                devicePrivate
 .bss.http2     0x3fff0da4       0x7c out/build/app_app.a(Ecdsa.o)
                0x3fff0da4                http2
 .bss.http      0x3fff0e20       0x7c out/build/app_app.a(Ecdsa.o)
                0x3fff0e20                http
 .bss._ZL11INADDR_NONE
                0x3fff0e9c        0x4 out/build/app_app.a(Ecdsa.o)
 .bss.blinkRedTimer
                0x3fff0ea0       0x38 out/build/app_app.a(Led.o)
                0x3fff0ea0                blinkRedTimer
 .bss.blinkGreenTimer
                0x3fff0ed8       0x38 out/build/app_app.a(Led.o)
                0x3fff0ed8                blinkGreenTimer
 .bss._ZL11INADDR_NONE
                0x3fff0f10        0x4 out/build/app_app.a(Led.o)
 .bss.Serial    0x3fff0f14       0x24 c:/tools/SmingRTOS/sming/compiler/lib/\libsming.a(HardwareSerial.o)
                0x3fff0f14                Serial
 .bss._ZN14HardwareSerial18serialDelegateTaskE
                0x3fff0f38        0x4 c:/tools/SmingRTOS/sming/compiler/lib/\libsming.a(HardwareSerial.o)
                0x3fff0f38                HardwareSerial::serialDelegateTask
 .bss._ZN14HardwareSerial19serialDelegateQueueE
                0x3fff0f3c        0x4 c:/tools/SmingRTOS/sming/compiler/lib/\libsming.a(HardwareSerial.o)
                0x3fff0f3c                HardwareSerial::serialDelegateQueue
 .bss._ZN14HardwareSerial21hardwareSerialObjectsE
                0x3fff0f40        0x8 c:/tools/SmingRTOS/sming/compiler/lib/\libsming.a(HardwareSerial.o)
                0x3fff0f40                HardwareSerial::hardwareSerialObjects
 .bss._ZL11INADDR_NONE
                0x3fff0f48        0x4 c:/tools/SmingRTOS/sming/compiler/lib/\libsming.a(HardwareSerial.o)
 .bss._delegateFunctionList
                0x3fff0f4c       0x40 c:/tools/SmingRTOS/sming/compiler/lib/\libsming.a(Interrupts.o)
                0x3fff0f4c                _delegateFunctionList
 .bss._ZZN6StringixEjE19dummy_writable_char
                0x3fff0f8c        0x1 c:/tools/SmingRTOS/sming/compiler/lib/\libsming.a(WString.o)
 *fill*         0x3fff0f8d        0x3 
 .bss.WifiAccessPoint
                0x3fff0f90        0x8 c:/tools/SmingRTOS/sming/compiler/lib/\libsming.a(AccessPoint.o)
                0x3fff0f90                WifiAccessPoint
 .bss._ZL11INADDR_NONE
                0x3fff0f98        0x4 c:/tools/SmingRTOS/sming/compiler/lib/\libsming.a(AccessPoint.o)
 .bss.WifiStation
                0x3fff0f9c       0x24 c:/tools/SmingRTOS/sming/compiler/lib/\libsming.a(Station.o)
                0x3fff0f9c                WifiStation
 .bss._ZL11INADDR_NONE
                0x3fff0fc0        0x4 c:/tools/SmingRTOS/sming/compiler/lib/\libsming.a(Station.o)
 .bss._ZL11INADDR_NONE
                0x3fff0fc4        0x4 c:/tools/SmingRTOS/sming/compiler/lib/\libsming.a(HttpClient.o)
 .bss._ZL11INADDR_NONE
                0x3fff0fc8        0x4 c:/tools/SmingRTOS/sming/compiler/lib/\libsming.a(MqttClient.o)
 .bss._ZL11INADDR_NONE
                0x3fff0fcc        0x4 c:/tools/SmingRTOS/sming/compiler/lib/\libsming.a(TcpClient.o)
 .bss._ZL11INADDR_NONE
                0x3fff0fd0        0x4 c:/tools/SmingRTOS/sming/compiler/lib/\libsming.a(TcpConnection.o)
 .bss._ZL11INADDR_NONE
                0x3fff0fd4        0x4 c:/tools/SmingRTOS/sming/compiler/lib/\libsming.a(CommandExecutor.o)
 .bss.commandHandler
                0x3fff0fd8       0x1c c:/tools/SmingRTOS/sming/compiler/lib/\libsming.a(CommandHandler.o)
                0x3fff0fd8                commandHandler
 .bss._ZL11INADDR_NONE
                0x3fff0ff4        0x4 c:/tools/SmingRTOS/sming/compiler/lib/\libsming.a(CommandHandler.o)
 .bss._ZL11INADDR_NONE
                0x3fff0ff8        0x4 c:/tools/SmingRTOS/sming/compiler/lib/\libsming.a(CommandOutput.o)
 .bss._ZN11ArduinoJson10JsonObject8_invalidE
                0x3fff0ffc        0x8 c:/tools/SmingRTOS/sming/compiler/lib/\libsming.a(ArduinoJson.o)
                0x3fff0ffc                ArduinoJson::JsonObject::_invalid
 .bss._ZN11ArduinoJson9JsonArray8_invalidE
                0x3fff1004        0x8 c:/tools/SmingRTOS/sming/compiler/lib/\libsming.a(ArduinoJson.o)
                0x3fff1004                ArduinoJson::JsonArray::_invalid
 .bss._ZL11INADDR_NONE
                0x3fff100c        0x4 c:/tools/SmingRTOS/sming/compiler/lib/\libsming.a(DataSourceStream.o)
 .bss.SystemClock
                0x3fff1010       0x18 c:/tools/SmingRTOS/sming/compiler/lib/\libsming.a(SystemClock.o)
                0x3fff1010                SystemClock
 .bss._ZL11INADDR_NONE
                0x3fff1028        0x4 c:/tools/SmingRTOS/sming/compiler/lib/\libsming.a(SystemClock.o)
 .bss.RTC       0x3fff102c        0x1 c:/tools/SmingRTOS/sming/compiler/lib/\libsming.a(RTC.o)
                0x3fff102c                RTC
 .bss._ZL11INADDR_NONE
                0x3fff102d        0x4 c:/tools/SmingRTOS/sming/compiler/lib/\libsming.a(WebSocket.o)
 .bss._ZL11INADDR_NONE
                0x3fff1031        0x4 c:/tools/SmingRTOS/sming/compiler/lib/\libsming.a(CommandDelegate.o)
 .bss._ZL11INADDR_NONE
                0x3fff1035        0x4 c:/tools/SmingRTOS/sming/compiler/lib/\libsming.a(HttpRequest.o)
 .bss._ZL11INADDR_NONE
                0x3fff1039        0x4 c:/tools/SmingRTOS/sming/compiler/lib/\libsming.a(HttpResponse.o)
 .bss._ZL11INADDR_NONE
                0x3fff103d        0x4 c:/tools/SmingRTOS/sming/compiler/lib/\libsming.a(HttpServer.o)
 .bss._ZL11INADDR_NONE
                0x3fff1041        0x4 c:/tools/SmingRTOS/sming/compiler/lib/\libsming.a(HttpServerConnection.o)
 .bss._ZL11INADDR_NONE
                0x3fff1045        0x4 c:/tools/SmingRTOS/sming/compiler/lib/\libsming.a(TcpServer.o)
 *fill*         0x3fff1049        0x3 
 .bss.g_rng_function
                0x3fff104c        0x4 c:/tools/SmingRTOS/sming/compiler/lib/\libsecurity.a(uECC.o)
 *(.gnu.linkonce.b.*)
 *(COMMON)
 COMMON         0x3fff1050       0x70 c:/tools/SmingRTOS/sming/compiler/lib/\libsming.a(spiffs_sming.o)
                0x3fff1050                _filesystemStorageHandle
                0x3fff10c0                . = ALIGN (0x8)
                0x3fff10c0                _bss_end = ABSOLUTE (.)
                0x3fff10c0                _heap_start = ABSOLUTE (.)

.text           0x40100000     0x6be8
                0x40100000                _stext = .
                0x40100000                _text_start = ABSOLUTE (.)
 *(.UserEnter.text)
 .UserEnter.text
                0x40100000        0xd C:\Espressif\ESP8266_RTOS_SDK/lib\libmain.a(xtensa_vectors.o)
                                 0x14 (size before relaxing)
                0x40100004                call_user_start
                0x40100010                . = ALIGN (0x10)
 *fill*         0x4010000d        0x3 
 *(.DebugExceptionVector.text)
 .DebugExceptionVector.text
                0x40100010        0x9 C:\Espressif\ESP8266_RTOS_SDK/lib\libmain.a(xtensa_vectors.o)
                                 0x10 (size before relaxing)
                0x40100010                _DebugExceptionVector
                0x40100020                . = ALIGN (0x10)
 *fill*         0x40100019        0x7 
 *(.NMIExceptionVector.text)
 .NMIExceptionVector.text
                0x40100020        0x6 C:\Espressif\ESP8266_RTOS_SDK/lib\libmain.a(xtensa_vectors.o)
                                  0xd (size before relaxing)
                0x40100020                _NMIExceptionVector
                0x40100030                . = ALIGN (0x10)
 *fill*         0x40100026        0xa 
 *(.KernelExceptionVector.text)
 .KernelExceptionVector.text
                0x40100030        0x6 C:\Espressif\ESP8266_RTOS_SDK/lib\libmain.a(xtensa_vectors.o)
                                  0xd (size before relaxing)
                0x40100030                _KernelExceptionVector
                0x40100036        0x4 LONG 0x0
                0x4010003a        0x4 LONG 0x0
                0x4010003e        0x4 LONG 0x0
                0x40100042        0x4 LONG 0x0
                0x40100050                . = ALIGN (0x10)
 *fill*         0x40100046        0xa 
 *(.UserExceptionVector.text)
 .UserExceptionVector.text
                0x40100050        0x6 C:\Espressif\ESP8266_RTOS_SDK/lib\libmain.a(xtensa_vectors.o)
                                  0xd (size before relaxing)
                0x40100050                _UserExceptionVector
                0x40100056        0x4 LONG 0x0
                0x4010005a        0x4 LONG 0x0
                0x4010005e        0x4 LONG 0x0
                0x40100062        0x4 LONG 0x0
                0x40100070                . = ALIGN (0x10)
 *fill*         0x40100066        0xa 
 *(.DoubleExceptionVector.text)
 .DoubleExceptionVector.text
                0x40100070        0x9 C:\Espressif\ESP8266_RTOS_SDK/lib\libmain.a(xtensa_vectors.o)
                                 0x10 (size before relaxing)
                0x40100070                _DoubleExceptionVector
                0x40100079        0x4 LONG 0x0
                0x4010007d        0x4 LONG 0x0
                0x40100081        0x4 LONG 0x0
                0x40100085        0x4 LONG 0x0
                0x40100090                . = ALIGN (0x10)
 *fill*         0x40100089        0x7 
 *(.entry.text)
 *(.init.literal)
 *(.init)
 *(.literal .text .stub .gnu.warning .gnu.linkonce.literal.* .gnu.linkonce.t.*.literal .gnu.linkonce.t.*)
 .text          0x40100090      0x1da C:\Espressif\ESP8266_RTOS_SDK/lib\libmain.a(xtensa_vectors.o)
                                0x212 (size before relaxing)
                0x40100138                _xt_user_exit
 *fill*         0x4010026a        0x2 
 .text          0x4010026c      0x41e C:\Espressif\ESP8266_RTOS_SDK/lib\libmain.a(app_main.o)
                                0x456 (size before relaxing)
                0x40100274                Cache_Read_Enable_New
                0x401003f4                user_fatal_exception_handler
                0x401004cc                do_global_ctors
                0x40100534                user_start
 *fill*         0x4010068a        0x2 
 .text          0x4010068c      0x516 C:\Espressif\ESP8266_RTOS_SDK/lib\libmain.a(printf-stdarg.o)
                                0x536 (size before relaxing)
                0x4010068c                putchar
                0x40100844                print
                0x40100ab8                ets_printf
                0x40100ab8                printf
                0x40100b8c                puts
 *fill*         0x40100ba2        0x2 
 .text          0x40100ba4      0x3f8 C:\Espressif\ESP8266_RTOS_SDK/lib\libmain.a(spi_flash.o)
                                0x4e4 (size before relaxing)
                0x40100ba8                SPIWrite
                0x40100c84                SPIRead
                0x40100cb4                SPIEraseSector
                0x40100cfc                Cache_Read_Disable_2
                0x40100d3c                Cache_Read_Enable_2
                0x40100d78                spi_flash_get_id
                0x40100de8                spi_flash_read_status
                0x40100e28                spi_flash_write_status
                0x40100ea8                spi_flash_erase_sector
                0x40100eec                spi_flash_write
                0x40100f54                spi_flash_read
 .text          0x40100f9c      0x312 C:\Espressif\ESP8266_RTOS_SDK/lib\libmain.a(user_interface.o)
                                0x37e (size before relaxing)
                0x40100fd0                system_restart_in_nmi
                0x401011bc                wifi_set_user_rate_limit
                0x40101200                system_rtc_mem_write
                0x40101258                system_rtc_mem_read
 *fill*         0x401012ae        0x2 
 .text          0x401012b0      0x187 C:\Espressif\ESP8266_RTOS_SDK/lib\libmain.a(os_cpu_a.o)
                                0x1bf (size before relaxing)
                0x401012b0                vPortYield
                0x401012ec                _xt_int_enter
                0x40101304                _xt_int_exit
                0x4010132c                _xt_timer_int
                0x40101360                _xt_timer_int1
                0x4010137c                _xt_tick_timer_init
                0x401013a0                _xt_update_xt_ccompare
                0x401013bc                _xt_set_xt_ccompare_val
                0x401013d4                _xt_isr_unmask
                0x401013f4                _xt_isr_mask
                0x40101418                _xt_read_ints
                0x40101428                _xt_clear_ints
 *fill*         0x40101437        0x1 
 .text          0x40101438      0x28b C:\Espressif\ESP8266_RTOS_SDK/lib\libfreertos.a(heap_4.o)
                                0x2e3 (size before relaxing)
                0x40101438                xPortWantedSizeAlign
                0x40101454                malloc
                0x40101454                pvPortMalloc
                0x40101534                vPortFree
                0x40101534                free
                0x401015c4                calloc
                0x401015c4                pvPortCalloc
                0x401015ec                pvPortZalloc
                0x401015ec                zalloc
                0x40101600                realloc
                0x40101600                pvPortRealloc
 *fill*         0x401016c3        0x1 
 .text          0x401016c4      0x1c9 C:\Espressif\ESP8266_RTOS_SDK/lib\libfreertos.a(port.o)
                                0x225 (size before relaxing)
                0x401016c8                PendSV
                0x4010171c                SoftIsrHdl
                0x4010175c                xPortSysTickHandle
                0x40101774                vPortEnterCritical
                0x40101798                vPortExitCritical
                0x401017c0                PortDisableInt_NoNest
                0x401017e0                PortEnableInt_NoNest
                0x40101800                _xt_isr_handler
 *fill*         0x4010188d        0x3 
 .text          0x40101890       0xc7 C:\Espressif\ESP8266_RTOS_SDK/lib\libfreertos.a(queue.o)
                                 0xd7 (size before relaxing)
                0x40101890                uxQueueMessagesWaitingFromISR
 *fill*         0x40101957        0x1 
 .text          0x40101958      0x2a1 C:\Espressif\ESP8266_RTOS_SDK/lib\libfreertos.a(tasks.o)
                                0x2ed (size before relaxing)
                0x40101968                xTaskIncrementTick
                0x40101ad8                vTaskSwitchContext
                0x40101ba8                vTaskPriorityDisinherit
 *fill*         0x40101bf9        0x3 
 .text          0x40101bfc       0x53 C:\Espressif\ESP8266_RTOS_SDK/lib\libphy.a(phy.o)
                                 0x5f (size before relaxing)
                0x40101c04                register_phy_ops
                0x40101c24                register_get_phy_addr
                0x40101c2c                phy_change_channel
                0x40101c44                phy_get_mactime
 *fill*         0x40101c4f        0x1 
 .text          0x40101c50       0xaa C:\Espressif\ESP8266_RTOS_SDK/lib\libphy.a(phy_chip_v6_cal.o)
                                 0xb2 (size before relaxing)
                0x40101c50                unsign_to_sign
                0x40101c88                phy_get_bb_freqoffset
                0x40101cec                phy_get_bb_evm
 *fill*         0x40101cfa        0x2 
 .text          0x40101cfc       0xf3 C:\Espressif\ESP8266_RTOS_SDK/lib\libphy.a(phy_sleep.o)
                                0x103 (size before relaxing)
                0x40101d0c                pm_rtc_clock_cali
                0x40101dc4                clockgate_watchdog
 *fill*         0x40101def        0x1 
 .text          0x40101df0     0x1694 C:\Espressif\ESP8266_RTOS_SDK/lib\libpp.a(lmac.o)
                               0x1a50 (size before relaxing)
                0x40101df4                lmacIsActive
                0x40101e08                lmacIsIdle
                0x40102288                lmacSetAcParam
                0x4010230c                lmacProcessTXStartData
                0x401024b0                lmacProcessTxSuccess
                0x401025ec                GetAccess
                0x401025f8                lmacDiscardAgedMSDU
                0x4010260c                lmacRecycleMPDU
                0x40102c18                lmacProcessTxTimeout
                0x40102c80                lmacProcessAllTxTimeout
                0x40102c98                lmacProcessCollisions
                0x40102cf8                lmacProcessCollision
                0x40102d7c                lmacMSDUAged
                0x40103108                lmacProcessCtsTimeout
                0x40103150                lmacProcessAckTimeout
                0x401031a4                lmacProcessRtsStart
                0x401031b0                lmacProcessTxRtsError
                0x4010324c                lmacProcessTxError
                0x401032d0                lmacTxFrame
                0x4010346c                lmacRxDone
 .text          0x40103484      0xcbd C:\Espressif\ESP8266_RTOS_SDK/lib\libpp.a(pp.o)
                                0xf51 (size before relaxing)
                0x40103608                ppProcessTxQ
                0x401036c8                ppFetchTxQFirstAvail
                0x4010372c                ppDequeueTxQ
                0x40103778                ppRollBackTxQ
                0x401037bc                ppRecordBarRRC
                0x401037cc                ppTxqUpdateBitmap
                0x401037f4                ppEnqueueTxDone
                0x40103838                ppEnqueueRxq
                0x40103dd4                ppDiscardMPDU
                0x40103e04                MacIsrSigPostDefHdl
                0x40103ee4                pp_post
                0x40104010                ppCalTxop
                0x401040d4                ppCalFrameTimes
 *fill*         0x40104141        0x3 
 .text          0x40104144       0xf5 C:\Espressif\ESP8266_RTOS_SDK/lib\libpp.a(rate_control.o)
                                0x109 (size before relaxing)
                0x40104164                RC_GetAckRate
                0x40104170                RC_GetRtsRate
                0x40104180                RC_GetAckTime
                0x40104194                RC_GetCtsTime
                0x401041cc                RC_GetBlockAckTime
 *fill*         0x40104239        0x3 
 .text          0x4010423c      0x99d C:\Espressif\ESP8266_RTOS_SDK/lib\libpp.a(trc.o)
                                0xa05 (size before relaxing)
                0x4010440c                rcUpdateTxDone
                0x401044a0                rcUpdateRxDone
                0x401044fc                rcUpdateDataRxDone
                0x40104518                rcGetSched
                0x401045fc                rcGetRate
                0x40104b0c                rcReachRetryLimit
                0x40104b24                trc_NeedRTS
 *fill*         0x40104bd9        0x3 
 .text          0x40104bdc     0x1230 C:\Espressif\ESP8266_RTOS_SDK/lib\libpp.a(wdev.o)
                               0x158c (size before relaxing)
                0x40105004                wDev_MacTimSetFunc
                0x40105028                wDev_MacTimArm
                0x401050b8                wDev_MacTim1Arm
                0x40105178                wDev_ProcessFiq
                0x401054f4                wDev_EnableTransmit
                0x4010552c                wDev_DisableTransmit
                0x4010554c                Tx_Copy2Queue
                0x40105594                wDev_ProcessCollision
                0x401055b8                wDev_GetTxqCollisions
                0x401055c8                wDev_ClearTxqCollisions
                0x401055e4                wDev_SetWaitingQueue
                0x4010562c                wDev_ClearWaitingQueue
                0x40105650                wDev_SetFrameAckType
                0x401056b8                wDev_AppendRxBlocks
                0x4010583c                wDev_AppendRxAmpduLensBlocks
                0x40105940                wDev_GetBAInfo
 .text          0x40105e0c       0x7c C:\Espressif\ESP8266_RTOS_SDK/lib\libpp.a(esf_buf.o)
                                 0xa8 (size before relaxing)
                0x40105e10                esf_rx_buf_alloc
 .text          0x40105e88        0xb C:\Espressif\ESP8266_RTOS_SDK/lib\libnet80211.a(wl_chm.o)
                0x40105e8c                chm_get_current_channel
 *fill*         0x40105e93        0x1 
 .text          0x40105e94       0x17 C:\Espressif\ESP8266_RTOS_SDK/lib\libwpa.a(os_xtensa.o)
                                 0x1b (size before relaxing)
                0x40105e98                r_rand
                0x40105e98                os_random
 *fill*         0x40105eab        0x1 
 .text          0x40105eac       0x63 C:\Espressif\ESP8266_RTOS_SDK/lib\libmain.a(routines.o)
                                 0x73 (size before relaxing)
                0x40105eac                __cxa_deleted_virtual
                0x40105eb4                __cxa_pure_virtual
                0x40105ebc                operator delete[](void*)
                0x40105ed0                operator delete(void*)
                0x40105ee4                operator new[](unsigned int)
                0x40105ef8                operator new(unsigned int)
                0x40105f0c                abort
 *fill*         0x40105f0f        0x1 
 .text          0x40105f10       0xf7 c:/tools/SmingRTOS/sming/compiler/lib/\libsming.a(HardwareSerial.o)
                                0x103 (size before relaxing)
                0x40105f28                HardwareSerial::uartReceiveInterruptHandler(void*)
 *fill*         0x40106007        0x1 
 .text          0x40106008      0x33a c:/tools/SmingRTOS/sming/compiler/lib/\libsming.a(Timer.o)
                                0x35a (size before relaxing)
                0x4010600c                Timer::stop()
                0x40106050                Timer::start(bool)
                0x401060c0                Timer::processing(void*)
                0x40106114                Timer::restart()
                0x40106134                Timer::setCallback(void (*)())
                0x4010617c                Timer::setIntervalUs(unsigned long long)
                0x401061f0                Timer::setIntervalMs(unsigned int)
                0x4010621c                Timer::initializeMs(unsigned int, void (*)())
                0x40106244                Timer::initializeUs(unsigned int, void (*)())
                0x40106274                Timer::setCallback(Delegate<void ()>)
                0x401062a4                Timer::initializeMs(unsigned int, Delegate<void ()>)
                0x401062f4                Timer::initializeUs(unsigned int, Delegate<void ()>)
 *fill*         0x40106342        0x2 
 .text          0x40106344      0x318 c:/tools/SmingRTOS/sming/compiler/lib/\libsming.a(WString.o)
                                0x340 (size before relaxing)
                0x40106348                String::compareTo(String const&) const
                0x40106390                String::equals(String const&) const
                0x401063b8                String::equals(char const*) const
                0x40106400                String::setCharAt(unsigned int, char)
                0x40106414                String::operator[](unsigned int) const
                0x4010642c                String::charAt(unsigned int) const
                0x40106440                String::operator[](unsigned int)
                0x40106458                String::invalidate()
                0x40106480                String::changeBuffer(unsigned int)
                0x401064b8                String::concat(char const*, unsigned int)
                0x40106514                String::operator=(String const&)
                0x40106544                String::String(String const&)
                0x40106544                String::String(String const&)
                0x40106560                String::operator=(char const*)
                0x40106594                String::String(char const*)
                0x40106594                String::String(char const*)
                0x401065cc                String::String(char const*, unsigned int)
                0x401065cc                String::String(char const*, unsigned int)
                0x401065f0                String::String(String&&)
                0x401065f0                String::String(String&&)
                0x4010660c                String::String(StringSumHelper&&)
                0x4010660c                String::String(StringSumHelper&&)
                0x4010662c                String::indexOf(char) const
                0x40106648                String::indexOf(String const&) const
 .literal       0x4010665c        0x4 C:\Espressif\ESP8266_RTOS_SDK/lib\libgcc.a(_mulsf3.o)
                                 0x10 (size before relaxing)
 .literal       0x40106660        0x0 C:\Espressif\ESP8266_RTOS_SDK/lib\libgcc.a(_divsf3.o)
                                 0x10 (size before relaxing)
 .literal       0x40106660        0x0 C:\Espressif\ESP8266_RTOS_SDK/lib\libgcc.a(_fixsfsi.o)
                                  0x4 (size before relaxing)
 .literal       0x40106660        0x4 C:\Espressif\ESP8266_RTOS_SDK/lib\libgcc.a(_cmpdf2.o)
                                 0x18 (size before relaxing)
 .text          0x40106664      0x15d C:\Espressif\ESP8266_RTOS_SDK/lib\libgcc.a(_mulsf3.o)
                0x401066dc                __mulsf3
 *fill*         0x401067c1        0x3 
 .text          0x401067c4      0x135 C:\Espressif\ESP8266_RTOS_SDK/lib\libgcc.a(_divsf3.o)
                0x40106840                __divsf3
 *fill*         0x401068f9        0x3 
 .text          0x401068fc       0x40 C:\Espressif\ESP8266_RTOS_SDK/lib\libgcc.a(_fixsfsi.o)
                0x401068fc                __fixsfsi
 .text          0x4010693c      0x169 C:\Espressif\ESP8266_RTOS_SDK/lib\libgcc.a(_cmpdf2.o)
                0x4010693c                __nedf2
                0x4010693c                __eqdf2
                0x4010696c                __gtdf2
                0x40106990                __ledf2
                0x401069f4                __gedf2
                0x40106a18                __ltdf2
                0x40106a7c                __unorddf2
 *fill*         0x40106aa5        0x0 
 *fill*         0x40106aa5        0x0 
 *fill*         0x40106aa5        0x0 
 *fill*         0x40106aa5        0x0 
 *fill*         0x40106aa5        0x3 
 .text          0x40106aa8       0x3d C:\Espressif\ESP8266_RTOS_SDK/lib\libmain.a(xtensa_context.o)
                0x40106aa8                _xt_context_save
                0x40106ac4                _xt_context_restore
 *fill*         0x40106ae5        0x0 
 *fill*         0x40106ae5        0x0 
 *fill*         0x40106ae5        0x0 
 *fill*         0x40106ae5        0x0 
 *fill*         0x40106ae5        0x3 
 .text          0x40106ae8       0x37 C:\Espressif\ESP8266_RTOS_SDK/lib\libfreertos.a(list.o)
                0x40106ae8                vListInsertEnd
                0x40106b00                uxListRemove
 *fill*         0x40106b1f        0x1 
 .text          0x40106b20       0x49 C:\Espressif\ESP8266_RTOS_SDK/lib\libgcc.a(_modsi3.o)
                0x40106b20                __modsi3
 *fill*         0x40106b69        0x3 
 .text          0x40106b6c       0x20 c:/espressif/xtensa-lx106-elf/bin/../lib/gcc/xtensa-lx106-elf/5.1.0/../../../../xtensa-lx106-elf/lib\libhal.a(clock.o)
                0x40106b6c                xthal_get_ccount
                0x40106b74                xthal_set_ccompare
                0x40106b80                xthal_get_ccompare
 .text          0x40106b8c        0x5 c:/espressif/xtensa-lx106-elf/bin/../lib/gcc/xtensa-lx106-elf/5.1.0/../../../../xtensa-lx106-elf/lib\libhal.a(int_asm--set_intset.o)
                0x40106b8c                xthal_set_intset
 *fill*         0x40106b91        0x0 
 *fill*         0x40106b91        0x0 
 *fill*         0x40106b91        0x0 
 *fill*         0x40106b91        0x0 
 *fill*         0x40106b91        0x0 
 *fill*         0x40106b91        0x0 
 *fill*         0x40106b91        0x3 
 .text          0x40106b94       0x25 C:\Espressif\ESP8266_RTOS_SDK/lib\libnet80211.a(ieee80211_hostap.o)
 *fill*         0x40106bb9        0x0 
 *fill*         0x40106bb9        0x0 
 *fill*         0x40106bb9        0x3 
 .text          0x40106bbc       0x11 C:\Espressif\ESP8266_RTOS_SDK/lib\libwpa.a(wpa_auth.o)
 *fill*         0x40106bcd        0x0 
 *fill*         0x40106bcd        0x0 
 *fill*         0x40106bcd        0x0 
 *fill*         0x40106bcd        0x3 
 .text          0x40106bd0       0x18 C:\Espressif\ESP8266_RTOS_SDK/lib\libgcc.a(_ashrdi3.o)
                0x40106bd0                __ashrdi3
 *fill*         0x40106be8        0x0 
 *fill*         0x40106be8        0x0 
 *(.fini.literal)
 *(.fini)
 *(.gnu.version)
                0x40106be8                _text_end = ABSOLUTE (.)
                0x40106be8                _etext = .

.lit4           0x40106be8        0x0
                0x40106be8                _lit4_start = ABSOLUTE (.)
 *(*.lit4)
 *(.lit4.*)
 *(.gnu.linkonce.lit4.*)
                0x40106be8                _lit4_end = ABSOLUTE (.)

.irom0.text     0x4020a000    0x4651f
                0x4020a000                _irom0_text_start = ABSOLUTE (.)
 *(.irom0.literal .irom.literal .irom.text.literal .irom0.text .irom.text)
 .irom0.text    0x4020a000      0x8ae C:\Espressif\ESP8266_RTOS_SDK/lib\libmain.a(app_main.o)
                                0xa5a (size before relaxing)
                0x4020a1e8                user_uart_wait_tx_fifo_empty
                0x4020a320                uart_rx_one_char
                0x4020a344                wdt_init
                0x4020a3e0                user_init_task
                0x4020a85c                vApplicationStackOverflowHook
                0x4020a890                vApplicationTickHook
 *fill*         0x4020a8ae        0x2 
 .irom0.text    0x4020a8b0      0x437 C:\Espressif\ESP8266_RTOS_SDK/lib\libmain.a(ets_timer.o)
                                0x4f3 (size before relaxing)
                0x4020a96c                os_timer_setfn
                0x4020a96c                ets_timer_setfn
                0x4020aa00                ets_timer_disarm
                0x4020aa00                os_timer_disarm
                0x4020aa5c                ets_timer_arm_ms_us
                0x4020aadc                os_timer_arm_us
                0x4020aadc                ets_timer_arm_us
                0x4020aaf0                os_timer_arm
                0x4020aaf0                ets_timer_arm
                0x4020ab04                ets_timer_done
                0x4020ab34                ets_timer_handler_isr
                0x4020ac60                ets_timer_init
 *fill*         0x4020ace7        0x1 
 .irom0.text    0x4020ace8       0xf7 C:\Espressif\ESP8266_RTOS_SDK/lib\libmain.a(misc.o)
                                0x10b (size before relaxing)
                0x4020acf0                ets_delay_us
                0x4020acf0                os_delay_us
                0x4020ad24                ets_update_cpu_frequency
                0x4020ad24                os_update_cpu_frequency
                0x4020ad2c                os_get_cpu_frequency
                0x4020ad38                os_install_putc1
                0x4020ad40                os_putc
                0x4020ad58                gpio_output_set
                0x4020ad7c                rtc_get_reset_reason
                0x4020adc4                bit_popcount
 *fill*         0x4020addf        0x1 
 .irom0.text    0x4020ade0       0x46 C:\Espressif\ESP8266_RTOS_SDK/lib\libmain.a(uart.o)
                                 0x4e (size before relaxing)
                0x4020ade0                uart_buff_switch
                0x4020adec                uart_div_modify
                0x4020ae24                Uart_Init
 *fill*         0x4020ae26        0x2 
 .irom0.text    0x4020ae28     0x30a1 C:\Espressif\ESP8266_RTOS_SDK/lib\libmain.a(user_interface.o)
                               0x3b25 (size before relaxing)
                0x4020aff8                system_pp_recycle_rx_pkt
                0x4020b00c                system_adc_read
                0x4020b024                system_get_vdd33
                0x4020b040                system_restart
                0x4020b094                system_restore
                0x4020b0ec                system_get_flash_size_map
                0x4020b10c                system_get_boot_version
                0x4020b144                system_get_test_result
                0x4020b16c                system_get_userbin_addr
                0x4020b204                system_get_boot_mode
                0x4020b234                system_restart_enhance
                0x4020b360                system_upgrade_userbin_set
                0x4020b3ac                system_upgrade_userbin_check
                0x4020b3ec                system_upgrade_flag_set
                0x4020b400                system_upgrade_flag_check
                0x4020b428                system_upgrade_reboot
                0x4020b550                system_deep_sleep_instant
                0x4020b6e8                system_deep_sleep
                0x4020b73c                system_deep_sleep_set_option
                0x4020b758                system_phy_temperature_alert
                0x4020b76c                system_phy_set_max_tpw
                0x4020b780                system_phy_set_tpw_via_vdd33
                0x4020b794                system_phy_set_rfoption
                0x4020b7a8                system_update_cpu_freq
                0x4020b800                system_get_cpu_freq
                0x4020b81c                system_overclock
                0x4020b848                system_restoreclock
                0x4020b87c                system_get_time
                0x4020b890                system_relative_time
                0x4020b8ac                system_station_got_ip_set
                0x4020b9d8                system_print_meminfo
                0x4020ba38                system_get_free_heap_size
                0x4020ba50                system_get_chip_id
                0x4020ba74                system_rtc_clock_cali_proc
                0x4020ba88                system_get_rtc_time
                0x4020ba94                system_get_rst_info
                0x4020ba9c                system_get_data_of_array_8
                0x4020bac0                system_get_data_of_array_16
                0x4020baec                system_get_string_from_flash
                0x4020bb58                wifi_get_netif
                0x4020bb78                wifi_softap_dhcps_start
                0x4020bbd4                wifi_softap_dhcps_stop
                0x4020bc28                wifi_softap_dhcps_status
                0x4020bc30                wifi_station_dhcpc_start
                0x4020bca0                wifi_station_dhcpc_stop
                0x4020bcf8                wifi_station_dhcpc_event
                0x4020bd58                wifi_station_dhcpc_set_maxtry
                0x4020bd68                wifi_station_dhcpc_status
                0x4020bde0                wifi_get_opmode
                0x4020bdf4                wifi_get_opmode_default
                0x4020bf28                wifi_set_opmode
                0x4020bf3c                wifi_set_opmode_current
                0x4020bf50                system_get_checksum
                0x4020bf90                wifi_param_save_protect_with_check
                0x4020c014                system_param_save_with_protect
                0x4020c0b0                system_save_sys_param
                0x4020c0d8                system_param_load
                0x4020c208                wifi_station_get_config
                0x4020c21c                wifi_station_get_config_default
                0x4020c23c                wifi_station_get_ap_info
                0x4020c304                wifi_station_ap_number_set
                0x4020c614                wifi_station_set_config
                0x4020c628                wifi_station_set_config_current
                0x4020c63c                wifi_station_get_current_ap_id
                0x4020c650                wifi_station_ap_check
                0x4020c688                wifi_station_ap_change
                0x4020c7b0                wifi_station_scan
                0x4020c810                wifi_station_get_auto_connect
                0x4020c824                wifi_station_set_auto_connect
                0x4020c874                wifi_station_connect
                0x4020c920                wifi_station_disconnect
                0x4020ca04                wifi_station_get_connect_status
                0x4020ca34                wifi_station_set_reconnect_policy
                0x4020ca40                wifi_station_get_reconnect_policy
                0x4020ca48                wifi_station_get_rssi
                0x4020ca8c                wifi_softap_cacl_mac
                0x4020cb00                wifi_softap_set_default_ssid
                0x4020cce0                wifi_softap_get_config
                0x4020ccf4                wifi_softap_get_config_default
                0x4020cf80                wifi_softap_set_config
                0x4020cf94                wifi_softap_set_config_current
                0x4020cfa8                wifi_softap_set_station_info
                0x4020d01c                wifi_softap_get_station_info
                0x4020d0e0                wifi_softap_free_station_info
                0x4020d130                wifi_softap_get_station_num
                0x4020d184                wifi_softap_deauth
                0x4020d250                wifi_register_user_ie_manufacturer_recv_cb
                0x4020d264                wifi_unregister_user_ie_manufacturer_recv_cb
                0x4020d288                wifi_set_user_ie
                0x4020d388                wifi_get_user_ie
                0x4020d3bc                wifi_get_phy_mode
                0x4020d3c4                wifi_set_phy_mode
                0x4020d498                wifi_set_sleep_type
                0x4020d4b4                wifi_get_sleep_type
                0x4020d4cc                wifi_get_channel
                0x4020d500                wifi_set_channel
                0x4020d584                wifi_promiscuous_set_mac
                0x4020d5f4                wifi_promiscuous_enable
                0x4020d6ec                wifi_set_promiscuous_rx_cb
                0x4020d6fc                wifi_get_ip_info
                0x4020d78c                wifi_set_ip_info
                0x4020d820                wifi_create_linklocal_ip
                0x4020d850                wifi_get_linklocal_ip
                0x4020d884                wifi_get_ipinfo_v6
                0x4020d8c0                wifi_get_macaddr
                0x4020d92c                wifi_set_macaddr
                0x4020da5c                wifi_enable_6m_rate
                0x4020da80                wifi_get_user_fixed_rate
                0x4020dac0                wifi_set_user_fixed_rate
                0x4020db00                wifi_set_user_sup_rate
                0x4020db4c                wifi_get_user_limit_rate_mask
                0x4020db70                wifi_set_user_limit_rate_mask
                0x4020dba4                wifi_register_send_pkt_freedom_cb
                0x4020dbd4                wifi_unregister_send_pkt_freedom_cb
                0x4020dbf4                wifi_send_pkt_freedom
                0x4020dc54                wifi_rfid_locp_recv_open
                0x4020dc78                wifi_rfid_locp_recv_close
                0x4020dc98                wifi_register_rfid_locp_recv_cb
                0x4020dcc0                wifi_unregister_rfid_locp_recv_cb
                0x4020dce0                wifi_status_led_install
                0x4020dd38                wifi_status_led_uninstall
                0x4020dd6c                wifi_set_status_led_output_level
                0x4020ddbc                wifi_set_event_handler_cb
                0x4020de2c                system_uart_swap
                0x4020de8c                system_uart_de_swap
                0x4020dec4                system_get_sdk_version
 *fill*         0x4020dec9        0x3 
 .irom0.text    0x4020decc        0xe C:\Espressif\ESP8266_RTOS_SDK/lib\libfreertos.a(heap_4.o)
                0x4020ded0                xPortGetFreeHeapSize
                0x4020ded8                vPortInitialiseBlocks
 *fill*         0x4020deda        0x2 
 .irom0.text    0x4020dedc       0x9c C:\Espressif\ESP8266_RTOS_SDK/lib\libfreertos.a(port.o)
                                 0xa8 (size before relaxing)
                0x4020dee0                pxPortInitialiseStack
                0x4020df20                xPortStartScheduler
                0x4020df5c                vPortEndScheduler
                0x4020df60                ResetCcountVal
                0x4020df6c                _xt_isr_attach
 .irom0.text    0x4020df78      0x757 C:\Espressif\ESP8266_RTOS_SDK/lib\libfreertos.a(queue.o)
                                0x8a7 (size before relaxing)
                0x4020df78                xQueueGenericReset
                0x4020e008                xQueueGenericCreate
                0x4020e068                xQueueCreateMutex
                0x4020e0c4                xQueueGiveMutexRecursive
                0x4020e0fc                xQueueTakeMutexRecursive
                0x4020e13c                xQueueCreateCountingSemaphore
                0x4020e160                xQueueGenericSend
                0x4020e270                xQueueGenericSendFromISR
                0x4020e2e4                xQueueGenericReceive
                0x4020e448                xQueueReceiveFromISR
                0x4020e4b8                xQueuePeekFromISR
                0x4020e4e8                uxQueueMessagesWaiting
                0x4020e510                vQueueDelete
                0x4020e620                xQueueIsQueueEmptyFromISR
                0x4020e664                xQueueIsQueueFullFromISR
                0x4020e678                vQueueWaitForMessageRestricted
 *fill*         0x4020e6cf        0x1 
 .irom0.text    0x4020e6d0      0xbe6 C:\Espressif\ESP8266_RTOS_SDK/lib\libfreertos.a(tasks.o)
                                0xe3e (size before relaxing)
                0x4020e6dc                xTaskGenericCreate
                0x4020e7e4                vTaskDelete
                0x4020e85c                vTaskDelayUntil
                0x4020e8c8                vTaskDelay
                0x4020e910                uxTaskPriorityGet
                0x4020e93c                vTaskPrioritySet
                0x4020ea10                vTaskSuspend
                0x4020ea94                xTaskIsTaskSuspended
                0x4020eab8                vTaskResume
                0x4020eb38                xTaskResumeFromISR
                0x4020ebc8                vTaskStartScheduler
                0x4020ec28                vTaskEndScheduler
                0x4020ec4c                vTaskSuspendAll
                0x4020ec64                prvGetExpectedIdleTime
                0x4020ec94                xTaskResumeAll
                0x4020ed90                xTaskGetTickCount
                0x4020edb4                xTaskGetTickCountFromISR
                0x4020edc0                uxTaskGetNumberOfTasks
                0x4020edcc                xTaskGetIdleTaskHandle
                0x4020edd4                vTaskStepTick
                0x4020ede8                vTaskPlaceOnEventList
                0x4020ee40                vTaskPlaceOnEventListRestricted
                0x4020ee80                xTaskRemoveFromEventList
                0x4020ef00                vTaskSetTimeOutState
                0x4020ef14                xTaskCheckForTimeOut
                0x4020ef70                vTaskMissedYield
                0x4020efa0                eTaskConfirmSleepModeStatus
                0x4020f1c8                uxTaskGetStackHighWaterMark
                0x4020f208                xTaskGetCurrentTaskHandle
                0x4020f214                xTaskGetSchedulerState
                0x4020f234                vTaskPriorityInherit
 *fill*         0x4020f2b6        0x2 
 .irom0.text    0x4020f2b8      0x40c C:\Espressif\ESP8266_RTOS_SDK/lib\libfreertos.a(timers.o)
                                0x4d0 (size before relaxing)
                0x4020f2c8                xTimerCreateTimerTask
                0x4020f318                xTimerCreate
                0x4020f36c                xTimerGenericCommand
                0x4020f3c8                xTimerGetTimerDaemonTaskHandle
                0x4020f698                xTimerIsTimerActive
                0x4020f6c0                pvTimerGetTimerID
 .irom0.text    0x4020f6c4     0x139e C:\Espressif\ESP8266_RTOS_SDK/lib\liblwip.a(dhcp.o)
                               0x156a (size before relaxing)
                0x4020f918                dhcp_coarse_tmr
                0x4020f964                dhcp_fine_tmr
                0x4020fbc0                dhcp_set_struct
                0x4020fbe8                dhcp_cleanup
                0x4020fc10                dhcp_start
                0x4020fcc4                dhcp_inform
                0x4020fd6c                dhcp_network_changed
                0x4020fdb4                dhcp_arp_reply
                0x40210090                dhcp_renew
                0x402102a8                dhcp_release
                0x4021036c                dhcp_stop
 *fill*         0x40210a62        0x2 
 .irom0.text    0x40210a64      0xc47 C:\Espressif\ESP8266_RTOS_SDK/lib\liblwip.a(dhcpserver.o)
                                0xde7 (size before relaxing)
                0x40210a64                node_insert_to_list
                0x40210a9c                node_remove_from_list
                0x40211354                dhcps_start
                0x402113c0                dhcps_stop
                0x40211420                wifi_softap_set_dhcps_lease
                0x4021150c                wifi_softap_get_dhcps_lease
                0x40211598                dhcps_coarse_tmr
                0x40211604                wifi_softap_set_dhcps_offer_option
                0x40211648                wifi_softap_set_dhcps_lease_time
                0x40211678                wifi_softap_reset_dhcps_lease_time
                0x402116a4                wifi_softap_get_dhcps_lease_time
 *fill*         0x402116ab        0x1 
 .irom0.text    0x402116ac      0x5eb C:\Espressif\ESP8266_RTOS_SDK/lib\liblwip.a(dns.o)
                                0x68b (size before relaxing)
                0x402116b8                dns_init
                0x402116f8                dns_setserver
                0x40211718                dns_getserver
                0x4021172c                dns_tmr
                0x40211c34                dns_gethostbyname
 *fill*         0x40211c97        0x1 
 .irom0.text    0x40211c98      0x8a6 C:\Espressif\ESP8266_RTOS_SDK/lib\liblwip.a(etharp.o)
                                0x98e (size before relaxing)
                0x40211cf8                etharp_tmr
                0x40211f1c                etharp_cleanup_netif
                0x40211f58                etharp_find_addr
                0x40212134                etharp_output
                0x40212248                etharp_query
                0x40212448                etharp_request
                0x40212470                ethernet_input
 *fill*         0x4021253e        0x2 
 .irom0.text    0x40212540      0x382 C:\Espressif\ESP8266_RTOS_SDK/lib\liblwip.a(ip4_addr.o)
                                0x3a2 (size before relaxing)
                0x40212540                ip4_addr_isbroadcast
                0x40212570                ip4_addr_netmask_valid
                0x402125b0                ipaddr_addr
                0x402125d0                ipaddr_aton
                0x402127ec                ipaddr_ntoa
                0x40212800                ipaddr_ntoa_r
 *fill*         0x402128c2        0x2 
 .irom0.text    0x402128c4      0x441 C:\Espressif\ESP8266_RTOS_SDK/lib\liblwip.a(ip4.o)
                                0x4d9 (size before relaxing)
                0x402128c8                ip_route
                0x40212934                ip_input
                0x40212b80                ip_output_if
                0x40212ccc                ip_output
 *fill*         0x40212d05        0x3 
 .irom0.text    0x40212d08      0xb72 C:\Espressif\ESP8266_RTOS_SDK/lib\liblwip.a(ip6.o)
                                0xc46 (size before relaxing)
                0x40212d14                ip6_route
                0x40212e54                ip6_select_source_address
                0x40212fa0                ip6_input
                0x40213494                ip6_output_if
                0x402136d0                ip6_output
                0x4021382c                ip6_options_add_hbh_ra
 *fill*         0x4021387a        0x2 
 .irom0.text    0x4021387c      0x661 C:\Espressif\ESP8266_RTOS_SDK/lib\liblwip.a(mld6.o)
                                0x6e5 (size before relaxing)
                0x40213880                mld6_stop
                0x402138e0                mld6_report_groups
                0x40213910                mld6_lookfor_group
                0x402139f8                mld6_input
                0x40213b70                mld6_joingroup
                0x40213c2c                mld6_leavegroup
                0x40213ce8                mld6_tmr
 *fill*         0x40213edd        0x3 
 .irom0.text    0x40213ee0     0x1d53 C:\Espressif\ESP8266_RTOS_SDK/lib\liblwip.a(nd6.o)
                               0x1fb3 (size before relaxing)
                0x40213f00                nd6_input
                0x40214b70                nd6_tmr
                0x40215510                nd6_select_router
                0x4021576c                nd6_get_next_hop_entry
                0x4021590c                nd6_queue_packet
                0x40215b58                nd6_get_destination_mtu
                0x40215b90                nd6_reachability_hint
 *fill*         0x40215c33        0x1 
 .irom0.text    0x40215c34      0x42c C:\Espressif\ESP8266_RTOS_SDK/lib\liblwip.a(netif.o)
                                0x488 (size before relaxing)
                0x40215c34                netif_init
                0x40215c40                netif_add
                0x40215cc4                netif_set_addr
                0x40215cec                netif_remove
                0x40215d40                netif_find
                0x40215d80                netif_set_ipaddr
                0x40215dec                netif_set_gw
                0x40215dfc                netif_set_netmask
                0x40215e0c                netif_set_default
                0x40215e14                netif_set_up
                0x40215e50                netif_set_down
                0x40215e74                netif_set_link_up
                0x40215eb4                netif_set_link_down
                0x40215ec8                netif_matches_ip6_addr
                0x40215f04                netif_create_ip6_linklocal_address
                0x40215fe4                netif_create_ip4_linklocal_address
 .irom0.text    0x40216060      0x62e C:\Espressif\ESP8266_RTOS_SDK/lib\liblwip.a(pbuf.o)
                                0x68e (size before relaxing)
                0x40216060                pbuf_alloc
                0x402161a8                pbuf_realloc
                0x402161f0                pbuf_header
                0x4021625c                pbuf_free
                0x402162dc                pbuf_clen
                0x402162f4                pbuf_ref
                0x40216318                pbuf_cat
                0x40216344                pbuf_chain
                0x40216360                pbuf_dechain
                0x4021639c                pbuf_copy
                0x40216444                pbuf_copy_partial
                0x402164c4                pbuf_take
                0x40216524                pbuf_coalesce
                0x40216558                pbuf_get_at
                0x40216580                pbuf_memcmp
                0x402165ec                pbuf_memfind
                0x40216644                pbuf_strstr
 *fill*         0x4021668e        0x2 
 .irom0.text    0x40216690      0x372 C:\Espressif\ESP8266_RTOS_SDK/lib\liblwip.a(raw.o)
                                0x3d2 (size before relaxing)
                0x40216694                raw_input
                0x402167a0                raw_bind
                0x402167e4                raw_connect
                0x40216828                raw_recv
                0x40216830                raw_sendto
                0x40216960                raw_send
                0x40216974                raw_remove
                0x402169a8                raw_new
                0x402169ec                raw_new_ip6
 *fill*         0x40216a02        0x2 
 .irom0.text    0x40216a04      0x337 C:\Espressif\ESP8266_RTOS_SDK/lib\liblwip.a(sys_arch.o)
                                0x3d7 (size before relaxing)
                0x40216a04                sys_init
                0x40216a08                sys_sem_new
                0x40216a50                sys_sem_free
                0x40216a64                sys_sem_signal
                0x40216a80                sys_arch_sem_wait
                0x40216af8                sys_mbox_new
                0x40216b20                sys_mbox_free
                0x40216b40                sys_mbox_post
                0x40216b68                sys_mbox_trypost
                0x40216b94                sys_arch_mbox_fetch
                0x40216c18                sys_arch_mbox_tryfetch
                0x40216c3c                sys_mutex_new
                0x40216c60                sys_mutex_lock
                0x40216c84                sys_mutex_unlock
                0x40216ca0                sys_mutex_free
                0x40216cb4                sys_now
                0x40216cc8                sys_thread_new
                0x40216cfc                sys_arch_protect
                0x40216d10                sys_arch_unprotect
                0x40216d28                sys_arch_assert