Archive member included because of file (symbol)

out/build/app_app.a(rboot-bigflash.o)
                              (Cache_Read_Enable_New)
out/build\libmain2.a(spi_flash.o)
                              out/build/app_app.a(rboot-bigflash.o) (SPIRead)
out/build\libmain2.a(xtensa_vectors.o)
                              (call_user_start)
out/build\libmain2.a(app_main.o)
                              out/build\libmain2.a(xtensa_vectors.o) (user_fatal_exception_handler)
out/build\libmain2.a(ets_timer.o)
                              out/build\libmain2.a(app_main.o) (ets_timer_init)
out/build\libmain2.a(misc.o)  out/build\libmain2.a(app_main.o) (_putc1)
out/build\libmain2.a(printf-stdarg.o)
                              out/build\libmain2.a(app_main.o) (printf)
out/build\libmain2.a(uart.o)  out/build\libmain2.a(app_main.o) (uart_div_modify)
out/build\libmain2.a(user_interface.o)
                              out/build\libmain2.a(app_main.o) (rst_if)
out/build\libmain2.a(os_cpu_a.o)
                              out/build\libmain2.a(xtensa_vectors.o) (_xt_int_enter)
out/build\libmain2.a(xtensa_context.o)
                              out/build\libmain2.a(os_cpu_a.o) (_xt_context_save)
C:\Espressif\ESP8266_RTOS_SDK/lib\libfreertos.a(heap_4.o)
                              out/build\libmain2.a(printf-stdarg.o) (xPortWantedSizeAlign)
C:\Espressif\ESP8266_RTOS_SDK/lib\libfreertos.a(port.o)
                              out/build\libmain2.a(ets_timer.o) (PendSV)
C:\Espressif\ESP8266_RTOS_SDK/lib\libfreertos.a(queue.o)
                              out/build\libmain2.a(ets_timer.o) (xQueueGenericCreate)
C:\Espressif\ESP8266_RTOS_SDK/lib\libfreertos.a(tasks.o)
                              out/build\libmain2.a(os_cpu_a.o) (pxCurrentTCB)
C:\Espressif\ESP8266_RTOS_SDK/lib\libfreertos.a(timers.o)
                              C:\Espressif\ESP8266_RTOS_SDK/lib\libfreertos.a(tasks.o) (xTimerCreateTimerTask)
C:\Espressif\ESP8266_RTOS_SDK/lib\libfreertos.a(list.o)
                              C:\Espressif\ESP8266_RTOS_SDK/lib\libfreertos.a(queue.o) (vListInitialise)
C:\Espressif\ESP8266_RTOS_SDK/lib\liblwip.a(dhcp.o)
                              out/build\libmain2.a(user_interface.o) (dhcp_cleanup)
C:\Espressif\ESP8266_RTOS_SDK/lib\liblwip.a(dhcpserver.o)
                              out/build\libmain2.a(user_interface.o) (dhcps_start)
C:\Espressif\ESP8266_RTOS_SDK/lib\liblwip.a(dns.o)
                              C:\Espressif\ESP8266_RTOS_SDK/lib\liblwip.a(dhcp.o) (dns_setserver)
C:\Espressif\ESP8266_RTOS_SDK/lib\liblwip.a(etharp.o)
                              out/build\libmain2.a(user_interface.o) (ethbroadcast)
C:\Espressif\ESP8266_RTOS_SDK/lib\liblwip.a(ip4_addr.o)
                              C:\Espressif\ESP8266_RTOS_SDK/lib\liblwip.a(dhcp.o) (ip_addr_any)
C:\Espressif\ESP8266_RTOS_SDK/lib\liblwip.a(ip4.o)
                              C:\Espressif\ESP8266_RTOS_SDK/lib\liblwip.a(etharp.o) (ip_input)
C:\Espressif\ESP8266_RTOS_SDK/lib\liblwip.a(ip6.o)
                              C:\Espressif\ESP8266_RTOS_SDK/lib\liblwip.a(etharp.o) (ip6_input)
C:\Espressif\ESP8266_RTOS_SDK/lib\liblwip.a(memp.o)
                              C:\Espressif\ESP8266_RTOS_SDK/lib\liblwip.a(etharp.o) (memp_sizes)
C:\Espressif\ESP8266_RTOS_SDK/lib\liblwip.a(mld6.o)
                              C:\Espressif\ESP8266_RTOS_SDK/lib\liblwip.a(ip6.o) (mld6_lookfor_group)
C:\Espressif\ESP8266_RTOS_SDK/lib\liblwip.a(nd6.o)
                              C:\Espressif\ESP8266_RTOS_SDK/lib\liblwip.a(ip6.o) (default_router_list)
C:\Espressif\ESP8266_RTOS_SDK/lib\liblwip.a(netif.o)
                              C:\Espressif\ESP8266_RTOS_SDK/lib\liblwip.a(dhcp.o) (netif_list)
C:\Espressif\ESP8266_RTOS_SDK/lib\liblwip.a(pbuf.o)
                              C:\Espressif\ESP8266_RTOS_SDK/lib\liblwip.a(dhcp.o) (pbuf_alloc)
C:\Espressif\ESP8266_RTOS_SDK/lib\liblwip.a(raw.o)
                              C:\Espressif\ESP8266_RTOS_SDK/lib\liblwip.a(ip4.o) (raw_input)
C:\Espressif\ESP8266_RTOS_SDK/lib\liblwip.a(sys_arch.o)
                              C:\Espressif\ESP8266_RTOS_SDK/lib\liblwip.a(pbuf.o) (sys_arch_protect)
C:\Espressif\ESP8266_RTOS_SDK/lib\liblwip.a(tcp_in.o)
                              C:\Espressif\ESP8266_RTOS_SDK/lib\liblwip.a(ip4.o) (tcp_input)
C:\Espressif\ESP8266_RTOS_SDK/lib\liblwip.a(tcpip.o)
                              out/build\libmain2.a(app_main.o) (tcpip_init)
C:\Espressif\ESP8266_RTOS_SDK/lib\liblwip.a(tcp.o)
                              C:\Espressif\ESP8266_RTOS_SDK/lib\liblwip.a(netif.o) (tcp_active_pcbs)
C:\Espressif\ESP8266_RTOS_SDK/lib\liblwip.a(tcp_out.o)
                              C:\Espressif\ESP8266_RTOS_SDK/lib\liblwip.a(tcp.o) (tcp_send_fin)
C:\Espressif\ESP8266_RTOS_SDK/lib\liblwip.a(timers.o)
                              C:\Espressif\ESP8266_RTOS_SDK/lib\liblwip.a(tcpip.o) (sys_timeout)
C:\Espressif\ESP8266_RTOS_SDK/lib\liblwip.a(udp.o)
[...]
Memory Configuration

Name             Origin             Length             Attributes
dport0_0_seg     0x3ff00000         0x00000010
dram0_0_seg      0x3ffe8000         0x00018000
iram1_0_seg      0x40100000         0x00009000
irom0_0_seg      0x40202010         0x00052000
*default*        0x00000000         0xffffffff

Linker script and memory map

START GROUP
LOAD out/build/app_app.a
LOAD c:/tools/SmingRTOS/sming/compiler/lib/\libmicroc.a
LOAD C:\Espressif\ESP8266_RTOS_SDK/lib\libgcc.a
LOAD c:/espressif/xtensa-lx106-elf/bin/../lib/gcc/xtensa-lx106-elf/5.1.0/../../../../xtensa-lx106-elf/lib\libhal.a
LOAD C:\Espressif\ESP8266_RTOS_SDK/lib\libphy.a
LOAD C:\Espressif\ESP8266_RTOS_SDK/lib\libpp.a
LOAD C:\Espressif\ESP8266_RTOS_SDK/lib\libnet80211.a
LOAD C:\Espressif\ESP8266_RTOS_SDK/lib\libwpa.a
LOAD C:\Espressif\ESP8266_RTOS_SDK/lib\libcrypto.a
LOAD out/build\libmain2.a
LOAD C:\Espressif\ESP8266_RTOS_SDK/lib\libfreertos.a
LOAD C:\Espressif\ESP8266_RTOS_SDK/lib\liblwip.a
LOAD C:\Espressif\ESP8266_RTOS_SDK/lib\libminic.a
LOAD C:\Espressif\ESP8266_RTOS_SDK/lib\libpwm.a
LOAD C:\Espressif\ESP8266_RTOS_SDK/lib\libsmartconfig.a
LOAD c:/tools/SmingRTOS/sming/compiler/lib/\libsming.a
LOAD c:/tools/SmingRTOS/sming/compiler/lib/\libsecurity.a
END GROUP
                0x40000000                PROVIDE (_memmap_vecbase_reset, 0x40000000)
                0x00000110                _memmap_cacheattr_wb_base = 0x110
                0x00000110                _memmap_cacheattr_wt_base = 0x110
                0x00000220                _memmap_cacheattr_bp_base = 0x220
                0xfffff00f                _memmap_cacheattr_unused_mask = 0xfffff00f
                0x2222211f                _memmap_cacheattr_wb_trapnull = 0x2222211f
                0x2222211f                _memmap_cacheattr_wba_trapnull = 0x2222211f
                0x2222211f                _memmap_cacheattr_wbna_trapnull = 0x2222211f
                0x2222211f                _memmap_cacheattr_wt_trapnull = 0x2222211f
                0x2222222f                _memmap_cacheattr_bp_trapnull = 0x2222222f
                0xfffff11f                _memmap_cacheattr_wb_strict = 0xfffff11f
                0xfffff11f                _memmap_cacheattr_wt_strict = 0xfffff11f
                0xfffff22f                _memmap_cacheattr_bp_strict = 0xfffff22f
                0x22222112                _memmap_cacheattr_wb_allvalid = 0x22222112
                0x22222112                _memmap_cacheattr_wt_allvalid = 0x22222112
                0x22222222                _memmap_cacheattr_bp_allvalid = 0x22222222
                0x2222211f                PROVIDE (_memmap_cacheattr_reset, _memmap_cacheattr_wb_trapnull)

.dport0.rodata  0x3ff00000        0x0
                0x3ff00000                _dport0_rodata_start = ABSOLUTE (.)
 *(.dport0.rodata)
 *(.dport.rodata)
                0x3ff00000                _dport0_rodata_end = ABSOLUTE (.)

.dport0.literal
                0x3ff00000        0x0
                0x3ff00000                _dport0_literal_start = ABSOLUTE (.)
 *(.dport0.literal)
 *(.dport.literal)
                0x3ff00000                _dport0_literal_end = ABSOLUTE (.)

.dport0.data    0x3ff00000        0x0
                0x3ff00000                _dport0_data_start = ABSOLUTE (.)
 *(.dport0.data)
 *(.dport.data)
                0x3ff00000                _dport0_data_end = ABSOLUTE (.)

.data           0x3ffe8000      0x400
                0x3ffe8000                _data_start = ABSOLUTE (.)
 *(.data)
 .data          0x3ffe8000       0x18 out/build\libmain2.a(spi_flash.o)
                0x3ffe8000                flashchip
 .data          0x3ffe8018        0x8 out/build\libmain2.a(xtensa_vectors.o)
                0x3ffe8018                _Pri_3_HandlerAddress
                0x3ffe801c                _Pri_3_NMICount
 .data          0x3ffe8020        0x2 out/build\libmain2.a(app_main.o)
                0x3ffe8021                init_hw_wdt
 *fill*         0x3ffe8022        0x2 
 .data          0x3ffe8024        0x4 out/build\libmain2.a(misc.o)
 .data          0x3ffe8028        0x3 out/build\libmain2.a(user_interface.o)
                0x3ffe8028                dhcps_flag
                0x3ffe8029                dhcpc_flag
                0x3ffe802a                reconnect_internal
 *fill*         0x3ffe802b        0x1 
 .data          0x3ffe802c        0x4 C:\Espressif\ESP8266_RTOS_SDK/lib\libfreertos.a(tasks.o)
 .data          0x3ffe8030        0x5 C:\Espressif\ESP8266_RTOS_SDK/lib\liblwip.a(dhcpserver.o)
                0x3ffe8030                dhcps_lease_time
 *fill*         0x3ffe8035        0x3 
 .data          0x3ffe8038        0x8 C:\Espressif\ESP8266_RTOS_SDK/lib\liblwip.a(nd6.o)
                0x3ffe8038                reachable_time
                0x3ffe803c                retrans_timer
 .data          0x3ffe8040        0x8 C:\Espressif\ESP8266_RTOS_SDK/lib\liblwip.a(tcp.o)
 .data          0x3ffe8048        0x2 C:\Espressif\ESP8266_RTOS_SDK/lib\liblwip.a(udp.o)
 *fill*         0x3ffe804a        0x2 
 .data          0x3ffe804c        0x4 C:\Espressif\ESP8266_RTOS_SDK/lib\libminic.a(minic.o)
                0x3ffe804c                __ctype_ptr__
 .data          0x3ffe8050       0x53 C:\Espressif\ESP8266_RTOS_SDK/lib\libphy.a(phy_chip_v6.o)
                0x3ffe8052                tx_rf_ana_gain
                0x3ffe8080                rx_gain_swp
                0x3ffe80a0                test_rffreq_txcap
 *fill*         0x3ffe80a3        0x1 
 .data          0x3ffe80a4        0x4 C:\Espressif\ESP8266_RTOS_SDK/lib\libphy.a(phy_sleep.o)
                0x3ffe80a4                chip_version
 .data          0x3ffe80a8        0x4 C:\Espressif\ESP8266_RTOS_SDK/lib\libphy.a(phy_chip_v5_romfunc.o)
                0x3ffe80a8                g_phyFuns
 *fill*         0x3ffe80ac        0x4 
 .data          0x3ffe80b0        0x7 C:\Espressif\ESP8266_RTOS_SDK/lib\libphy.a(phy_chip_v5_cal_romfunc.o)
 *fill*         0x3ffe80b7        0x1 
 .data          0x3ffe80b8        0x1 C:\Espressif\ESP8266_RTOS_SDK/lib\libpp.a(pm.o)
 *fill*         0x3ffe80b9        0x3 
 .data          0x3ffe80bc        0x1 C:\Espressif\ESP8266_RTOS_SDK/lib\libpp.a(pm_for_bcn_only_mode.o)
 *fill*         0x3ffe80bd        0x3 
 .data          0x3ffe80c0       0x11 C:\Espressif\ESP8266_RTOS_SDK/lib\libpp.a(pp.o)
                0x3ffe80c0                NoiseTimerInterval
                0x3ffe80c8                sleep_start_wait_time
                0x3ffe80d0                CanDoFreqCal
 *fill*         0x3ffe80d1        0xf 
 .data          0x3ffe80e0       0x40 C:\Espressif\ESP8266_RTOS_SDK/lib\libpp.a(rate_control.o)
 .data          0x3ffe8120      0x24c C:\Espressif\ESP8266_RTOS_SDK/lib\libpp.a(trc.o)
 .data          0x3ffe836c        0xc C:\Espressif\ESP8266_RTOS_SDK/lib\libpp.a(wdev.o)
                0x3ffe8374                WDEV_INTEREST_EVENT
 .data          0x3ffe8378        0x1 C:\Espressif\ESP8266_RTOS_SDK/lib\libnet80211.a(ieee80211_hostap.o)
                0x3ffe8378                TmpSTAAPCloseAP
 *fill*         0x3ffe8379        0x3 
 .data          0x3ffe837c        0x1 C:\Espressif\ESP8266_RTOS_SDK/lib\libnet80211.a(wl_cnx.o)
 *fill*         0x3ffe837d        0x3 
 .data          0x3ffe8380       0x1c C:\Espressif\ESP8266_RTOS_SDK/lib\libnet80211.a(ieee80211_action.o)
 *fill*         0x3ffe839c        0x4 
 .data          0x3ffe83a0        0xe C:\Espressif\ESP8266_RTOS_SDK/lib\libsmartconfig.a(sc_sniffer.o)
                0x3ffe83a0                g_SC_Select
                0x3ffe83a8                ET_Group_bssid
 *fill*         0x3ffe83ae        0x2 
 .data          0x3ffe83b0        0x1 C:\Espressif\ESP8266_RTOS_SDK/lib\libsmartconfig.a(sc_esptouch.o)
                0x3ffe83b0                g_ET_TimeOut
 *(.data.*)
 .data.rBoot_mmap_2
                0x3ffe83b1        0x1 out/build/app_app.a(rboot-bigflash.o)
                0x3ffe83b1                rBoot_mmap_2
 .data.rBoot_mmap_1
                0x3ffe83b2        0x1 out/build/app_app.a(rboot-bigflash.o)
                0x3ffe83b2                rBoot_mmap_1
 .data.rootPublic
                0x3ffe83b3       0x30 out/build/app_app.a(Ecdsa.o)
                0x3ffe83b3                rootPublic
 .data.rootPrivate
                0x3ffe83e3       0x18 out/build/app_app.a(Ecdsa.o)
                0x3ffe83e3                rootPrivate
 *fill*         0x3ffe83fb        0x1 
 .data.cbc_printchar
                0x3ffe83fc        0x4 c:/tools/SmingRTOS/sming/compiler/lib/\libsming.a(m_printf.o)
                0x3ffe83fc                cbc_printchar
 *(.gnu.linkonce.d.*)
 *(.data1)
 *(.sdata)
 *(.sdata.*)
 *(.gnu.linkonce.s.*)
 *(.sdata2)
 *(.sdata2.*)
 *(.gnu.linkonce.s2.*)
 *(.jcr)
                0x3ffe8400                _data_end = ABSOLUTE (.)

.rodata         0x3ffe8400     0x1afc
                0x3ffe8400                _rodata_start = ABSOLUTE (.)
 *(.rodata)
 .rodata        0x3ffe8400       0x14 C:\Espressif\ESP8266_RTOS_SDK/lib\libfreertos.a(tasks.o)
 .rodata        0x3ffe8414        0x6 C:\Espressif\ESP8266_RTOS_SDK/lib\liblwip.a(etharp.o)
                0x3ffe8414                ethbroadcast
 *fill*         0x3ffe841a        0x6 
 .rodata        0x3ffe8420      0x101 C:\Espressif\ESP8266_RTOS_SDK/lib\libminic.a(minic.o)
                0x3ffe8420                _ctype_
 *fill*         0x3ffe8521        0x3 
 .rodata        0x3ffe8524       0x14 out/build/app_app.a(Ecdsa.o)
 .rodata        0x3ffe8538        0x8 C:\Espressif\ESP8266_RTOS_SDK/lib\libphy.a(phy_chip_v6.o)
 .rodata        0x3ffe8540       0x10 C:\Espressif\ESP8266_RTOS_SDK/lib\libphy.a(phy_chip_v5_romfunc.o)
 .rodata        0x3ffe8550        0xc C:\Espressif\ESP8266_RTOS_SDK/lib\libphy.a(phy_chip_v5_ana_romfunc.o)
 .rodata        0x3ffe855c        0x4 C:\Espressif\ESP8266_RTOS_SDK/lib\libpp.a(pp.o)
 .rodata        0x3ffe8560        0x8 C:\Espressif\ESP8266_RTOS_SDK/lib\libnet80211.a(ieee80211_hostap.o)
 .rodata        0x3ffe8568        0x2 C:\Espressif\ESP8266_RTOS_SDK/lib\libcrypto.a(sha1-internal.o)
 *fill*         0x3ffe856a        0x6 
 .rodata        0x3ffe8570        0x7 C:\Espressif\ESP8266_RTOS_SDK/lib\libsmartconfig.a(sc_sniffer.o)
                0x3ffe8570                SC_VERSION
 *fill*         0x3ffe8577        0x9 
 .rodata        0x3ffe8580       0x1c C:\Espressif\ESP8266_RTOS_SDK/lib\libsmartconfig.a(sc_airkiss.o)
                0x3ffe8580                RSSI_BEAR
                0x3ffe8581                DATA_RSSI_BEAR
                0x3ffe8582                RSSI_MIN
 *fill*         0x3ffe859c        0x4 
 .rodata        0x3ffe85a0        0xc C:\Espressif\ESP8266_RTOS_SDK/lib\libsmartconfig.a(sc_esptouch.o)
 *(.rodata.*)
 .rodata.str1.4
                0x3ffe85ac       0x10 out/build\libmain2.a(app_main.o)
 .rodata.str1.4
                0x3ffe85bc        0x8 out/build\libmain2.a(ets_timer.o)
                                 0x10 (size before relaxing)
 .rodata.str1.4
                0x3ffe85c4        0xc out/build\libmain2.a(printf-stdarg.o)
 .rodata.str1.4
                0x3ffe85d0       0x1b out/build\libmain2.a(user_interface.o)
 *fill*         0x3ffe85eb        0x1 
 .rodata.str1.4
                0x3ffe85ec        0x5 C:\Espressif\ESP8266_RTOS_SDK/lib\libfreertos.a(tasks.o)
 *fill*         0x3ffe85f1        0x3 
 .rodata.str1.4
                0x3ffe85f4        0x8 C:\Espressif\ESP8266_RTOS_SDK/lib\libfreertos.a(timers.o)
 .rodata.str1.4
                0x3ffe85fc        0x4 C:\Espressif\ESP8266_RTOS_SDK/lib\liblwip.a(tcpip.o)
 .rodata.str1.1
                0x3ffe8600       0x42 c:/tools/SmingRTOS/sming/compiler/lib/\libsming.a(user_main.o)
 .rodata.str1.1
                0x3ffe8642      0x17e out/build/app_app.a(application.o)
 .rodata._Z20smartconfig_callback9sc_statusPv
                0x3ffe87c0       0x14 out/build/app_app.a(application.o)
 .rodata._ZTV14FunctionCallerIPFvvEvJEE
                0x3ffe87d4       0x14 out/build/app_app.a(application.o)
                0x3ffe87d4                vtable for FunctionCaller<void (*)(), void>
 .rodata.str1.1
                0x3ffe87e8      0x233 out/build/app_app.a(Ecdsa.o)
                                0x23e (size before relaxing)
 *fill*         0x3ffe8a1b        0x1 
 .rodata._ZTVN11ArduinoJson9Internals15BlockJsonBufferINS0_16DefaultAllocatorEEE
                0x3ffe8a1c        0xc out/build/app_app.a(Ecdsa.o)
                0x3ffe8a1c                vtable for ArduinoJson::Internals::BlockJsonBuffer<ArduinoJson::Internals::DefaultAllocator>
 .rodata._ZTV14FunctionCallerIPFvR10HttpClientbEvJS1_bEE
                0x3ffe8a28       0x14 out/build/app_app.a(Ecdsa.o)
                0x3ffe8a28                vtable for FunctionCaller<void (*)(HttpClient&, bool), void, HttpClient&, bool>
 .rodata.str1.1
                0x3ffe8a3c      0x122 out/build/app_app.a(Mqtt.o)
                                0x123 (size before relaxing)
 *fill*         0x3ffe8b5e        0x2 
 .rodata._ZTV14FunctionCallerIPFvR9TcpClientbEvJS1_bEE
                0x3ffe8b60       0x14 out/build/app_app.a(Mqtt.o)
                0x3ffe8b60                vtable for FunctionCaller<void (*)(TcpClient&, bool), void, TcpClient&, bool>
 .rodata._ZTV14FunctionCallerIPFv6StringS0_EvJS0_S0_EE
                0x3ffe8b74       0x14 out/build/app_app.a(Mqtt.o)
                0x3ffe8b74                vtable for FunctionCaller<void (*)(String, String), void, String, String>
 .rodata.str1.4
                0x3ffe8b88       0x27 C:\Espressif\ESP8266_RTOS_SDK/lib\libpp.a(lmac.o)
                                 0x2f (size before relaxing)
 *fill*         0x3ffe8baf        0x1 
 .rodata.str1.4
                0x3ffe8bb0       0x18 C:\Espressif\ESP8266_RTOS_SDK/lib\libpp.a(pm.o)
                                 0x20 (size before relaxing)
 .rodata.str1.4
                0x3ffe8bc8        0x4 C:\Espressif\ESP8266_RTOS_SDK/lib\libpp.a(pm_for_bcn_only_mode.o)
                                  0xc (size before relaxing)
 .rodata.str1.4
                0x3ffe8bcc        0xc C:\Espressif\ESP8266_RTOS_SDK/lib\libpp.a(pp.o)
                                 0x14 (size before relaxing)
 .rodata.str1.4
                0x3ffe8bd8        0xf C:\Espressif\ESP8266_RTOS_SDK/lib\libpp.a(wdev.o)
                                 0x17 (size before relaxing)
 *fill*         0x3ffe8be7        0x1 
 .rodata.str1.4
                0x3ffe8be8        0x3 C:\Espressif\ESP8266_RTOS_SDK/lib\libnet80211.a(ieee80211_hostap.o)
                                  0x8 (size before relaxing)
 *fill*         0x3ffe8beb        0x1 
 .rodata.str1.4
                0x3ffe8bec        0x7 C:\Espressif\ESP8266_RTOS_SDK/lib\libnet80211.a(ieee80211_mesh_quick.o)
 .rodata.str1.4
                0x00000000        0x4 C:\Espressif\ESP8266_RTOS_SDK/lib\libnet80211.a(ieee80211_sta.o)
 .rodata.str1.4
                0x00000000        0x4 C:\Espressif\ESP8266_RTOS_SDK/lib\libnet80211.a(ieee80211_action_vendor.o)
 .rodata.str1.4
                0x00000000        0x4 C:\Espressif\ESP8266_RTOS_SDK/lib\libnet80211.a(ieee80211_ie_vendor.o)
 *fill*         0x3ffe8bf3        0x1 
 .rodata.str1.4
                0x3ffe8bf4        0x2 C:\Espressif\ESP8266_RTOS_SDK/lib\libcrypto.a(sha1-internal.o)
 *fill*         0x3ffe8bf6        0x2 
 .rodata.str1.4
                0x3ffe8bf8        0xd C:\Espressif\ESP8266_RTOS_SDK/lib\libsmartconfig.a(sc_sniffer.o)
 *fill*         0x3ffe8c05        0x3 
 .rodata.str1.4
                0x3ffe8c08       0x5a C:\Espressif\ESP8266_RTOS_SDK/lib\libsmartconfig.a(sc_airkiss.o)
 *fill*         0x3ffe8c62        0x2 
 .rodata.str1.4
                0x3ffe8c64       0x1c C:\Espressif\ESP8266_RTOS_SDK/lib\libsmartconfig.a(sc_esptouch.o)
                                 0x55 (size before relaxing)
 .rodata._ZL14EspDigitalPins
                0x3ffe8c80       0xc0 c:/tools/SmingRTOS/sming/compiler/lib/\libsming.a(Digital.o)
 .rodata.str1.1
                0x3ffe8d40       0xdf c:/tools/SmingRTOS/sming/compiler/lib/\libsming.a(HardwareSerial.o)
 *fill*         0x3ffe8e1f        0x1 
 .rodata._ZTV14HardwareSerial
                0x3ffe8e20       0x20 c:/tools/SmingRTOS/sming/compiler/lib/\libsming.a(HardwareSerial.o)
                0x3ffe8e20                vtable for HardwareSerial
 .rodata.CSWTCH$10
                0x3ffe8e40       0x21 c:/tools/SmingRTOS/sming/compiler/lib/\libsming.a(Interrupts.o)
 .rodata.str1.1
                0x3ffe8e61        0xf c:/tools/SmingRTOS/sming/compiler/lib/\libsming.a(IPAddress.o)
                                 0x10 (size before relaxing)
 .rodata.str1.1
                0x3ffe8e70        0xc c:/tools/SmingRTOS/sming/compiler/lib/\libsming.a(Print.o)
                                  0xe (size before relaxing)
 .rodata.str1.1
                0x00000000        0x1 c:/tools/SmingRTOS/sming/compiler/lib/\libsming.a(WString.o)
 .rodata.str1.1
                0x3ffe8e7c       0x9f c:/tools/SmingRTOS/sming/compiler/lib/\libsming.a(AccessPoint.o)
                                 0xa2 (size before relaxing)
 *fill*         0x3ffe8f1b        0x1 
 .rodata._ZTV16AccessPointClass
                0x3ffe8f1c       0x14 c:/tools/SmingRTOS/sming/compiler/lib/\libsming.a(AccessPoint.o)
                0x3ffe8f1c                vtable for AccessPointClass
 .rodata.str1.1
                0x3ffe8f30      0x25a c:/tools/SmingRTOS/sming/compiler/lib/\libsming.a(Station.o)
                                0x278 (size before relaxing)
 *fill*         0x3ffe918a        0x2 
 .rodata._ZTV12StationClass
                0x3ffe918c       0x14 c:/tools/SmingRTOS/sming/compiler/lib/\libsming.a(Station.o)
                0x3ffe918c                vtable for StationClass
 .rodata._ZTV6VectorI7BssInfoE
                0x3ffe91a0       0x1c c:/tools/SmingRTOS/sming/compiler/lib/\libsming.a(Station.o)
                0x3ffe91a0                vtable for Vector<BssInfo>
 .rodata.str1.1
                0x3ffe91bc       0xe8 c:/tools/SmingRTOS/sming/compiler/lib/\libsming.a(HttpClient.o)
                                 0xf8 (size before relaxing)
 .rodata._ZTV10HttpClient
                0x3ffe92a4       0x40 c:/tools/SmingRTOS/sming/compiler/lib/\libsming.a(HttpClient.o)
                0x3ffe92a4                vtable for HttpClient
 .rodata.str1.1
                0x3ffe92e4      0x182 c:/tools/SmingRTOS/sming/compiler/lib/\libsming.a(MqttClient.o)
                                0x183 (size before relaxing)
 *fill*         0x3ffe9466        0x2 
 .rodata._ZTV10MqttClient
                0x3ffe9468       0x3c c:/tools/SmingRTOS/sming/compiler/lib/\libsming.a(MqttClient.o)
                0x3ffe9468                vtable for MqttClient
 .rodata.str1.1
                0x3ffe94a4       0x1e c:/tools/SmingRTOS/sming/compiler/lib/\libsming.a(TcpClient.o)
 *fill*         0x3ffe94c2        0x2 
 .rodata._ZTV9TcpClient
                0x3ffe94c4       0x3c c:/tools/SmingRTOS/sming/compiler/lib/\libsming.a(TcpClient.o)
                0x3ffe94c4                vtable for TcpClient
 .rodata.str1.1
                0x3ffe9500      0x2aa c:/tools/SmingRTOS/sming/compiler/lib/\libsming.a(TcpConnection.o)
 *fill*         0x3ffe97aa        0x2 
 .rodata._ZTV13TcpConnection
                0x3ffe97ac       0x38 c:/tools/SmingRTOS/sming/compiler/lib/\libsming.a(TcpConnection.o)
                0x3ffe97ac                vtable for TcpConnection
 .rodata.str1.1
                0x00000000        0xa c:/tools/SmingRTOS/sming/compiler/lib/\libsming.a(URL.o)
 .rodata.str1.1
                0x00000000        0x1 c:/tools/SmingRTOS/sming/compiler/lib/\libsming.a(Command.o)
 .rodata._ZTV7Command
                0x3ffe97e4       0x10 c:/tools/SmingRTOS/sming/compiler/lib/\libsming.a(Command.o)
                0x3ffe97e4                vtable for Command
 .rodata.str1.1
                0x3ffe97f4      0x119 c:/tools/SmingRTOS/sming/compiler/lib/\libsming.a(CommandExecutor.o)
                                0x11e (size before relaxing)
 .rodata.str1.1
                0x3ffe990d      0x3c1 c:/tools/SmingRTOS/sming/compiler/lib/\libsming.a(CommandHandler.o)
                                0x3c9 (size before relaxing)
 .rodata.str1.1
                0x00000000        0x1 c:/tools/SmingRTOS/sming/compiler/lib/\libsming.a(CommandOutput.o)
 *fill*         0x3ffe9cce        0x2 
 .rodata._ZTV13CommandOutput
                0x3ffe9cd0       0x18 c:/tools/SmingRTOS/sming/compiler/lib/\libsming.a(CommandOutput.o)
                0x3ffe9cd0                vtable for CommandOutput
 .rodata.str1.1
                0x3ffe9ce8       0x10 c:/tools/SmingRTOS/sming/compiler/lib/\libsming.a(ArduinoJson.o)
                                 0x11 (size before relaxing)
 .rodata._ZTVN11ArduinoJson9Internals20DynamicStringBuilderE
                0x3ffe9cf8       0x10 c:/tools/SmingRTOS/sming/compiler/lib/\libsming.a(ArduinoJson.o)
                0x3ffe9cf8                vtable for ArduinoJson::Internals::DynamicStringBuilder
 .rodata._ZN11ArduinoJson9Internals8Encoding12_escapeTableE
                0x3ffe9d08        0xf c:/tools/SmingRTOS/sming/compiler/lib/\libsming.a(ArduinoJson.o)
                0x3ffe9d08                ArduinoJson::Internals::Encoding::_escapeTable
 .rodata.str1.1
                0x3ffe9d17        0x6 c:/tools/SmingRTOS/sming/compiler/lib/\libsming.a(libemqtt.o)
 *fill*         0x3ffe9d1d        0x3 
 .rodata._ZTV16MemoryDataStream
                0x3ffe9d20       0x48 c:/tools/SmingRTOS/sming/compiler/lib/\libsming.a(DataSourceStream.o)
                0x3ffe9d20                vtable for MemoryDataStream
 .rodata.str1.1
                0x3ffe9d68       0x34 c:/tools/SmingRTOS/sming/compiler/lib/\libsming.a(FileSystem.o)
                                 0x37 (size before relaxing)
 .rodata.str1.1
                0x3ffe9d9c       0x1d c:/tools/SmingRTOS/sming/compiler/lib/\libsming.a(stringconversion.o)
                                 0x21 (size before relaxing)
 .rodata.str1.1
                0x00000000        0x1 c:/tools/SmingRTOS/sming/compiler/lib/\libsming.a(CommandDelegate.o)
 *fill*         0x3ffe9db9        0x3 
 .rodata.curve_secp192r1
                0x3ffe9dbc       0xb0 c:/tools/SmingRTOS/sming/compiler/lib/\libsecurity.a(uECC.o)
 *(.gnu.linkonce.r.*)
 *(.rodata1)
                0x3ffe9e6c                __XT_EXCEPTION_TABLE__ = ABSOLUTE (.)
 *(.xt_except_table)
 *(.gcc_except_table)
 *(.gnu.linkonce.e.*)
 *(.gnu.version_r)
 *(.eh_frame)
                0x3ffe9e6c                . = ((. + 0x3) & 0xfffffffc)
                0x3ffe9e6c                __init_array_start = ABSOLUTE (.)
 *crtbegin.o(.ctors)
 *(EXCLUDE_FILE(*crtend.o) .ctors)
 .ctors         0x3ffe9e6c        0x4 out/build/app_app.a(application.o)
 .ctors         0x3ffe9e70        0x4 out/build/app_app.a(Ecdsa.o)
 .ctors         0x3ffe9e74        0x4 out/build/app_app.a(Led.o)
 .ctors         0x3ffe9e78        0x4 out/build/app_app.a(Mqtt.o)
 .ctors         0x3ffe9e7c        0x4 c:/tools/SmingRTOS/sming/compiler/lib/\libsming.a(HardwareSerial.o)
 .ctors         0x3ffe9e80        0x4 c:/tools/SmingRTOS/sming/compiler/lib/\libsming.a(Interrupts.o)
 .ctors         0x3ffe9e84        0x4 c:/tools/SmingRTOS/sming/compiler/lib/\libsming.a(AccessPoint.o)
 .ctors         0x3ffe9e88        0x4 c:/tools/SmingRTOS/sming/compiler/lib/\libsming.a(Station.o)
 .ctors         0x3ffe9e8c        0x4 c:/tools/SmingRTOS/sming/compiler/lib/\libsming.a(HttpClient.o)
 .ctors         0x3ffe9e90        0x4 c:/tools/SmingRTOS/sming/compiler/lib/\libsming.a(MqttClient.o)
 .ctors         0x3ffe9e94        0x4 c:/tools/SmingRTOS/sming/compiler/lib/\libsming.a(TcpClient.o)
 .ctors         0x3ffe9e98        0x4 c:/tools/SmingRTOS/sming/compiler/lib/\libsming.a(TcpConnection.o)
 .ctors         0x3ffe9e9c        0x4 c:/tools/SmingRTOS/sming/compiler/lib/\libsming.a(CommandExecutor.o)
 .ctors         0x3ffe9ea0        0x4 c:/tools/SmingRTOS/sming/compiler/lib/\libsming.a(CommandHandler.o)
 .ctors         0x3ffe9ea4        0x4 c:/tools/SmingRTOS/sming/compiler/lib/\libsming.a(CommandOutput.o)
 .ctors         0x3ffe9ea8        0x4 c:/tools/SmingRTOS/sming/compiler/lib/\libsming.a(ArduinoJson.o)
 .ctors         0x3ffe9eac        0x4 c:/tools/SmingRTOS/sming/compiler/lib/\libsming.a(DataSourceStream.o)
 .ctors         0x3ffe9eb0        0x4 c:/tools/SmingRTOS/sming/compiler/lib/\libsming.a(SystemClock.o)
 .ctors         0x3ffe9eb4        0x4 c:/tools/SmingRTOS/sming/compiler/lib/\libsming.a(RTC.o)
 .ctors         0x3ffe9eb8        0x4 c:/tools/SmingRTOS/sming/compiler/lib/\libsming.a(WebSocket.o)
 .ctors         0x3ffe9ebc        0x4 c:/tools/SmingRTOS/sming/compiler/lib/\libsming.a(CommandDelegate.o)
 .ctors         0x3ffe9ec0        0x4 c:/tools/SmingRTOS/sming/compiler/lib/\libsming.a(HttpRequest.o)
 .ctors         0x3ffe9ec4        0x4 c:/tools/SmingRTOS/sming/compiler/lib/\libsming.a(HttpResponse.o)
 .ctors         0x3ffe9ec8        0x4 c:/tools/SmingRTOS/sming/compiler/lib/\libsming.a(HttpServer.o)
 .ctors         0x3ffe9ecc        0x4 c:/tools/SmingRTOS/sming/compiler/lib/\libsming.a(HttpServerConnection.o)
 .ctors         0x3ffe9ed0        0x4 c:/tools/SmingRTOS/sming/compiler/lib/\libsming.a(TcpServer.o)
 *(SORT(.ctors.*))
 *(.ctors)
                0x3ffe9ed4                __init_array_end = ABSOLUTE (.)
 *crtbegin.o(.dtors)
 *(EXCLUDE_FILE(*crtend.o) .dtors)
 .dtors         0x3ffe9ed4        0x4 out/build/app_app.a(application.o)
 .dtors         0x3ffe9ed8        0x4 out/build/app_app.a(Ecdsa.o)
 .dtors         0x3ffe9edc        0x4 out/build/app_app.a(Led.o)
 .dtors         0x3ffe9ee0        0x4 out/build/app_app.a(Mqtt.o)
 .dtors         0x3ffe9ee4        0x4 c:/tools/SmingRTOS/sming/compiler/lib/\libsming.a(HardwareSerial.o)
 .dtors         0x3ffe9ee8        0x4 c:/tools/SmingRTOS/sming/compiler/lib/\libsming.a(Interrupts.o)
 .dtors         0x3ffe9eec        0x4 c:/tools/SmingRTOS/sming/compiler/lib/\libsming.a(Station.o)
 .dtors         0x3ffe9ef0        0x4 c:/tools/SmingRTOS/sming/compiler/lib/\libsming.a(CommandHandler.o)
 *(SORT(.dtors.*))
 *(.dtors)
                0x3ffe9ef4                __XT_EXCEPTION_DESCS__ = ABSOLUTE (.)
 *(.xt_except_desc)
 *(.gnu.linkonce.h.*)
                0x3ffe9ef4                __XT_EXCEPTION_DESCS_END__ = ABSOLUTE (.)
 *(.xt_except_desc_end)
 *(.dynamic)
 *(.gnu.version_d)
                0x3ffe9ef4                . = ALIGN (0x4)
                0x3ffe9ef4                _bss_table_start = ABSOLUTE (.)
                0x3ffe9ef4        0x4 LONG 0x3ffe9f00 _bss_start
                0x3ffe9ef8        0x4 LONG 0x3fff1628 _bss_end
                0x3ffe9efc                _bss_table_end = ABSOLUTE (.)
                0x3ffe9efc                _rodata_end = ABSOLUTE (.)

.UserExceptionVector.literal
                0x3ffe9efc        0x0
                0x3ffe9efc                _UserExceptionVector_literal_start = ABSOLUTE (.)
 *(.UserExceptionVector.literal)
                0x3ffe9efc                _UserExceptionVector_literal_end = ABSOLUTE (.)

.bss            0x3ffe9f00     0x7728
                0x3ffe9f00                . = ALIGN (0x8)
                0x3ffe9f00                _bss_start = ABSOLUTE (.)
 *(.dynsbss)
 *(.sbss)
 *(.sbss.*)
 *(.gnu.linkonce.sb.*)
 *(.scommon)
 *(.sbss2)
 *(.sbss2.*)
 *(.gnu.linkonce.sb2.*)
 *(.dynbss)
 *(.bss)
 .bss           0x3ffe9f00        0x1 out/build\libmain2.a(spi_flash.o)
                0x3ffe9f00                FlashIsOnGoing
 *fill*         0x3ffe9f01        0xf 
 .bss           0x3ffe9f10      0x3f8 out/build\libmain2.a(xtensa_vectors.o)
 .bss           0x3ffea308       0x30 out/build\libmain2.a(app_main.o)
                0x3ffea308                user_init_flag
                0x3ffea30c                info
                0x3ffea330                errno
                0x3ffea334                xWatchDogTaskHandle
 *fill*         0x3ffea338        0x8 
 .bss           0x3ffea340       0xc0 out/build\libmain2.a(ets_timer.o)
                0x3ffea344                timer_list
                0x3ffea348                debug_timer
                0x3ffea34c                debug_timerfn
 .bss           0x3ffea400        0x4 out/build\libmain2.a(misc.o)
                0x3ffea400                _putc1
 *fill*         0x3ffea404        0xc 
 .bss           0x3ffea410       0x40 out/build\libmain2.a(printf-stdarg.o)
 .bss           0x3ffea450      0x192 out/build\libmain2.a(user_interface.o)
                0x3ffea54f                deep_sleep_flag
                0x3ffea550                cpu_overclock
                0x3ffea554                event_cb
                0x3ffea558                xQueue_event
                0x3ffea55c                rst_if
                0x3ffea57c                OpmodChgIsOnGoing
                0x3ffea580                promiscuous_cb
                0x3ffea584                status_led_output_level
                0x3ffea588                evt
 *fill*         0x3ffea5e2        0x2 
 .bss           0x3ffea5e4       0x1c C:\Espressif\ESP8266_RTOS_SDK/lib\libfreertos.a(heap_4.o)
 .bss           0x3ffea600       0x90 C:\Espressif\ESP8266_RTOS_SDK/lib\libfreertos.a(port.o)
                0x3ffea604                cpu_sr
                0x3ffea60c                _xt_isr_status
                0x3ffea610                isr
 .bss           0x3ffea690      0x1cc C:\Espressif\ESP8266_RTOS_SDK/lib\libfreertos.a(tasks.o)
                0x3ffea694                pxCurrentTCB
 .bss           0x3ffea85c       0x3c C:\Espressif\ESP8266_RTOS_SDK/lib\libfreertos.a(timers.o)
 *fill*         0x3ffea898        0x8 
 .bss           0x3ffea8a0       0x44 C:\Espressif\ESP8266_RTOS_SDK/lib\liblwip.a(dhcp.o)
                0x3ffea8a0                dhcp_rx_options_given
                0x3ffea8b0                dhcp_rx_options_val
 .bss           0x3ffea8e4       0x28 C:\Espressif\ESP8266_RTOS_SDK/lib\liblwip.a(dhcpserver.o)
 *fill*         0x3ffea90c        0x4 
 .bss           0x3ffea910      0x480 C:\Espressif\ESP8266_RTOS_SDK/lib\liblwip.a(dns.o)
 .bss           0x3ffead90       0xd8 C:\Espressif\ESP8266_RTOS_SDK/lib\liblwip.a(etharp.o)
                0x3ffead94                ethzero
 *fill*         0x3ffeae68        0x8 
 .bss           0x3ffeae70       0x10 C:\Espressif\ESP8266_RTOS_SDK/lib\liblwip.a(ip4_addr.o)
 .bss           0x3ffeae80       0x32 C:\Espressif\ESP8266_RTOS_SDK/lib\liblwip.a(ip4.o)
                0x3ffeae80                ip_data
 *fill*         0x3ffeaeb2        0x2 
 .bss           0x3ffeaeb4        0x4 C:\Espressif\ESP8266_RTOS_SDK/lib\liblwip.a(mld6.o)
 *fill*         0x3ffeaeb8        0x8 
 .bss           0x3ffeaec0      0x421 C:\Espressif\ESP8266_RTOS_SDK/lib\liblwip.a(nd6.o)
                0x3ffeaee0                prefix_list
                0x3ffeaf70                neighbor_cache
                0x3ffeb100                default_router_list
                0x3ffeb150                destination_cache
 *fill*         0x3ffeb2e1        0x3 
 .bss           0x3ffeb2e4        0xc C:\Espressif\ESP8266_RTOS_SDK/lib\liblwip.a(netif.o)
                0x3ffeb2e8                netif_list
                0x3ffeb2ec                netif_default
 .bss           0x3ffeb2f0        0x4 C:\Espressif\ESP8266_RTOS_SDK/lib\liblwip.a(raw.o)
 .bss           0x3ffeb2f4       0x2c C:\Espressif\ESP8266_RTOS_SDK/lib\liblwip.a(tcp_in.o)
                0x3ffeb31c                tcp_input_pcb
 .bss           0x3ffeb320       0x10 C:\Espressif\ESP8266_RTOS_SDK/lib\liblwip.a(tcpip.o)
                0x3ffeb32c                xLwipTaskHandle
 .bss           0x3ffeb330       0x21 C:\Espressif\ESP8266_RTOS_SDK/lib\liblwip.a(tcp.o)
                0x3ffeb334                tcp_active_pcbs
                0x3ffeb338                tcp_tmp_pcb
                0x3ffeb33c                tcp_active_pcbs_changed
                0x3ffeb340                tcp_tw_pcbs
                0x3ffeb344                tcp_bound_pcbs
                0x3ffeb348                tcp_listen_pcbs
                0x3ffeb34c                tcp_ticks
 *fill*         0x3ffeb351        0x3 
 .bss           0x3ffeb354        0xc C:\Espressif\ESP8266_RTOS_SDK/lib\liblwip.a(timers.o)
                0x3ffeb358                LwipTimOutLim
 .bss           0x3ffeb360        0x4 C:\Espressif\ESP8266_RTOS_SDK/lib\liblwip.a(udp.o)
                0x3ffeb360                udp_pcbs
 *fill*         0x3ffeb364        0xc 
 .bss           0x3ffeb370       0x38 C:\Espressif\ESP8266_RTOS_SDK/lib\liblwip.a(ip6_addr.o)
                0x3ffeb370                ip6_addr_any
 .bss           0x3ffeb3a8        0x6 C:\Espressif\ESP8266_RTOS_SDK/lib\liblwip.a(ip6_frag.o)
 *fill*         0x3ffeb3ae        0x2 
 .bss           0x3ffeb3b0      0x100 C:\Espressif\ESP8266_RTOS_SDK/lib\liblwip.a(sockets.o)
                0x3ffeb3b0                DefSocketCloseFlag
                0x3ffeb3b1                SocketCloseDoneFlag
 .bss           0x3ffeb4b0        0x4 C:\Espressif\ESP8266_RTOS_SDK/lib\libminic.a(minic.o)
 .bss           0x3ffeb4b4        0x4 C:\Espressif\ESP8266_RTOS_SDK/lib\libphy.a(phy.o)
 .bss           0x3ffeb4b8        0x2 C:\Espressif\ESP8266_RTOS_SDK/lib\libphy.a(phy_chip_v6_ana.o)
                0x3ffeb4b8                tout_dis_txpwr_track
                0x3ffeb4b9                sleep_mode_flag
 *fill*         0x3ffeb4ba        0x6 
 .bss           0x3ffeb4c0      0x158 C:\Espressif\ESP8266_RTOS_SDK/lib\libphy.a(phy_chip_v6.o)
                0x3ffeb4c0                rxiq_compute_num
                0x3ffeb4c4                rx_table_renew_en
                0x3ffeb4c8                check_result
                0x3ffeb4cc                chip6_sleep_params
                0x3ffeb560                chip6_phy_init_ctrl
                0x3ffeb5d4                phy_freq_offset
                0x3ffeb5d6                do_pwctrl_flag
                0x3ffeb5d7                pwctrl_debug
                0x3ffeb5d8                txbk_dpdby_flag
                0x3ffeb5da                sw_scan_mode
                0x3ffeb5db                rxmax_ext_level
                0x3ffeb5dc                phy_rx_gain_dc_table
                0x3ffeb5f0                periodic_cal_dc_num
                0x3ffeb5f4                periodic_cal_flag
                0x3ffeb5f5                bbpll_cal_flag
                0x3ffeb5f6                phy_in_most_power
                0x3ffeb5f7                init_rf_no_cal
                0x3ffeb5f8                test_print_time
                0x3ffeb5fc                phy_rx_gain_dc_flag
                0x3ffeb5fd                phy_in_vdd33_offset
                0x3ffeb5fe                phy_set_most_tpw_disbg
                0x3ffeb5ff                phy_set_most_tpw_index
                0x3ffeb600                adc_rand_noise
                0x3ffeb604                dpd_bypass_original
                0x3ffeb608                noise_array
 .bss           0x3ffeb618        0x8 C:\Espressif\ESP8266_RTOS_SDK/lib\libphy.a(phy_chip_v6_cal.o)
                0x3ffeb618                phy_tx_power_out
                0x3ffeb61a                loop_pwctrl_pwdet_error_accum_high_power
                0x3ffeb61c                tx_pwctrl_pk_num
                0x3ffeb61d                tx_pwctrl_track_num
                0x3ffeb61e                loop_pwctrl_correct_atten_high_power
                0x3ffeb61f                rxiq_cover_fail_num
 .bss           0x3ffeb620        0x7 C:\Espressif\ESP8266_RTOS_SDK/lib\libphy.a(phy_sleep.o)
                0x3ffeb620                periodic_cal_sat
                0x3ffeb622                lslp_mem_opt_8266
                0x3ffeb624                software_slp_reject
                0x3ffeb625                SDIO_slp_reject
                0x3ffeb626                hardware_reject
 *fill*         0x3ffeb627        0x9 
 .bss           0x3ffeb630       0x30 C:\Espressif\ESP8266_RTOS_SDK/lib\libpp.a(if_hwctrl.o)
                0x3ffeb630                interface_mask
                0x3ffeb640                if_ctrl
 .bss           0x3ffeb660      0x150 C:\Espressif\ESP8266_RTOS_SDK/lib\libpp.a(lmac.o)
                0x3ffeb664                lmacConfMib
 .bss           0x3ffeb7b0      0x14a C:\Espressif\ESP8266_RTOS_SDK/lib\libpp.a(pm.o)
                0x3ffeb8ac                flash_tmp
                0x3ffeb8b0                CCOMPARE_AddVal
 *fill*         0x3ffeb8fa        0x2 
 .bss           0x3ffeb8fc       0x48 C:\Espressif\ESP8266_RTOS_SDK/lib\libpp.a(pm_for_bcn_only_mode.o)
 *fill*         0x3ffeb944        0xc 
 .bss           0x3ffeb950      0x3c2 C:\Espressif\ESP8266_RTOS_SDK/lib\libpp.a(pp.o)
                0x3ffeb950                wdt_ini_flag
                0x3ffeb951                pp_soft_wdt_count
                0x3ffeb978                pend_flag_noise_check
                0x3ffeb980                pend_flag_periodic_cal
                0x3ffeb9a0                idle_timer_reopen_flag
                0x3ffeb9a9                dbg_stop_sw_wdt
                0x3ffeb9aa                dbg_stop_hw_wdt
                0x3ffeb9ac                HighestFreqOffsetInOneChk
                0x3ffeb9ae                LowestFreqOffsetInOneChk
                0x3ffeb9b0                DefFreqCalTimer
                0x3ffeb9cc                PktNumInOneChk
 *fill*         0x3ffebd12        0xe 
 .bss           0x3ffebd20      0x100 C:\Espressif\ESP8266_RTOS_SDK/lib\libpp.a(rate_control.o)
 .bss           0x3ffebe20      0x46c C:\Espressif\ESP8266_RTOS_SDK/lib\libpp.a(trc.o)
 *fill*         0x3ffec28c        0x4 
 .bss           0x3ffec290     0x2f68 C:\Espressif\ESP8266_RTOS_SDK/lib\libpp.a(wdev.o)
                0x3ffec290                wDevCtrl
                0x3ffec438                NMIIrqIsOn
                0x3ffec43c                WdevTimOffSet
 *fill*         0x3ffef1f8        0x8 
 .bss           0x3ffef200      0x984 C:\Espressif\ESP8266_RTOS_SDK/lib\libpp.a(esf_buf.o)
 .bss           0x3ffefb84      0x67c C:\Espressif\ESP8266_RTOS_SDK/lib\libnet80211.a(ieee80211.o)
                0x3ffefb84                g_ic
                0x3fff01fc                xieee80211Queue
 .bss           0x3fff0200       0x52 C:\Espressif\ESP8266_RTOS_SDK/lib\libnet80211.a(ieee80211_hostap.o)
                0x3fff0200                BcnEb_update
                0x3fff022c                PendFreeBcnEb
                0x3fff0230                ApFreqCalTimer
                0x3fff024c                APRecvBcnStartTick
 *fill*         0x3fff0252        0x2 
 .bss           0x3fff0254       0xe0 C:\Espressif\ESP8266_RTOS_SDK/lib\libnet80211.a(ieee80211_scan.o)
                0x3fff0254                gScanStruct
                0x3fff0310                connect_scan_flag
                0x3fff0311                FreqCalCntForScan
                0x3fff0312                TestStaFreqCalValInput
                0x3fff0314                auth_type
                0x3fff0316                scannum
 *fill*         0x3fff0334        0x4 
 .bss           0x3fff0338       0x10 C:\Espressif\ESP8266_RTOS_SDK/lib\libnet80211.a(ieee80211_sta.o)
 .bss           0x3fff0348       0x44 C:\Espressif\ESP8266_RTOS_SDK/lib\libnet80211.a(wl_chm.o)
 *fill*         0x3fff038c        0x4 
 .bss           0x3fff0390      0x399 C:\Espressif\ESP8266_RTOS_SDK/lib\libnet80211.a(wl_cnx.o)
                0x3fff0708                sta_con_timer
                0x3fff0724                g_cnx_probe_rc_list_cb
                0x3fff0728                reconnect_flag
 *fill*         0x3fff0729        0x3 
 .bss           0x3fff072c       0x10 C:\Espressif\ESP8266_RTOS_SDK/lib\libnet80211.a(ieee80211_action_vendor.o)
 *fill*         0x3fff073c        0x4 
 .bss           0x3fff0740      0x26a C:\Espressif\ESP8266_RTOS_SDK/lib\libwpa.a(wpa.o)
 *fill*         0x3fff09aa        0x6 
 .bss           0x3fff09b0       0x10 C:\Espressif\ESP8266_RTOS_SDK/lib\liblwip.a(ethernetif.o)
 .bss           0x3fff09c0       0x38 C:\Espressif\ESP8266_RTOS_SDK/lib\libsmartconfig.a(sc_sniffer.o)
                0x3fff09c0                pAPListHead
                0x3fff09c4                pAPListTral
                0x3fff09c8                smartconfig_cb
                0x3fff09cc                SnifGlob
                0x3fff09dc                channel_timer
 .bss           0x3fff09f8       0xcc C:\Espressif\ESP8266_RTOS_SDK/lib\libsmartconfig.a(sc_airkiss.o)
                0x3fff09f8                pAKGuideGlob
                0x3fff09fc                p_kiss
                0x3fff0a00                p_kiss_ht40
                0x3fff0a04                KissRes_ht20_timer
                0x3fff0a88                KissRes_ht40_timer
                0x3fff0aa4                KISS_udp_task_handle
                0x3fff0aa8                weixin_timer
 .bss           0x3fff0ac4       0xd4 C:\Espressif\ESP8266_RTOS_SDK/lib\libsmartconfig.a(sc_esptouch.o)
                0x3fff0ac4                pETGuideGlob
                0x3fff0ac8                pCHListHead
                0x3fff0acc                pCHListTral
                0x3fff0ad0                pTouchGlob
                0x3fff0ad4                TouchRestart_ht20_timer
                0x3fff0b58                TouchRestart_ht40_timer
                0x3fff0b74                ET_udp_task_handle
                0x3fff0b78                TouchUdpTimer
 .bss           0x3fff0b98        0x8 C:\Espressif\ESP8266_RTOS_SDK/lib\libnet80211.a(ieee80211_crypto_tkip.o)
 *(.bss.*)
 .bss.connectionTimer
                0x3fff0ba0       0x38 out/build/app_app.a(application.o)
                0x3fff0ba0                connectionTimer
 .bss.disconnectTimer
                0x3fff0bd8       0x38 out/build/app_app.a(application.o)
                0x3fff0bd8                disconnectTimer
 .bss.smartConfigActive
                0x3fff0c10        0x1 out/build/app_app.a(application.o)
                0x3fff0c10                smartConfigActive
 .bss.debounceActive
                0x3fff0c11        0x1 out/build/app_app.a(application.o)
                0x3fff0c11                debounceActive
 *fill*         0x3fff0c12        0x6 
 .bss.debounceTimer
                0x3fff0c18       0x38 out/build/app_app.a(application.o)
                0x3fff0c18                debounceTimer
 .bss.configMode
                0x3fff0c50        0x1 out/build/app_app.a(application.o)
                0x3fff0c50                configMode
 *fill*         0x3fff0c51        0x7 
 .bss.configTimer
                0x3fff0c58       0x38 out/build/app_app.a(application.o)
                0x3fff0c58                configTimer
 .bss._ZL11INADDR_NONE
                0x3fff0c90        0x4 out/build/app_app.a(application.o)
 .bss.curve     0x3fff0c94        0x4 out/build/app_app.a(Ecdsa.o)
                0x3fff0c94                curve
 .bss.sig       0x3fff0c98       0x30 out/build/app_app.a(Ecdsa.o)
                0x3fff0c98                sig
 .bss.dataHash  0x3fff0cc8       0x14 out/build/app_app.a(Ecdsa.o)
                0x3fff0cc8                dataHash
 .bss.devicePublic
                0x3fff0cdc       0x30 out/build/app_app.a(Ecdsa.o)
                0x3fff0cdc                devicePublic
 .bss.devicePrivate
                0x3fff0d0c       0x18 out/build/app_app.a(Ecdsa.o)
                0x3fff0d0c                devicePrivate
 .bss.challengeReq
                0x3fff0d24       0x7c out/build/app_app.a(Ecdsa.o)
                0x3fff0d24                challengeReq
 .bss.startReq  0x3fff0da0       0x7c out/build/app_app.a(Ecdsa.o)
                0x3fff0da0                startReq
 .bss.keyReq    0x3fff0e1c       0x7c out/build/app_app.a(Ecdsa.o)
                0x3fff0e1c                keyReq
 .bss._ZL11INADDR_NONE
                0x3fff0e98        0x4 out/build/app_app.a(Ecdsa.o)
 .bss.ledState  0x3fff0e9c        0x1 out/build/app_app.a(Led.o)
                0x3fff0e9c                ledState
 *fill*         0x3fff0e9d        0x3 
 .bss.blinkCounter
                0x3fff0ea0        0x4 out/build/app_app.a(Led.o)
                0x3fff0ea0                blinkCounter
 *fill*         0x3fff0ea4        0x4 
 .bss.blinkRedTimer
                0x3fff0ea8       0x38 out/build/app_app.a(Led.o)
                0x3fff0ea8                blinkRedTimer
 .bss.blinkGreenTimer
                0x3fff0ee0       0x38 out/build/app_app.a(Led.o)
                0x3fff0ee0                blinkGreenTimer
 .bss._ZL11INADDR_NONE
                0x3fff0f18        0x4 out/build/app_app.a(Led.o)
 .bss.mqtt      0x3fff0f1c      0x49c out/build/app_app.a(Mqtt.o)
                0x3fff0f1c                mqtt
 .bss.mqttMessage
                0x3fff13b8        0x8 out/build/app_app.a(Mqtt.o)
                0x3fff13b8                mqttMessage
 .bss.messageTimer
                0x3fff13c0       0x38 out/build/app_app.a(Mqtt.o)
                0x3fff13c0                messageTimer
 .bss.procTimer
                0x3fff13f8       0x38 out/build/app_app.a(Mqtt.o)
                0x3fff13f8                procTimer
 .bss._ZL11INADDR_NONE
                0x3fff1430        0x4 out/build/app_app.a(Mqtt.o)
 .bss.Serial    0x3fff1434       0x24 c:/tools/SmingRTOS/sming/compiler/lib/\libsming.a(HardwareSerial.o)
                0x3fff1434                Serial
 .bss._ZN14HardwareSerial18serialDelegateTaskE
                0x3fff1458        0x4 c:/tools/SmingRTOS/sming/compiler/lib/\libsming.a(HardwareSerial.o)
                0x3fff1458                HardwareSerial::serialDelegateTask
 .bss._ZN14HardwareSerial19serialDelegateQueueE
                0x3fff145c        0x4 c:/tools/SmingRTOS/sming/compiler/lib/\libsming.a(HardwareSerial.o)
                0x3fff145c                HardwareSerial::serialDelegateQueue
 .bss._ZN14HardwareSerial21hardwareSerialObjectsE
                0x3fff1460        0x8 c:/tools/SmingRTOS/sming/compiler/lib/\libsming.a(HardwareSerial.o)
                0x3fff1460                HardwareSerial::hardwareSerialObjects
 .bss._ZL11INADDR_NONE
                0x3fff1468        0x4 c:/tools/SmingRTOS/sming/compiler/lib/\libsming.a(HardwareSerial.o)
 .bss._gpioInterruptsInitialied
                0x3fff146c        0x1 c:/tools/SmingRTOS/sming/compiler/lib/\libsming.a(Interrupts.o)
                0x3fff146c                _gpioInterruptsInitialied
 *fill*         0x3fff146d        0x3 
 .bss._delegateFunctionList
                0x3fff1470       0x40 c:/tools/SmingRTOS/sming/compiler/lib/\libsming.a(Interrupts.o)
                0x3fff1470                _delegateFunctionList
 .bss._gpioInterruptsList
                0x3fff14b0       0x40 c:/tools/SmingRTOS/sming/compiler/lib/\libsming.a(Interrupts.o)
                0x3fff14b0                _gpioInterruptsList
 .bss._ZZN6StringixEjE19dummy_writable_char
                0x3fff14f0        0x1 c:/tools/SmingRTOS/sming/compiler/lib/\libsming.a(WString.o)
 *fill*         0x3fff14f1        0x3 
 .bss.WifiAccessPoint
                0x3fff14f4        0x8 c:/tools/SmingRTOS/sming/compiler/lib/\libsming.a(AccessPoint.o)
                0x3fff14f4                WifiAccessPoint
 .bss._ZL11INADDR_NONE
                0x3fff14fc        0x4 c:/tools/SmingRTOS/sming/compiler/lib/\libsming.a(AccessPoint.o)
 .bss.WifiStation
                0x3fff1500       0x24 c:/tools/SmingRTOS/sming/compiler/lib/\libsming.a(Station.o)
                0x3fff1500                WifiStation
 .bss._ZL11INADDR_NONE
                0x3fff1524        0x4 c:/tools/SmingRTOS/sming/compiler/lib/\libsming.a(Station.o)
 .bss.System    0x3fff1528        0x1 c:/tools/SmingRTOS/sming/compiler/lib/\libsming.a(System.o)
                0x3fff1528                System
 .bss._ZL11INADDR_NONE
                0x3fff1529        0x4 c:/tools/SmingRTOS/sming/compiler/lib/\libsming.a(HttpClient.o)
 .bss._ZL11INADDR_NONE
                0x3fff152d        0x4 c:/tools/SmingRTOS/sming/compiler/lib/\libsming.a(MqttClient.o)
 .bss._ZL11INADDR_NONE
                0x3fff1531        0x4 c:/tools/SmingRTOS/sming/compiler/lib/\libsming.a(TcpClient.o)
 .bss._ZL11INADDR_NONE
                0x3fff1535        0x4 c:/tools/SmingRTOS/sming/compiler/lib/\libsming.a(TcpConnection.o)
 .bss._ZL11INADDR_NONE
                0x3fff1539        0x4 c:/tools/SmingRTOS/sming/compiler/lib/\libsming.a(CommandExecutor.o)
 *fill*         0x3fff153d        0x3 
 .bss.commandHandler
                0x3fff1540       0x1c c:/tools/SmingRTOS/sming/compiler/lib/\libsming.a(CommandHandler.o)
                0x3fff1540                commandHandler
 .bss._ZL11INADDR_NONE
                0x3fff155c        0x4 c:/tools/SmingRTOS/sming/compiler/lib/\libsming.a(CommandHandler.o)
 .bss._ZL11INADDR_NONE
                0x3fff1560        0x4 c:/tools/SmingRTOS/sming/compiler/lib/\libsming.a(CommandOutput.o)
 .bss._ZN11ArduinoJson10JsonObject8_invalidE
                0x3fff1564        0x8 c:/tools/SmingRTOS/sming/compiler/lib/\libsming.a(ArduinoJson.o)
                0x3fff1564                ArduinoJson::JsonObject::_invalid
 .bss._ZN11ArduinoJson9JsonArray8_invalidE
                0x3fff156c        0x8 c:/tools/SmingRTOS/sming/compiler/lib/\libsming.a(ArduinoJson.o)
                0x3fff156c                ArduinoJson::JsonArray::_invalid
 .bss._ZL11INADDR_NONE
                0x3fff1574        0x4 c:/tools/SmingRTOS/sming/compiler/lib/\libsming.a(DataSourceStream.o)
 .bss.SystemClock
                0x3fff1578       0x18 c:/tools/SmingRTOS/sming/compiler/lib/\libsming.a(SystemClock.o)
                0x3fff1578                SystemClock
 .bss._ZL11INADDR_NONE
                0x3fff1590        0x4 c:/tools/SmingRTOS/sming/compiler/lib/\libsming.a(SystemClock.o)
 .bss.RTC       0x3fff1594        0x1 c:/tools/SmingRTOS/sming/compiler/lib/\libsming.a(RTC.o)
                0x3fff1594                RTC
 .bss._ZL11INADDR_NONE
                0x3fff1595        0x4 c:/tools/SmingRTOS/sming/compiler/lib/\libsming.a(WebSocket.o)
 .bss._ZL11INADDR_NONE
                0x3fff1599        0x4 c:/tools/SmingRTOS/sming/compiler/lib/\libsming.a(CommandDelegate.o)
 .bss._ZL11INADDR_NONE
                0x3fff159d        0x4 c:/tools/SmingRTOS/sming/compiler/lib/\libsming.a(HttpRequest.o)
 .bss._ZL11INADDR_NONE
                0x3fff15a1        0x4 c:/tools/SmingRTOS/sming/compiler/lib/\libsming.a(HttpResponse.o)
 .bss._ZL11INADDR_NONE
                0x3fff15a5        0x4 c:/tools/SmingRTOS/sming/compiler/lib/\libsming.a(HttpServer.o)
 .bss._ZL11INADDR_NONE
                0x3fff15a9        0x4 c:/tools/SmingRTOS/sming/compiler/lib/\libsming.a(HttpServerConnection.o)
 .bss._ZL11INADDR_NONE
                0x3fff15ad        0x4 c:/tools/SmingRTOS/sming/compiler/lib/\libsming.a(TcpServer.o)
 *fill*         0x3fff15b1        0x3 
 .bss.g_rng_function
                0x3fff15b4        0x4 c:/tools/SmingRTOS/sming/compiler/lib/\libsecurity.a(uECC.o)
 *(.gnu.linkonce.b.*)
 *(COMMON)
 COMMON         0x3fff15b8       0x70 c:/tools/SmingRTOS/sming/compiler/lib/\libsming.a(spiffs_sming.o)
                0x3fff15b8                _filesystemStorageHandle
                0x3fff1628                . = ALIGN (0x8)
                0x3fff1628                _bss_end = ABSOLUTE (.)
                0x3fff1628                _heap_start = ABSOLUTE (.)

.text           0x40100000     0x6e1c
                0x40100000                _stext = .
                0x40100000                _text_start = ABSOLUTE (.)
 *(.UserEnter.text)
 .UserEnter.text
                0x40100000        0xd out/build\libmain2.a(xtensa_vectors.o)
                                 0x14 (size before relaxing)
                0x40100004                call_user_start
                0x40100010                . = ALIGN (0x10)
 *fill*         0x4010000d        0x3 
 *(.DebugExceptionVector.text)
 .DebugExceptionVector.text
                0x40100010        0x9 out/build\libmain2.a(xtensa_vectors.o)
                                 0x10 (size before relaxing)
                0x40100010                _DebugExceptionVector
                0x40100020                . = ALIGN (0x10)
 *fill*         0x40100019        0x7 
 *(.NMIExceptionVector.text)
 .NMIExceptionVector.text
                0x40100020        0x6 out/build\libmain2.a(xtensa_vectors.o)
                                  0xd (size before relaxing)
                0x40100020                _NMIExceptionVector
                0x40100030                . = ALIGN (0x10)
 *fill*         0x40100026        0xa 
 *(.KernelExceptionVector.text)
 .KernelExceptionVector.text
                0x40100030        0x6 out/build\libmain2.a(xtensa_vectors.o)
                                  0xd (size before relaxing)
                0x40100030                _KernelExceptionVector
                0x40100036        0x4 LONG 0x0
                0x4010003a        0x4 LONG 0x0
                0x4010003e        0x4 LONG 0x0
                0x40100042        0x4 LONG 0x0
                0x40100050                . = ALIGN (0x10)
 *fill*         0x40100046        0xa 
 *(.UserExceptionVector.text)
 .UserExceptionVector.text
                0x40100050        0x6 out/build\libmain2.a(xtensa_vectors.o)
                                  0xd (size before relaxing)
                0x40100050                _UserExceptionVector
                0x40100056        0x4 LONG 0x0
                0x4010005a        0x4 LONG 0x0
                0x4010005e        0x4 LONG 0x0
                0x40100062        0x4 LONG 0x0
                0x40100070                . = ALIGN (0x10)
 *fill*         0x40100066        0xa 
 *(.DoubleExceptionVector.text)
 .DoubleExceptionVector.text
                0x40100070        0x9 out/build\libmain2.a(xtensa_vectors.o)
                                 0x10 (size before relaxing)
                0x40100070                _DoubleExceptionVector
                0x40100079        0x4 LONG 0x0
                0x4010007d        0x4 LONG 0x0
                0x40100081        0x4 LONG 0x0
                0x40100085        0x4 LONG 0x0
                0x40100090                . = ALIGN (0x10)
 *fill*         0x40100089        0x7 
 *(.entry.text)
 *(.init.literal)
 *(.init)
 *(.literal .text .stub .gnu.warning .gnu.linkonce.literal.* .gnu.linkonce.t.*.literal .gnu.linkonce.t.*)
 .text          0x40100090       0x78 out/build/app_app.a(rboot-bigflash.o)
                                 0x7c (size before relaxing)
                0x401000a4                Cache_Read_Enable_New
 .text          0x40100108      0x40c out/build\libmain2.a(spi_flash.o)
                                0x4e4 (size before relaxing)
                0x40100118                SPIWrite
                0x401001f4                SPIRead
                0x40100224                SPIEraseSector
                0x40100274                Cache_Read_Disable_2
                0x401002b4                Cache_Read_Enable_2
                0x401002f0                spi_flash_get_id
                0x40100360                spi_flash_read_status
                0x401003a0                spi_flash_write_status
                0x40100420                spi_flash_erase_sector
                0x40100464                spi_flash_write
                0x401004cc                spi_flash_read
 .text          0x40100514      0x1da out/build\libmain2.a(xtensa_vectors.o)
                                0x212 (size before relaxing)
                0x401005bc                _xt_user_exit
 *fill*         0x401006ee        0x2 
 .text          0x401006f0      0x402 out/build\libmain2.a(app_main.o)
                                0x456 (size before relaxing)
                0x40100860                user_fatal_exception_handler
                0x40100938                do_global_ctors
                0x4010099c                user_start
 *fill*         0x40100af2        0x2 
 .text          0x40100af4      0x512 out/build\libmain2.a(printf-stdarg.o)
                                0x536 (size before relaxing)
                0x40100af4                putchar
                0x40100ca8                print
                0x40100f1c                ets_printf
                0x40100f1c                printf
                0x40100ff0                puts
 *fill*         0x40101006        0x2 
 .text          0x40101008      0x312 out/build\libmain2.a(user_interface.o)
                                0x37e (size before relaxing)
                0x4010103c                system_restart_in_nmi
                0x40101228                wifi_set_user_rate_limit
                0x4010126c                system_rtc_mem_write
                0x401012c4                system_rtc_mem_read
 *fill*         0x4010131a        0x2 
 .text          0x4010131c      0x187 out/build\libmain2.a(os_cpu_a.o)
                                0x1bf (size before relaxing)
                0x4010131c                vPortYield
                0x40101358                _xt_int_enter
                0x40101370                _xt_int_exit
                0x40101398                _xt_timer_int
                0x401013cc                _xt_timer_int1
                0x401013e8                _xt_tick_timer_init
                0x4010140c                _xt_update_xt_ccompare
                0x40101428                _xt_set_xt_ccompare_val
                0x40101440                _xt_isr_unmask
                0x40101460                _xt_isr_mask
                0x40101484                _xt_read_ints
                0x40101494                _xt_clear_ints
 *fill*         0x401014a3        0x1 
 .text          0x401014a4      0x28b C:\Espressif\ESP8266_RTOS_SDK/lib\libfreertos.a(heap_4.o)
                                0x2e3 (size before relaxing)
                0x401014a4                xPortWantedSizeAlign
                0x401014c0                malloc
                0x401014c0                pvPortMalloc
                0x401015a0                vPortFree
                0x401015a0                free
                0x40101630                calloc
                0x40101630                pvPortCalloc
                0x40101658                pvPortZalloc
                0x40101658                zalloc
                0x4010166c                realloc
                0x4010166c                pvPortRealloc
 *fill*         0x4010172f        0x1 
 .text          0x40101730      0x1c9 C:\Espressif\ESP8266_RTOS_SDK/lib\libfreertos.a(port.o)
                                0x225 (size before relaxing)
                0x40101734                PendSV
                0x40101788                SoftIsrHdl
                0x401017c8                xPortSysTickHandle
                0x401017e0                vPortEnterCritical
                0x40101804                vPortExitCritical
                0x4010182c                PortDisableInt_NoNest
                0x4010184c                PortEnableInt_NoNest
                0x4010186c                _xt_isr_handler
 *fill*         0x401018f9        0x3 
 .text          0x401018fc       0xc7 C:\Espressif\ESP8266_RTOS_SDK/lib\libfreertos.a(queue.o)
                                 0xd7 (size before relaxing)
                0x401018fc                uxQueueMessagesWaitingFromISR
 *fill*         0x401019c3        0x1 
 .text          0x401019c4      0x2a1 C:\Espressif\ESP8266_RTOS_SDK/lib\libfreertos.a(tasks.o)
                                0x2ed (size before relaxing)
                0x401019d4                xTaskIncrementTick
                0x40101b44                vTaskSwitchContext
                0x40101c14                vTaskPriorityDisinherit
 *fill*         0x40101c65        0x3 
 .text          0x40101c68       0x53 C:\Espressif\ESP8266_RTOS_SDK/lib\libphy.a(phy.o)
                                 0x5f (size before relaxing)
                0x40101c70                register_phy_ops
                0x40101c90                register_get_phy_addr
                0x40101c98                phy_change_channel
                0x40101cb0                phy_get_mactime
 *fill*         0x40101cbb        0x1 
 .text          0x40101cbc       0xaa C:\Espressif\ESP8266_RTOS_SDK/lib\libphy.a(phy_chip_v6_cal.o)
                                 0xb2 (size before relaxing)
                0x40101cbc                unsign_to_sign
                0x40101cf4                phy_get_bb_freqoffset
                0x40101d58                phy_get_bb_evm
 *fill*         0x40101d66        0x2 
 .text          0x40101d68       0xf3 C:\Espressif\ESP8266_RTOS_SDK/lib\libphy.a(phy_sleep.o)
                                0x103 (size before relaxing)
                0x40101d78                pm_rtc_clock_cali
                0x40101e30                clockgate_watchdog
 *fill*         0x40101e5b        0x1 
 .text          0x40101e5c     0x1694 C:\Espressif\ESP8266_RTOS_SDK/lib\libpp.a(lmac.o)
                               0x1a50 (size before relaxing)
                0x40101e60                lmacIsActive
                0x40101e74                lmacIsIdle
                0x401022f4                lmacSetAcParam
                0x40102378                lmacProcessTXStartData
                0x4010251c                lmacProcessTxSuccess
                0x40102658                GetAccess
                0x40102664                lmacDiscardAgedMSDU
                0x40102678                lmacRecycleMPDU
                0x40102c84                lmacProcessTxTimeout
                0x40102cec                lmacProcessAllTxTimeout
                0x40102d04                lmacProcessCollisions
                0x40102d64                lmacProcessCollision
                0x40102de8                lmacMSDUAged
                0x40103174                lmacProcessCtsTimeout
                0x401031bc                lmacProcessAckTimeout
                0x40103210                lmacProcessRtsStart
                0x4010321c                lmacProcessTxRtsError
                0x401032b8                lmacProcessTxError
                0x4010333c                lmacTxFrame
                0x401034d8                lmacRxDone
 .text          0x401034f0      0xcbd C:\Espressif\ESP8266_RTOS_SDK/lib\libpp.a(pp.o)
                                0xf51 (size before relaxing)
                0x40103674                ppProcessTxQ
                0x40103734                ppFetchTxQFirstAvail
                0x40103798                ppDequeueTxQ
                0x401037e4                ppRollBackTxQ
                0x40103828                ppRecordBarRRC
                0x40103838                ppTxqUpdateBitmap
                0x40103860                ppEnqueueTxDone
                0x401038a4                ppEnqueueRxq
                0x40103e40                ppDiscardMPDU
                0x40103e70                MacIsrSigPostDefHdl
                0x40103f50                pp_post
                0x4010407c                ppCalTxop
                0x40104140                ppCalFrameTimes
 *fill*         0x401041ad        0x3 
 .text          0x401041b0       0xf5 C:\Espressif\ESP8266_RTOS_SDK/lib\libpp.a(rate_control.o)
                                0x109 (size before relaxing)
                0x401041d0                RC_GetAckRate
                0x401041dc                RC_GetRtsRate
                0x401041ec                RC_GetAckTime
                0x40104200                RC_GetCtsTime
                0x40104238                RC_GetBlockAckTime
 *fill*         0x401042a5        0x3 
 .text          0x401042a8      0x99d C:\Espressif\ESP8266_RTOS_SDK/lib\libpp.a(trc.o)
                                0xa05 (size before relaxing)
                0x40104478                rcUpdateTxDone
                0x4010450c                rcUpdateRxDone
                0x40104568                rcUpdateDataRxDone
                0x40104584                rcGetSched
                0x40104668                rcGetRate
                0x40104b78                rcReachRetryLimit
                0x40104b90                trc_NeedRTS
 *fill*         0x40104c45        0x3 
 .text          0x40104c48     0x1230 C:\Espressif\ESP8266_RTOS_SDK/lib\libpp.a(wdev.o)
                               0x158c (size before relaxing)
                0x40105070                wDev_MacTimSetFunc
                0x40105094                wDev_MacTimArm
                0x40105124                wDev_MacTim1Arm
                0x401051e4                wDev_ProcessFiq
                0x40105560                wDev_EnableTransmit
                0x40105598                wDev_DisableTransmit
                0x401055b8                Tx_Copy2Queue
                0x40105600                wDev_ProcessCollision
                0x40105624                wDev_GetTxqCollisions
                0x40105634                wDev_ClearTxqCollisions
                0x40105650                wDev_SetWaitingQueue
                0x40105698                wDev_ClearWaitingQueue
                0x401056bc                wDev_SetFrameAckType
                0x40105724                wDev_AppendRxBlocks
                0x401058a8                wDev_AppendRxAmpduLensBlocks
                0x401059ac                wDev_GetBAInfo
 .text          0x40105e78       0x7c C:\Espressif\ESP8266_RTOS_SDK/lib\libpp.a(esf_buf.o)
                                 0xa8 (size before relaxing)
                0x40105e7c                esf_rx_buf_alloc
 .text          0x40105ef4        0xb C:\Espressif\ESP8266_RTOS_SDK/lib\libnet80211.a(wl_chm.o)
                0x40105ef8                chm_get_current_channel
 *fill*         0x40105eff        0x1 
 .text          0x40105f00       0x17 C:\Espressif\ESP8266_RTOS_SDK/lib\libwpa.a(os_xtensa.o)
                                 0x1b (size before relaxing)
                0x40105f04                r_rand
                0x40105f04                os_random
 *fill*         0x40105f17        0x1 
 .text          0x40105f18       0x63 out/build\libmain2.a(routines.o)
                                 0x73 (size before relaxing)
                0x40105f18                __cxa_deleted_virtual
                0x40105f20                __cxa_pure_virtual
                0x40105f28                operator delete[](void*)
                0x40105f3c                operator delete(void*)
                0x40105f50                operator new[](unsigned int)
                0x40105f64                operator new(unsigned int)
                0x40105f78                abort
 *fill*         0x40105f7b        0x1 
 .text          0x40105f7c      0x133 c:/tools/SmingRTOS/sming/compiler/lib/\libsming.a(Digital.o)
                                0x137 (size before relaxing)
                0x40105f84                digitalRead(unsigned short)
                0x40105fb0                pullup(unsigned short)
                0x40105fd8                noPullup(unsigned short)
                0x40106008                isInputPin(unsigned short)
                0x40106040                digitalWrite(unsigned short, unsigned char)
 *fill*         0x401060af        0x1 
 .text          0x401060b0       0xf7 c:/tools/SmingRTOS/sming/compiler/lib/\libsming.a(HardwareSerial.o)
                                0x103 (size before relaxing)
                0x401060c8                HardwareSerial::uartReceiveInterruptHandler(void*)
 *fill*         0x401061a7        0x1 
 .text          0x401061a8       0x92 c:/tools/SmingRTOS/sming/compiler/lib/\libsming.a(Interrupts.o)
 *fill*         0x4010623a        0x2 
 .text          0x4010623c      0x33a c:/tools/SmingRTOS/sming/compiler/lib/\libsming.a(Timer.o)
                                0x35a (size before relaxing)
                0x40106240                Timer::stop()
                0x40106284                Timer::start(bool)
                0x401062f4                Timer::processing(void*)
                0x40106348                Timer::restart()
                0x40106368                Timer::setCallback(void (*)())
                0x401063b0                Timer::setIntervalUs(unsigned long long)
                0x40106424                Timer::setIntervalMs(unsigned int)
                0x40106450                Timer::initializeMs(unsigned int, void (*)())
                0x40106478                Timer::initializeUs(unsigned int, void (*)())
                0x401064a8                Timer::setCallback(Delegate<void ()>)
                0x401064d8                Timer::initializeMs(unsigned int, Delegate<void ()>)
                0x40106528                Timer::initializeUs(unsigned int, Delegate<void ()>)
 *fill*         0x40106576        0x2 
 .text          0x40106578      0x318 c:/tools/SmingRTOS/sming/compiler/lib/\libsming.a(WString.o)
                                0x340 (size before relaxing)
                0x4010657c                String::compareTo(String const&) const
                0x401065c4                String::equals(String const&) const
                0x401065ec                String::equals(char const*) const
                0x40106634                String::setCharAt(unsigned int, char)
                0x40106648                String::operator[](unsigned int) const
                0x40106660                String::charAt(unsigned int) const
                0x40106674                String::operator[](unsigned int)
                0x4010668c                String::invalidate()
                0x401066b4                String::changeBuffer(unsigned int)
                0x401066ec                String::concat(char const*, unsigned int)
                0x40106748                String::operator=(String const&)
                0x40106778                String::String(String const&)
                0x40106778                String::String(String const&)
                0x40106794                String::operator=(char const*)
                0x401067c8                String::String(char const*)
                0x401067c8                String::String(char const*)
                0x40106800                String::String(char const*, unsigned int)
                0x40106800                String::String(char const*, unsigned int)
                0x40106824                String::String(String&&)
                0x40106824                String::String(String&&)
                0x40106840                String::String(StringSumHelper&&)
                0x40106840                String::String(StringSumHelper&&)
                0x40106860                String::indexOf(char) const
                0x4010687c                String::indexOf(String const&) const
 .literal       0x40106890        0x4 C:\Espressif\ESP8266_RTOS_SDK/lib\libgcc.a(_mulsf3.o)
                                 0x10 (size before relaxing)
 .literal       0x40106894        0x0 C:\Espressif\ESP8266_RTOS_SDK/lib\libgcc.a(_divsf3.o)
                                 0x10 (size before relaxing)
 .literal       0x40106894        0x0 C:\Espressif\ESP8266_RTOS_SDK/lib\libgcc.a(_fixsfsi.o)
                                  0x4 (size before relaxing)
 .literal       0x40106894        0x4 C:\Espressif\ESP8266_RTOS_SDK/lib\libgcc.a(_cmpdf2.o)
                                 0x18 (size before relaxing)
 .text          0x40106898      0x15d C:\Espressif\ESP8266_RTOS_SDK/lib\libgcc.a(_mulsf3.o)
                0x40106910                __mulsf3
 *fill*         0x401069f5        0x3 
 .text          0x401069f8      0x135 C:\Espressif\ESP8266_RTOS_SDK/lib\libgcc.a(_divsf3.o)
                0x40106a74                __divsf3
 *fill*         0x40106b2d        0x3 
 .text          0x40106b30       0x40 C:\Espressif\ESP8266_RTOS_SDK/lib\libgcc.a(_fixsfsi.o)
                0x40106b30                __fixsfsi
 .text          0x40106b70      0x169 C:\Espressif\ESP8266_RTOS_SDK/lib\libgcc.a(_cmpdf2.o)
                0x40106b70                __nedf2
                0x40106b70                __eqdf2
                0x40106ba0                __gtdf2
                0x40106bc4                __ledf2
                0x40106c28                __gedf2
                0x40106c4c                __ltdf2
                0x40106cb0                __unorddf2
 *fill*         0x40106cd9        0x0 
 *fill*         0x40106cd9        0x0 
 *fill*         0x40106cd9        0x0 
 *fill*         0x40106cd9        0x0 
 *fill*         0x40106cd9        0x3 
 .text          0x40106cdc       0x3d out/build\libmain2.a(xtensa_context.o)
                0x40106cdc                _xt_context_save
                0x40106cf8                _xt_context_restore
 *fill*         0x40106d19        0x0 
 *fill*         0x40106d19        0x0 
 *fill*         0x40106d19        0x0 
 *fill*         0x40106d19        0x0 
 *fill*         0x40106d19        0x3 
 .text          0x40106d1c       0x37 C:\Espressif\ESP8266_RTOS_SDK/lib\libfreertos.a(list.o)
                0x40106d1c                vListInsertEnd
                0x40106d34                uxListRemove
 *fill*         0x40106d53        0x1 
 .text          0x40106d54       0x49 C:\Espressif\ESP8266_RTOS_SDK/lib\libgcc.a(_modsi3.o)
                0x40106d54                __modsi3
 *fill*         0x40106d9d        0x3 
 .text          0x40106da0       0x20 c:/espressif/xtensa-lx106-elf/bin/../lib/gcc/xtensa-lx106-elf/5.1.0/../../../../xtensa-lx106-elf/lib\libhal.a(clock.o)
                0x40106da0                xthal_get_ccount
                0x40106da8                xthal_set_ccompare
                0x40106db4                xthal_get_ccompare
 .text          0x40106dc0        0x5 c:/espressif/xtensa-lx106-elf/bin/../lib/gcc/xtensa-lx106-elf/5.1.0/../../../../xtensa-lx106-elf/lib\libhal.a(int_asm--set_intset.o)
                0x40106dc0                xthal_set_intset
 *fill*         0x40106dc5        0x0 
 *fill*         0x40106dc5        0x0 
 *fill*         0x40106dc5        0x0 
 *fill*         0x40106dc5        0x0 
 *fill*         0x40106dc5        0x0 
 *fill*         0x40106dc5        0x0 
 *fill*         0x40106dc5        0x3 
 .text          0x40106dc8       0x25 C:\Espressif\ESP8266_RTOS_SDK/lib\libnet80211.a(ieee80211_hostap.o)
 *fill*         0x40106ded        0x0 
 *fill*         0x40106ded        0x0 
 *fill*         0x40106ded        0x3 
 .text          0x40106df0       0x11 C:\Espressif\ESP8266_RTOS_SDK/lib\libwpa.a(wpa_auth.o)
 *fill*         0x40106e01        0x0 
 *fill*         0x40106e01        0x0 
 *fill*         0x40106e01        0x0 
 *fill*         0x40106e01        0x0 
 *fill*         0x40106e01        0x0 
 *fill*         0x40106e01        0x3 
 .text          0x40106e04       0x18 C:\Espressif\ESP8266_RTOS_SDK/lib\libgcc.a(_ashrdi3.o)
                0x40106e04                __ashrdi3
 *fill*         0x40106e1c        0x0 
 *fill*         0x40106e1c        0x0 
 *(.fini.literal)
 *(.fini)
 *(.gnu.version)
                0x40106e1c                _text_end = ABSOLUTE (.)
                0x40106e1c                _etext = .

.lit4           0x40106e1c        0x0
                0x40106e1c                _lit4_start = ABSOLUTE (.)
 *(*.lit4)
 *(.lit4.*)
 *(.gnu.linkonce.lit4.*)
                0x40106e1c                _lit4_end = ABSOLUTE (.)

.irom0.text     0x40202010    0x4d653
                0x40202010                _irom0_text_start = ABSOLUTE (.)
 *(.irom0.literal .irom.literal .irom.text.literal .irom0.text .irom.text)
 .irom0.text    0x40202010      0x8ae out/build\libmain2.a(app_main.o)
                                0xa5a (size before relaxing)
                0x402021f8                user_uart_wait_tx_fifo_empty
                0x40202330                uart_rx_one_char
                0x40202354                wdt_init
                0x402023f0                user_init_task
                0x4020286c                vApplicationStackOverflowHook
                0x402028a0                vApplicationTickHook
 *fill*         0x402028be        0x2 
 .irom0.text    0x402028c0      0x437 out/build\libmain2.a(ets_timer.o)
                                0x4f3 (size before relaxing)
                0x4020297c                os_timer_setfn
                0x4020297c                ets_timer_setfn
                0x40202a10                ets_timer_disarm
                0x40202a10                os_timer_disarm
                0x40202a6c                ets_timer_arm_ms_us
                0x40202aec                os_timer_arm_us
                0x40202aec                ets_timer_arm_us
                0x40202b00                os_timer_arm
                0x40202b00                ets_timer_arm
                0x40202b14                ets_timer_done
                0x40202b44                ets_timer_handler_isr
                0x40202c70                ets_timer_init
 *fill*         0x40202cf7        0x1 
 .irom0.text    0x40202cf8       0xf7 out/build\libmain2.a(misc.o)
                                0x10b (size before relaxing)
                0x40202d00                ets_delay_us
                0x40202d00                os_delay_us
                0x40202d34                ets_update_cpu_frequency
                0x40202d34                os_update_cpu_frequency
                0x40202d3c                os_get_cpu_frequency
                0x40202d48                os_install_putc1
                0x40202d50                os_putc
                0x40202d68                gpio_output_set
                0x40202d8c                rtc_get_reset_reason
                0x40202dd4                bit_popcount
 *fill*         0x40202def        0x1 
 .irom0.text    0x40202df0       0x46 out/build\libmain2.a(uart.o)
                                 0x4e (size before relaxing)
                0x40202df0                uart_buff_switch
                0x40202dfc                uart_div_modify
                0x40202e34                Uart_Init
 *fill*         0x40202e36        0x2 
 .irom0.text    0x40202e38     0x30a1 out/build\libmain2.a(user_interface.o)
                               0x3b25 (size before relaxing)
                0x40203008                system_pp_recycle_rx_pkt
                0x4020301c                system_adc_read
                0x40203034                system_get_vdd33
                0x40203050                system_restart
                0x402030a4                system_restore
                0x402030fc                system_get_flash_size_map
                0x4020311c                system_get_boot_version
                0x40203154                system_get_test_result
                0x4020317c                system_get_userbin_addr
                0x40203214                system_get_boot_mode
                0x40203244                system_restart_enhance
                0x40203370                system_upgrade_userbin_set
                0x402033bc                system_upgrade_userbin_check
                0x402033fc                system_upgrade_flag_set
                0x40203410                system_upgrade_flag_check
                0x40203438                system_upgrade_reboot
                0x40203560                system_deep_sleep_instant
                0x402036f8                system_deep_sleep
                0x4020374c                system_deep_sleep_set_option
                0x40203768                system_phy_temperature_alert
                0x4020377c                system_phy_set_max_tpw
                0x40203790                system_phy_set_tpw_via_vdd33
                0x402037a4                system_phy_set_rfoption
                0x402037b8                system_update_cpu_freq
                0x40203810                system_get_cpu_freq
                0x4020382c                system_overclock
                0x40203858                system_restoreclock
                0x4020388c                system_get_time
                0x402038a0                system_relative_time
                0x402038bc                system_station_got_ip_set
                0x402039e8                system_print_meminfo
                0x40203a48                system_get_free_heap_size
                0x40203a60                system_get_chip_id
                0x40203a84                system_rtc_clock_cali_proc
                0x40203a98                system_get_rtc_time
                0x40203aa4                system_get_rst_info
                0x40203aac                system_get_data_of_array_8
                0x40203ad0                system_get_data_of_array_16
                0x40203afc                system_get_string_from_flash
                0x40203b68                wifi_get_netif
                0x40203b88                wifi_softap_dhcps_start
                0x40203be4                wifi_softap_dhcps_stop
                0x40203c38                wifi_softap_dhcps_status
                0x40203c40                wifi_station_dhcpc_start
                0x40203cb0                wifi_station_dhcpc_stop
                0x40203d08                wifi_station_dhcpc_event
                0x40203d68                wifi_station_dhcpc_set_maxtry
                0x40203d78                wifi_station_dhcpc_status
                0x40203df0                wifi_get_opmode
                0x40203e04                wifi_get_opmode_default
                0x40203f38                wifi_set_opmode
                0x40203f4c                wifi_set_opmode_current
                0x40203f60                system_get_checksum
                0x40203fa0                wifi_param_save_protect_with_check
                0x40204024                system_param_save_with_protect
                0x402040c0                system_save_sys_param
                0x402040e8                system_param_load
                0x40204218                wifi_station_get_config
                0x4020422c                wifi_station_get_config_default
                0x4020424c                wifi_station_get_ap_info
                0x40204314                wifi_station_ap_number_set
                0x40204624                wifi_station_set_config
                0x40204638                wifi_station_set_config_current
                0x4020464c                wifi_station_get_current_ap_id
                0x40204660                wifi_station_ap_check
                0x40204698                wifi_station_ap_change
                0x402047c0                wifi_station_scan
                0x40204820                wifi_station_get_auto_connect
                0x40204834                wifi_station_set_auto_connect
                0x40204884                wifi_station_connect
                0x40204930                wifi_station_disconnect
                0x40204a14                wifi_station_get_connect_status
                0x40204a44                wifi_station_set_reconnect_policy
                0x40204a50                wifi_station_get_reconnect_policy
                0x40204a58                wifi_station_get_rssi
                0x40204a9c                wifi_softap_cacl_mac
                0x40204b10                wifi_softap_set_default_ssid
                0x40204cf0                wifi_softap_get_config
                0x40204d04                wifi_softap_get_config_default
                0x40204f90                wifi_softap_set_config
                0x40204fa4                wifi_softap_set_config_current
                0x40204fb8                wifi_softap_set_station_info
                0x4020502c                wifi_softap_get_station_info
                0x402050f0                wifi_softap_free_station_info
                0x40205140                wifi_softap_get_station_num
                0x40205194                wifi_softap_deauth
                0x40205260                wifi_register_user_ie_manufacturer_recv_cb
                0x40205274                wifi_unregister_user_ie_manufacturer_recv_cb
                0x40205298                wifi_set_user_ie
                0x40205398                wifi_get_user_ie
                0x402053cc                wifi_get_phy_mode
                0x402053d4                wifi_set_phy_mode
                0x402054a8                wifi_set_sleep_type
                0x402054c4                wifi_get_sleep_type
                0x402054dc                wifi_get_channel
                0x40205510                wifi_set_channel
                0x40205594                wifi_promiscuous_set_mac
                0x40205604                wifi_promiscuous_enable
                0x402056fc                wifi_set_promiscuous_rx_cb
                0x4020570c                wifi_get_ip_info
                0x4020579c                wifi_set_ip_info
                0x40205830                wifi_create_linklocal_ip
                0x40205860                wifi_get_linklocal_ip
                0x40205894                wifi_get_ipinfo_v6
                0x402058d0                wifi_get_macaddr
                0x4020593c                wifi_set_macaddr
                0x40205a6c                wifi_enable_6m_rate
                0x40205a90                wifi_get_user_fixed_rate
                0x40205ad0                wifi_set_user_fixed_rate
                0x40205b10                wifi_set_user_sup_rate
                0x40205b5c                wifi_get_user_limit_rate_mask
                0x40205b80                wifi_set_user_limit_rate_mask
                0x40205bb4                wifi_register_send_pkt_freedom_cb
                0x40205be4                wifi_unregister_send_pkt_freedom_cb
                0x40205c04                wifi_send_pkt_freedom
                0x40205c64                wifi_rfid_locp_recv_open
                0x40205c88                wifi_rfid_locp_recv_close
                0x40205ca8                wifi_register_rfid_locp_recv_cb
                0x40205cd0                wifi_unregister_rfid_locp_recv_cb
                0x40205cf0                wifi_status_led_install
                0x40205d48                wifi_status_led_uninstall
                0x40205d7c                wifi_set_status_led_output_level
                0x40205dcc                wifi_set_event_handler_cb
                0x40205e3c                system_uart_swap
                0x40205e9c                system_uart_de_swap
                0x40205ed4                system_get_sdk_version
 *fill*         0x40205ed9        0x3 
 .irom0.text    0x40205edc        0xe C:\Espressif\ESP8266_RTOS_SDK/lib\libfreertos.a(heap_4.o)
                0x40205ee0                xPortGetFreeHeapSize
                0x40205ee8                vPortInitialiseBlocks
 *fill*         0x40205eea        0x2 
 .irom0.text    0x40205eec       0x9c C:\Espressif\ESP8266_RTOS_SDK/lib\libfreertos.a(port.o)
                                 0xa8 (size before relaxing)
                0x40205ef0                pxPortInitialiseStack
                0x40205f30                xPortStartScheduler
                0x40205f6c                vPortEndScheduler
                0x40205f70                ResetCcountVal
                0x40205f7c                _xt_isr_attach
 .irom0.text    0x40205f88      0x757 C:\Espressif\ESP8266_RTOS_SDK/lib\libfreertos.a(queue.o)
                                0x8a7 (size before relaxing)
                0x40205f88                xQueueGenericReset
                0x40206018                xQueueGenericCreate
                0x40206078                xQueueCreateMutex
                0x402060d4                xQueueGiveMutexRecursive
                0x4020610c                xQueueTakeMutexRecursive
                0x4020614c                xQueueCreateCountingSemaphore
                0x40206170                xQueueGenericSend
                0x40206280                xQueueGenericSendFromISR
                0x402062f4                xQueueGenericReceive
                0x40206458                xQueueReceiveFromISR
                0x402064c8                xQueuePeekFromISR
                0x402064f8                uxQueueMessagesWaiting
                0x40206520                vQueueDelete
                0x40206630                xQueueIsQueueEmptyFromISR
                0x40206674                xQueueIsQueueFullFromISR
                0x40206688                vQueueWaitForMessageRestricted
 *fill*         0x402066df        0x1 
 .irom0.text    0x402066e0      0xbe6 C:\Espressif\ESP8266_RTOS_SDK/lib\libfreertos.a(tasks.o)
                                0xe3e (size before relaxing)
                0x402066ec                xTaskGenericCreate
                0x402067f4                vTaskDelete
                0x4020686c                vTaskDelayUntil
                0x402068d8                vTaskDelay
                0x40206920                uxTaskPriorityGet
                0x4020694c                vTaskPrioritySet
                0x40206a20                vTaskSuspend
                0x40206aa4                xTaskIsTaskSuspended
                0x40206ac8                vTaskResume
                0x40206b48                xTaskResumeFromISR
                0x40206bd8                vTaskStartScheduler
                0x40206c38                vTaskEndScheduler
                0x40206c5c                vTaskSuspendAll
                0x40206c74                prvGetExpectedIdleTime
                0x40206ca4                xTaskResumeAll
                0x40206da0                xTaskGetTickCount
                0x40206dc4                xTaskGetTickCountFromISR
                0x40206dd0                uxTaskGetNumberOfTasks
                0x40206ddc                xTaskGetIdleTaskHandle
                0x40206de4                vTaskStepTick
                0x40206df8                vTaskPlaceOnEventList
                0x40206e50                vTaskPlaceOnEventListRestricted
                0x40206e90                xTaskRemoveFromEventList
                0x40206f10                vTaskSetTimeOutState
                0x40206f24                xTaskCheckForTimeOut
                0x40206f80                vTaskMissedYield
                0x40206fb0                eTaskConfirmSleepModeStatus
                0x402071d8                uxTaskGetStackHighWaterMark
                0x40207218                xTaskGetCurrentTaskHandle
                0x40207224                xTaskGetSchedulerState
                0x40207244                vTaskPriorityInherit
 *fill*         0x402072c6        0x2 
 .irom0.text    0x402072c8      0x40c C:\Espressif\ESP8266_RTOS_SDK/lib\libfreertos.a(timers.o)
                                0x4d0 (size before relaxing)
                0x402072d8                xTimerCreateTimerTask
                0x40207328                xTimerCreate
                0x4020737c                xTimerGenericCommand
                0x402073d8                xTimerGetTimerDaemonTaskHandle
                0x402076a8                xTimerIsTimerActive
                0x402076d0                pvTimerGetTimerID
 .irom0.text    0x402076d4     0x139e C:\Espressif\ESP8266_RTOS_SDK/lib\liblwip.a(dhcp.o)
                               0x156a (size before relaxing)
                0x40207928                dhcp_coarse_tmr
                0x40207974                dhcp_fine_tmr
                0x40207bd0                dhcp_set_struct
                0x40207bf8                dhcp_cleanup
                0x40207c20                dhcp_start
                0x40207cd4                dhcp_inform
                0x40207d7c                dhcp_network_changed
                0x40207dc4                dhcp_arp_reply
                0x402080a0                dhcp_renew
                0x402082b8                dhcp_release
                0x4020837c                dhcp_stop
 *fill*         0x40208a72        0x2 
 .irom0.text    0x40208a74      0xc47 C:\Espressif\ESP8266_RTOS_SDK/lib\liblwip.a(dhcpserver.o)
                                0xde7 (size before relaxing)
                0x40208a74                node_insert_to_list
                0x40208aac                node_remove_from_list
                0x40209364                dhcps_start
                0x402093d0                dhcps_stop
                0x40209430                wifi_softap_set_dhcps_lease
                0x4020951c                wifi_softap_get_dhcps_lease
                0x402095a8                dhcps_coarse_tmr
                0x40209614                wifi_softap_set_dhcps_offer_option
                0x40209658                wifi_softap_set_dhcps_lease_time
                0x40209688                wifi_softap_reset_dhcps_lease_time
                0x402096b4                wifi_softap_get_dhcps_lease_time
 *fill*         0x402096bb        0x1 
 .irom0.text    0x402096bc      0x5eb C:\Espressif\ESP8266_RTOS_SDK/lib\liblwip.a(dns.o)
                                0x68b (size before relaxing)
                0x402096c8                dns_init
                0x40209708                dns_setserver
                0x40209728                dns_getserver
                0x4020973c                dns_tmr
                0x40209c44                dns_gethostbyname
 *fill*         0x40209ca7        0x1 
 .irom0.text    0x40209ca8      0x8a6 C:\Espressif\ESP8266_RTOS_SDK/lib\liblwip.a(etharp.o)
                                0x98e (size before relaxing)
                0x40209d08                etharp_tmr
                0x40209f2c                etharp_cleanup_netif
                0x40209f68                etharp_find_addr
                0x4020a144                etharp_output
                0x4020a258                etharp_query
                0x4020a458                etharp_request
                0x4020a480                ethernet_input
 *fill*         0x4020a54e        0x2 
 .irom0.text    0x4020a550      0x382 C:\Espressif\ESP8266_RTOS_SDK/lib\liblwip.a(ip4_addr.o)
                                0x3a2 (size before relaxing)
                0x4020a550                ip4_addr_isbroadcast
                0x4020a580                ip4_addr_netmask_valid
                0x4020a5c0                ipaddr_addr
                0x4020a5e0                ipaddr_aton
                0x4020a7fc                ipaddr_ntoa
                0x4020a810                ipaddr_ntoa_r
 *fill*         0x4020a8d2        0x2 
 .irom0.text    0x4020a8d4      0x441 C:\Espressif\ESP8266_RTOS_SDK/lib\liblwip.a(ip4.o)
                                0x4d9 (size before relaxing)
                0x4020a8d8                ip_route
                0x4020a944                ip_input
                0x4020ab90                ip_output_if
                0x4020acdc                ip_output
 *fill*         0x4020ad15        0x3 
 .irom0.text    0x4020ad18      0xb72 C:\Espressif\ESP8266_RTOS_SDK/lib\liblwip.a(ip6.o)
                                0xc46 (size before relaxing)