Archive member included because of file (symbol)

C:\Espressif\ESP8266_RTOS_SDK/lib\libmain.a(xtensa_vectors.o)
                              (call_user_start)
C:\Espressif\ESP8266_RTOS_SDK/lib\libmain.a(app_main.o)
                              C:\Espressif\ESP8266_RTOS_SDK/lib\libmain.a(xtensa_vectors.o) (user_fatal_exception_handler)
C:\Espressif\ESP8266_RTOS_SDK/lib\libmain.a(ets_timer.o)
                              C:\Espressif\ESP8266_RTOS_SDK/lib\libmain.a(app_main.o) (ets_timer_init)
C:\Espressif\ESP8266_RTOS_SDK/lib\libmain.a(misc.o)
                              C:\Espressif\ESP8266_RTOS_SDK/lib\libmain.a(app_main.o) (_putc1)
C:\Espressif\ESP8266_RTOS_SDK/lib\libmain.a(printf-stdarg.o)
                              C:\Espressif\ESP8266_RTOS_SDK/lib\libmain.a(app_main.o) (printf)
C:\Espressif\ESP8266_RTOS_SDK/lib\libmain.a(spi_flash.o)
                              C:\Espressif\ESP8266_RTOS_SDK/lib\libmain.a(app_main.o) (flashchip)
C:\Espressif\ESP8266_RTOS_SDK/lib\libmain.a(uart.o)
                              C:\Espressif\ESP8266_RTOS_SDK/lib\libmain.a(app_main.o) (uart_div_modify)
C:\Espressif\ESP8266_RTOS_SDK/lib\libmain.a(user_interface.o)
                              C:\Espressif\ESP8266_RTOS_SDK/lib\libmain.a(app_main.o) (rst_if)
C:\Espressif\ESP8266_RTOS_SDK/lib\libmain.a(os_cpu_a.o)
                              C:\Espressif\ESP8266_RTOS_SDK/lib\libmain.a(xtensa_vectors.o) (_xt_int_enter)
C:\Espressif\ESP8266_RTOS_SDK/lib\libmain.a(xtensa_context.o)
                              C:\Espressif\ESP8266_RTOS_SDK/lib\libmain.a(os_cpu_a.o) (_xt_context_save)
C:\Espressif\ESP8266_RTOS_SDK/lib\libfreertos.a(heap_4.o)
                              C:\Espressif\ESP8266_RTOS_SDK/lib\libmain.a(printf-stdarg.o) (xPortWantedSizeAlign)
C:\Espressif\ESP8266_RTOS_SDK/lib\libfreertos.a(port.o)
                              C:\Espressif\ESP8266_RTOS_SDK/lib\libmain.a(ets_timer.o) (PendSV)
C:\Espressif\ESP8266_RTOS_SDK/lib\libfreertos.a(queue.o)
                              C:\Espressif\ESP8266_RTOS_SDK/lib\libmain.a(ets_timer.o) (xQueueGenericCreate)
C:\Espressif\ESP8266_RTOS_SDK/lib\libfreertos.a(tasks.o)
                              C:\Espressif\ESP8266_RTOS_SDK/lib\libmain.a(os_cpu_a.o) (pxCurrentTCB)
C:\Espressif\ESP8266_RTOS_SDK/lib\libfreertos.a(timers.o)
                              C:\Espressif\ESP8266_RTOS_SDK/lib\libfreertos.a(tasks.o) (xTimerCreateTimerTask)
C:\Espressif\ESP8266_RTOS_SDK/lib\libfreertos.a(list.o)
                              C:\Espressif\ESP8266_RTOS_SDK/lib\libfreertos.a(queue.o) (vListInitialise)
C:\Espressif\ESP8266_RTOS_SDK/lib\liblwip.a(dhcp.o)
                              C:\Espressif\ESP8266_RTOS_SDK/lib\libmain.a(user_interface.o) (dhcp_cleanup)
C:\Espressif\ESP8266_RTOS_SDK/lib\liblwip.a(dhcpserver.o)
                              C:\Espressif\ESP8266_RTOS_SDK/lib\libmain.a(user_interface.o) (dhcps_start)
C:\Espressif\ESP8266_RTOS_SDK/lib\liblwip.a(dns.o)
                              C:\Espressif\ESP8266_RTOS_SDK/lib\liblwip.a(dhcp.o) (dns_setserver)
C:\Espressif\ESP8266_RTOS_SDK/lib\liblwip.a(etharp.o)
                              C:\Espressif\ESP8266_RTOS_SDK/lib\libmain.a(user_interface.o) (ethbroadcast)
C:\Espressif\ESP8266_RTOS_SDK/lib\liblwip.a(ip4_addr.o)
                              C:\Espressif\ESP8266_RTOS_SDK/lib\liblwip.a(dhcp.o) (ip_addr_any)
C:\Espressif\ESP8266_RTOS_SDK/lib\liblwip.a(ip4.o)
                              C:\Espressif\ESP8266_RTOS_SDK/lib\liblwip.a(etharp.o) (ip_input)
C:\Espressif\ESP8266_RTOS_SDK/lib\liblwip.a(ip6.o)
                              C:\Espressif\ESP8266_RTOS_SDK/lib\liblwip.a(etharp.o) (ip6_input)
C:\Espressif\ESP8266_RTOS_SDK/lib\liblwip.a(memp.o)
                              C:\Espressif\ESP8266_RTOS_SDK/lib\liblwip.a(etharp.o) (memp_sizes)
C:\Espressif\ESP8266_RTOS_SDK/lib\liblwip.a(mld6.o)
                              C:\Espressif\ESP8266_RTOS_SDK/lib\liblwip.a(ip6.o) (mld6_lookfor_group)
C:\Espressif\ESP8266_RTOS_SDK/lib\liblwip.a(nd6.o)
                              C:\Espressif\ESP8266_RTOS_SDK/lib\liblwip.a(ip6.o) (default_router_list)
C:\Espressif\ESP8266_RTOS_SDK/lib\liblwip.a(netif.o)
                              C:\Espressif\ESP8266_RTOS_SDK/lib\liblwip.a(dhcp.o) (netif_list)
C:\Espressif\ESP8266_RTOS_SDK/lib\liblwip.a(pbuf.o)
                              C:\Espressif\ESP8266_RTOS_SDK/lib\liblwip.a(dhcp.o) (pbuf_alloc)
C:\Espressif\ESP8266_RTOS_SDK/lib\liblwip.a(raw.o)
                              C:\Espressif\ESP8266_RTOS_SDK/lib\liblwip.a(ip4.o) (raw_input)
C:\Espressif\ESP8266_RTOS_SDK/lib\liblwip.a(sys_arch.o)
                              C:\Espressif\ESP8266_RTOS_SDK/lib\liblwip.a(pbuf.o) (sys_arch_protect)
C:\Espressif\ESP8266_RTOS_SDK/lib\liblwip.a(tcp_in.o)
                              C:\Espressif\ESP8266_RTOS_SDK/lib\liblwip.a(ip4.o) (tcp_input)
C:\Espressif\ESP8266_RTOS_SDK/lib\liblwip.a(tcpip.o)
[...]
Memory Configuration

Name             Origin             Length             Attributes
dport0_0_seg     0x3ff00000         0x00000010
dram0_0_seg      0x3ffe8000         0x00018000
iram1_0_seg      0x40100000         0x00009000
irom0_0_seg      0x4020a000         0x00052000
*default*        0x00000000         0xffffffff

Linker script and memory map

START GROUP
LOAD c:/tools/SmingRTOS/sming/compiler/lib/\libmicroc.a
LOAD C:\Espressif\ESP8266_RTOS_SDK/lib\libgcc.a
LOAD c:/espressif/xtensa-lx106-elf/bin/../lib/gcc/xtensa-lx106-elf/5.1.0/../../../../xtensa-lx106-elf/lib\libhal.a
LOAD C:\Espressif\ESP8266_RTOS_SDK/lib\libphy.a
LOAD C:\Espressif\ESP8266_RTOS_SDK/lib\libpp.a
LOAD C:\Espressif\ESP8266_RTOS_SDK/lib\libnet80211.a
LOAD C:\Espressif\ESP8266_RTOS_SDK/lib\libwpa.a
LOAD C:\Espressif\ESP8266_RTOS_SDK/lib\libcrypto.a
LOAD C:\Espressif\ESP8266_RTOS_SDK/lib\libmain.a
LOAD C:\Espressif\ESP8266_RTOS_SDK/lib\libfreertos.a
LOAD C:\Espressif\ESP8266_RTOS_SDK/lib\liblwip.a
LOAD C:\Espressif\ESP8266_RTOS_SDK/lib\libminic.a
LOAD C:\Espressif\ESP8266_RTOS_SDK/lib\libpwm.a
LOAD C:\Espressif\ESP8266_RTOS_SDK/lib\libsmartconfig.a
LOAD c:/tools/SmingRTOS/sming/compiler/lib/\libsming.a
LOAD c:/tools/SmingRTOS/sming/compiler/lib/\libsecurity.a
LOAD out/build/app_app.a
END GROUP
                0x40000000                PROVIDE (_memmap_vecbase_reset, 0x40000000)
                0x00000110                _memmap_cacheattr_wb_base = 0x110
                0x00000110                _memmap_cacheattr_wt_base = 0x110
                0x00000220                _memmap_cacheattr_bp_base = 0x220
                0xfffff00f                _memmap_cacheattr_unused_mask = 0xfffff00f
                0x2222211f                _memmap_cacheattr_wb_trapnull = 0x2222211f
                0x2222211f                _memmap_cacheattr_wba_trapnull = 0x2222211f
                0x2222211f                _memmap_cacheattr_wbna_trapnull = 0x2222211f
                0x2222211f                _memmap_cacheattr_wt_trapnull = 0x2222211f
                0x2222222f                _memmap_cacheattr_bp_trapnull = 0x2222222f
                0xfffff11f                _memmap_cacheattr_wb_strict = 0xfffff11f
                0xfffff11f                _memmap_cacheattr_wt_strict = 0xfffff11f
                0xfffff22f                _memmap_cacheattr_bp_strict = 0xfffff22f
                0x22222112                _memmap_cacheattr_wb_allvalid = 0x22222112
                0x22222112                _memmap_cacheattr_wt_allvalid = 0x22222112
                0x22222222                _memmap_cacheattr_bp_allvalid = 0x22222222
                0x2222211f                PROVIDE (_memmap_cacheattr_reset, _memmap_cacheattr_wb_trapnull)

.dport0.rodata  0x3ff00000        0x0
                0x3ff00000                _dport0_rodata_start = ABSOLUTE (.)
 *(.dport0.rodata)
 *(.dport.rodata)
                0x3ff00000                _dport0_rodata_end = ABSOLUTE (.)

.dport0.literal
                0x3ff00000        0x0
                0x3ff00000                _dport0_literal_start = ABSOLUTE (.)
 *(.dport0.literal)
 *(.dport.literal)
                0x3ff00000                _dport0_literal_end = ABSOLUTE (.)

.dport0.data    0x3ff00000        0x0
                0x3ff00000                _dport0_data_start = ABSOLUTE (.)
 *(.dport0.data)
 *(.dport.data)
                0x3ff00000                _dport0_data_end = ABSOLUTE (.)

.data           0x3ffe8000      0x3a0
                0x3ffe8000                _data_start = ABSOLUTE (.)
 *(.data)
 .data          0x3ffe8000        0x8 C:\Espressif\ESP8266_RTOS_SDK/lib\libmain.a(xtensa_vectors.o)
                0x3ffe8000                _Pri_3_HandlerAddress
                0x3ffe8004                _Pri_3_NMICount
 .data          0x3ffe8008        0x2 C:\Espressif\ESP8266_RTOS_SDK/lib\libmain.a(app_main.o)
                0x3ffe8009                init_hw_wdt
 *fill*         0x3ffe800a        0x2 
 .data          0x3ffe800c        0x4 C:\Espressif\ESP8266_RTOS_SDK/lib\libmain.a(misc.o)
 .data          0x3ffe8010       0x18 C:\Espressif\ESP8266_RTOS_SDK/lib\libmain.a(spi_flash.o)
                0x3ffe8010                flashchip
 .data          0x3ffe8028        0x3 C:\Espressif\ESP8266_RTOS_SDK/lib\libmain.a(user_interface.o)
                0x3ffe8028                dhcps_flag
                0x3ffe8029                dhcpc_flag
                0x3ffe802a                reconnect_internal
 *fill*         0x3ffe802b        0x1 
 .data          0x3ffe802c        0x4 C:\Espressif\ESP8266_RTOS_SDK/lib\libfreertos.a(tasks.o)
 .data          0x3ffe8030        0x5 C:\Espressif\ESP8266_RTOS_SDK/lib\liblwip.a(dhcpserver.o)
                0x3ffe8030                dhcps_lease_time
 *fill*         0x3ffe8035        0x3 
 .data          0x3ffe8038        0x8 C:\Espressif\ESP8266_RTOS_SDK/lib\liblwip.a(nd6.o)
                0x3ffe8038                reachable_time
                0x3ffe803c                retrans_timer
 .data          0x3ffe8040        0x8 C:\Espressif\ESP8266_RTOS_SDK/lib\liblwip.a(tcp.o)
 .data          0x3ffe8048        0x2 C:\Espressif\ESP8266_RTOS_SDK/lib\liblwip.a(udp.o)
 *fill*         0x3ffe804a        0x2 
 .data          0x3ffe804c        0x4 C:\Espressif\ESP8266_RTOS_SDK/lib\libminic.a(minic.o)
                0x3ffe804c                __ctype_ptr__
 .data          0x3ffe8050       0x53 C:\Espressif\ESP8266_RTOS_SDK/lib\libphy.a(phy_chip_v6.o)
                0x3ffe8052                tx_rf_ana_gain
                0x3ffe8080                rx_gain_swp
                0x3ffe80a0                test_rffreq_txcap
 *fill*         0x3ffe80a3        0x1 
 .data          0x3ffe80a4        0x4 C:\Espressif\ESP8266_RTOS_SDK/lib\libphy.a(phy_sleep.o)
                0x3ffe80a4                chip_version
 .data          0x3ffe80a8        0x4 C:\Espressif\ESP8266_RTOS_SDK/lib\libphy.a(phy_chip_v5_romfunc.o)
                0x3ffe80a8                g_phyFuns
 *fill*         0x3ffe80ac        0x4 
 .data          0x3ffe80b0        0x7 C:\Espressif\ESP8266_RTOS_SDK/lib\libphy.a(phy_chip_v5_cal_romfunc.o)
 *fill*         0x3ffe80b7        0x1 
 .data          0x3ffe80b8        0x1 C:\Espressif\ESP8266_RTOS_SDK/lib\libpp.a(pm.o)
 *fill*         0x3ffe80b9        0x3 
 .data          0x3ffe80bc        0x1 C:\Espressif\ESP8266_RTOS_SDK/lib\libpp.a(pm_for_bcn_only_mode.o)
 *fill*         0x3ffe80bd        0x3 
 .data          0x3ffe80c0       0x11 C:\Espressif\ESP8266_RTOS_SDK/lib\libpp.a(pp.o)
                0x3ffe80c0                NoiseTimerInterval
                0x3ffe80c8                sleep_start_wait_time
                0x3ffe80d0                CanDoFreqCal
 *fill*         0x3ffe80d1        0xf 
 .data          0x3ffe80e0       0x40 C:\Espressif\ESP8266_RTOS_SDK/lib\libpp.a(rate_control.o)
 .data          0x3ffe8120      0x24c C:\Espressif\ESP8266_RTOS_SDK/lib\libpp.a(trc.o)
 .data          0x3ffe836c        0xc C:\Espressif\ESP8266_RTOS_SDK/lib\libpp.a(wdev.o)
                0x3ffe8374                WDEV_INTEREST_EVENT
 .data          0x3ffe8378        0x1 C:\Espressif\ESP8266_RTOS_SDK/lib\libnet80211.a(ieee80211_hostap.o)
                0x3ffe8378                TmpSTAAPCloseAP
 *fill*         0x3ffe8379        0x3 
 .data          0x3ffe837c        0x1 C:\Espressif\ESP8266_RTOS_SDK/lib\libnet80211.a(wl_cnx.o)
 *fill*         0x3ffe837d        0x3 
 .data          0x3ffe8380       0x1c C:\Espressif\ESP8266_RTOS_SDK/lib\libnet80211.a(ieee80211_action.o)
 *(.data.*)
 .data.cbc_printchar
                0x3ffe839c        0x4 c:/tools/SmingRTOS/sming/compiler/lib/\libsming.a(m_printf.o)
                0x3ffe839c                cbc_printchar
 *(.gnu.linkonce.d.*)
 *(.data1)
 *(.sdata)
 *(.sdata.*)
 *(.gnu.linkonce.s.*)
 *(.sdata2)
 *(.sdata2.*)
 *(.gnu.linkonce.s2.*)
 *(.jcr)
                0x3ffe83a0                _data_end = ABSOLUTE (.)

.rodata         0x3ffe83a0     0x2048
                0x3ffe83a0                _rodata_start = ABSOLUTE (.)
 *(.rodata)
 .rodata        0x3ffe83a0       0x14 C:\Espressif\ESP8266_RTOS_SDK/lib\libfreertos.a(tasks.o)
 .rodata        0x3ffe83b4        0x6 C:\Espressif\ESP8266_RTOS_SDK/lib\liblwip.a(etharp.o)
                0x3ffe83b4                ethbroadcast
 *fill*         0x3ffe83ba        0x6 
 .rodata        0x3ffe83c0      0x101 C:\Espressif\ESP8266_RTOS_SDK/lib\libminic.a(minic.o)
                0x3ffe83c0                _ctype_
 *fill*         0x3ffe84c1        0x3 
 .rodata        0x3ffe84c4        0x8 C:\Espressif\ESP8266_RTOS_SDK/lib\libphy.a(phy_chip_v6.o)
 *fill*         0x3ffe84cc        0x4 
 .rodata        0x3ffe84d0       0x10 C:\Espressif\ESP8266_RTOS_SDK/lib\libphy.a(phy_chip_v5_romfunc.o)
 .rodata        0x3ffe84e0        0xc C:\Espressif\ESP8266_RTOS_SDK/lib\libphy.a(phy_chip_v5_ana_romfunc.o)
 .rodata        0x3ffe84ec        0x4 C:\Espressif\ESP8266_RTOS_SDK/lib\libpp.a(pp.o)
 .rodata        0x3ffe84f0        0x8 C:\Espressif\ESP8266_RTOS_SDK/lib\libnet80211.a(ieee80211_hostap.o)
 .rodata        0x3ffe84f8        0x2 C:\Espressif\ESP8266_RTOS_SDK/lib\libcrypto.a(sha1-internal.o)
 *fill*         0x3ffe84fa        0x2 
 .rodata        0x3ffe84fc       0x14 c:/tools/SmingRTOS/sming/compiler/lib/\libsming.a(WebSocket.o)
 *(.rodata.*)
 .rodata.str1.4
                0x3ffe8510       0x10 C:\Espressif\ESP8266_RTOS_SDK/lib\libmain.a(app_main.o)
 .rodata.str1.4
                0x3ffe8520        0x8 C:\Espressif\ESP8266_RTOS_SDK/lib\libmain.a(ets_timer.o)
                                 0x10 (size before relaxing)
 .rodata.str1.4
                0x3ffe8528        0xc C:\Espressif\ESP8266_RTOS_SDK/lib\libmain.a(printf-stdarg.o)
 .rodata.str1.4
                0x3ffe8534       0x1b C:\Espressif\ESP8266_RTOS_SDK/lib\libmain.a(user_interface.o)
 *fill*         0x3ffe854f        0x1 
 .rodata.str1.4
                0x3ffe8550        0x5 C:\Espressif\ESP8266_RTOS_SDK/lib\libfreertos.a(tasks.o)
 *fill*         0x3ffe8555        0x3 
 .rodata.str1.4
                0x3ffe8558        0x8 C:\Espressif\ESP8266_RTOS_SDK/lib\libfreertos.a(timers.o)
 .rodata.str1.4
                0x3ffe8560        0x4 C:\Espressif\ESP8266_RTOS_SDK/lib\liblwip.a(tcpip.o)
 .rodata.str1.1
                0x3ffe8564       0x42 c:/tools/SmingRTOS/sming/compiler/lib/\libsming.a(user_main.o)
 .rodata.str1.1
                0x3ffe85a6      0x265 out/build/app_app.a(application.o)
                                0x281 (size before relaxing)
 *fill*         0x3ffe880b        0x1 
 .rodata._ZTVN11ArduinoJson9Internals20DynamicStringBuilderE
                0x3ffe880c       0x10 out/build/app_app.a(application.o)
                0x3ffe880c                vtable for ArduinoJson::Internals::DynamicStringBuilder
 .rodata._ZTVN11ArduinoJson9Internals15BlockJsonBufferINS0_16DefaultAllocatorEEE
                0x3ffe881c        0xc out/build/app_app.a(application.o)
                0x3ffe881c                vtable for ArduinoJson::Internals::BlockJsonBuffer<ArduinoJson::Internals::DefaultAllocator>
 .rodata._ZTV6VectorI7BssInfoE
                0x3ffe8828       0x1c out/build/app_app.a(application.o)
                0x3ffe8828                vtable for Vector<BssInfo>
 .rodata._ZTV14FunctionCallerIPFvvEvJEE
                0x3ffe8844       0x14 out/build/app_app.a(application.o)
                0x3ffe8844                vtable for FunctionCaller<void (*)(), void>
 .rodata._ZTV14FunctionCallerIPFvR10HttpClientbEvJS1_bEE
                0x3ffe8858       0x14 out/build/app_app.a(application.o)
                0x3ffe8858                vtable for FunctionCaller<void (*)(HttpClient&, bool), void, HttpClient&, bool>
 .rodata._ZTV14FunctionCallerIPFvR11HttpRequestR12HttpResponseEvJS1_S3_EE
                0x3ffe886c       0x14 out/build/app_app.a(application.o)
                0x3ffe886c                vtable for FunctionCaller<void (*)(HttpRequest&, HttpResponse&), void, HttpRequest&, HttpResponse&>
 .rodata._ZTV14FunctionCallerIPFvb6VectorI7BssInfoEEvJbS2_EE
                0x3ffe8880       0x14 out/build/app_app.a(application.o)
                0x3ffe8880                vtable for FunctionCaller<void (*)(bool, Vector<BssInfo>), void, bool, Vector<BssInfo> >
 .rodata.str1.4
                0x3ffe8894       0x27 C:\Espressif\ESP8266_RTOS_SDK/lib\libpp.a(lmac.o)
                                 0x2f (size before relaxing)
 *fill*         0x3ffe88bb        0x1 
 .rodata.str1.4
                0x3ffe88bc       0x18 C:\Espressif\ESP8266_RTOS_SDK/lib\libpp.a(pm.o)
                                 0x20 (size before relaxing)
 .rodata.str1.4
                0x3ffe88d4        0x4 C:\Espressif\ESP8266_RTOS_SDK/lib\libpp.a(pm_for_bcn_only_mode.o)
                                  0xc (size before relaxing)
 .rodata.str1.4
                0x3ffe88d8        0xc C:\Espressif\ESP8266_RTOS_SDK/lib\libpp.a(pp.o)
                                 0x14 (size before relaxing)
 .rodata.str1.4
                0x3ffe88e4        0xf C:\Espressif\ESP8266_RTOS_SDK/lib\libpp.a(wdev.o)
                                 0x17 (size before relaxing)
 *fill*         0x3ffe88f3        0x1 
 .rodata.str1.4
                0x3ffe88f4        0x3 C:\Espressif\ESP8266_RTOS_SDK/lib\libnet80211.a(ieee80211_hostap.o)
                                  0x8 (size before relaxing)
 *fill*         0x3ffe88f7        0x1 
 .rodata.str1.4
                0x3ffe88f8        0x7 C:\Espressif\ESP8266_RTOS_SDK/lib\libnet80211.a(ieee80211_mesh_quick.o)
 .rodata.str1.4
                0x00000000        0x4 C:\Espressif\ESP8266_RTOS_SDK/lib\libnet80211.a(ieee80211_sta.o)
 .rodata.str1.4
                0x00000000        0x4 C:\Espressif\ESP8266_RTOS_SDK/lib\libnet80211.a(ieee80211_action_vendor.o)
 .rodata.str1.4
                0x00000000        0x4 C:\Espressif\ESP8266_RTOS_SDK/lib\libnet80211.a(ieee80211_ie_vendor.o)
 *fill*         0x3ffe88ff        0x1 
 .rodata.str1.4
                0x3ffe8900        0x4 C:\Espressif\ESP8266_RTOS_SDK/lib\libcrypto.a(sha1-internal.o)
                                  0x2 (size before relaxing)
 .rodata.str1.1
                0x3ffe8904      0x129 c:/tools/SmingRTOS/sming/compiler/lib/\libsming.a(DataSourceStream.o)
                                0x12a (size before relaxing)
 *fill*         0x3ffe8a2d        0x3 
 .rodata._ZTV16MemoryDataStream
                0x3ffe8a30       0x48 c:/tools/SmingRTOS/sming/compiler/lib/\libsming.a(DataSourceStream.o)
                0x3ffe8a30                vtable for MemoryDataStream
 .rodata._ZTV16JsonObjectStream
                0x3ffe8a78       0x48 c:/tools/SmingRTOS/sming/compiler/lib/\libsming.a(DataSourceStream.o)
                0x3ffe8a78                vtable for JsonObjectStream
 .rodata._ZL14EspDigitalPins
                0x3ffe8ac0       0xc0 c:/tools/SmingRTOS/sming/compiler/lib/\libsming.a(Digital.o)
 .rodata.str1.1
                0x3ffe8b80       0x34 c:/tools/SmingRTOS/sming/compiler/lib/\libsming.a(FileSystem.o)
                                 0x37 (size before relaxing)
 .rodata._ZTV6VectorI6StringE
                0x3ffe8bb4       0x1c c:/tools/SmingRTOS/sming/compiler/lib/\libsming.a(FileSystem.o)
                0x3ffe8bb4                vtable for Vector<String>
 .rodata.str1.1
                0x3ffe8bd0       0xdf c:/tools/SmingRTOS/sming/compiler/lib/\libsming.a(HardwareSerial.o)
 *fill*         0x3ffe8caf        0x1 
 .rodata._ZTV14HardwareSerial
                0x3ffe8cb0       0x20 c:/tools/SmingRTOS/sming/compiler/lib/\libsming.a(HardwareSerial.o)
                0x3ffe8cb0                vtable for HardwareSerial
 .rodata.str1.1
                0x3ffe8cd0        0xf c:/tools/SmingRTOS/sming/compiler/lib/\libsming.a(IPAddress.o)
                                 0x10 (size before relaxing)
 .rodata.str1.1
                0x3ffe8cdf        0xc c:/tools/SmingRTOS/sming/compiler/lib/\libsming.a(Print.o)
                                  0xe (size before relaxing)
 .rodata.str1.1
                0x00000000        0x1 c:/tools/SmingRTOS/sming/compiler/lib/\libsming.a(WString.o)
 .rodata.str1.1
                0x3ffe8ceb       0x9f c:/tools/SmingRTOS/sming/compiler/lib/\libsming.a(AccessPoint.o)
                                 0xa2 (size before relaxing)
 *fill*         0x3ffe8d8a        0x2 
 .rodata._ZTV16AccessPointClass
                0x3ffe8d8c       0x14 c:/tools/SmingRTOS/sming/compiler/lib/\libsming.a(AccessPoint.o)
                0x3ffe8d8c                vtable for AccessPointClass
 .rodata.str1.1
                0x3ffe8da0      0x26c c:/tools/SmingRTOS/sming/compiler/lib/\libsming.a(Station.o)
                                0x278 (size before relaxing)
 .rodata._ZN7BssInfo26getAuthorizationMethodNameEv
                0x3ffe900c       0x14 c:/tools/SmingRTOS/sming/compiler/lib/\libsming.a(Station.o)
 .rodata._ZTV12StationClass
                0x3ffe9020       0x14 c:/tools/SmingRTOS/sming/compiler/lib/\libsming.a(Station.o)
                0x3ffe9020                vtable for StationClass
 .rodata.str1.1
                0x3ffe9034       0xea c:/tools/SmingRTOS/sming/compiler/lib/\libsming.a(HttpClient.o)
                                 0xf8 (size before relaxing)
 *fill*         0x3ffe911e        0x2 
 .rodata._ZTV10HttpClient
                0x3ffe9120       0x40 c:/tools/SmingRTOS/sming/compiler/lib/\libsming.a(HttpClient.o)
                0x3ffe9120                vtable for HttpClient
 .rodata.str1.1
                0x3ffe9160       0xb8 c:/tools/SmingRTOS/sming/compiler/lib/\libsming.a(HttpRequest.o)
                                 0xf4 (size before relaxing)
 .rodata._ZTV11HttpRequest
                0x3ffe9218       0x10 c:/tools/SmingRTOS/sming/compiler/lib/\libsming.a(HttpRequest.o)
                0x3ffe9218                vtable for HttpRequest
 .rodata.str1.1
                0x3ffe9228      0x1d6 c:/tools/SmingRTOS/sming/compiler/lib/\libsming.a(HttpResponse.o)
                                0x218 (size before relaxing)
 *fill*         0x3ffe93fe        0x2 
 .rodata._ZTV12HttpResponse
                0x3ffe9400       0x10 c:/tools/SmingRTOS/sming/compiler/lib/\libsming.a(HttpResponse.o)
                0x3ffe9400                vtable for HttpResponse
 .rodata.str1.1
                0x3ffe9410      0x1a7 c:/tools/SmingRTOS/sming/compiler/lib/\libsming.a(HttpServer.o)
                                0x1da (size before relaxing)
 *fill*         0x3ffe95b7        0x1 
 .rodata._ZTV6VectorI9WebSocketE
                0x3ffe95b8       0x1c c:/tools/SmingRTOS/sming/compiler/lib/\libsming.a(HttpServer.o)
                0x3ffe95b8                vtable for Vector<WebSocket>
 .rodata._ZTV10HttpServer
                0x3ffe95d4       0x5c c:/tools/SmingRTOS/sming/compiler/lib/\libsming.a(HttpServer.o)
                0x3ffe95d4                vtable for HttpServer
 .rodata._ZTV12MethodCallerIM10HttpServerFvR20HttpServerConnectionEE
                0x3ffe9630       0x14 c:/tools/SmingRTOS/sming/compiler/lib/\libsming.a(HttpServer.o)
                0x3ffe9630                vtable for MethodCaller<void (HttpServer::*)(HttpServerConnection&)>
 .rodata.str1.1
                0x3ffe9644       0xec c:/tools/SmingRTOS/sming/compiler/lib/\libsming.a(HttpServerConnection.o)
                                0x118 (size before relaxing)
 .rodata._ZTV20HttpServerConnection
                0x3ffe9730       0x40 c:/tools/SmingRTOS/sming/compiler/lib/\libsming.a(HttpServerConnection.o)
                0x3ffe9730                vtable for HttpServerConnection
 .rodata.str1.1
                0x3ffe9770       0x1e c:/tools/SmingRTOS/sming/compiler/lib/\libsming.a(TcpClient.o)
 *fill*         0x3ffe978e        0x2 
 .rodata._ZTV9TcpClient
                0x3ffe9790       0x3c c:/tools/SmingRTOS/sming/compiler/lib/\libsming.a(TcpClient.o)
                0x3ffe9790                vtable for TcpClient
 .rodata.str1.1
                0x3ffe97cc      0x28d c:/tools/SmingRTOS/sming/compiler/lib/\libsming.a(TcpConnection.o)
                                0x2aa (size before relaxing)
 *fill*         0x3ffe9a59        0x3 
 .rodata._ZTV13TcpConnection
                0x3ffe9a5c       0x38 c:/tools/SmingRTOS/sming/compiler/lib/\libsming.a(TcpConnection.o)
                0x3ffe9a5c                vtable for TcpConnection
 .rodata.str1.1
                0x3ffe9a94      0x15a c:/tools/SmingRTOS/sming/compiler/lib/\libsming.a(TcpServer.o)
 *fill*         0x3ffe9bee        0x2 
 .rodata._ZTV9TcpServer
                0x3ffe9bf0       0x50 c:/tools/SmingRTOS/sming/compiler/lib/\libsming.a(TcpServer.o)
                0x3ffe9bf0                vtable for TcpServer
 .rodata._ZTV12MethodCallerIM9TcpServerFbR9TcpClientPciEE
                0x3ffe9c40       0x14 c:/tools/SmingRTOS/sming/compiler/lib/\libsming.a(TcpServer.o)
                0x3ffe9c40                vtable for MethodCaller<bool (TcpServer::*)(TcpClient&, char*, int)>
 .rodata._ZTV12MethodCallerIM9TcpServerFvR9TcpClientbEE
                0x3ffe9c54       0x14 c:/tools/SmingRTOS/sming/compiler/lib/\libsming.a(TcpServer.o)
                0x3ffe9c54                vtable for MethodCaller<void (TcpServer::*)(TcpClient&, bool)>
 .rodata.str1.1
                0x00000000        0xa c:/tools/SmingRTOS/sming/compiler/lib/\libsming.a(URL.o)
 .rodata.str1.1
                0x3ffe9c68       0x15 c:/tools/SmingRTOS/sming/compiler/lib/\libsming.a(WebSocket.o)
                                 0x5b (size before relaxing)
 *fill*         0x3ffe9c7d        0x3 
 .rodata._ZTV9WebSocket
                0x3ffe9c80        0xc c:/tools/SmingRTOS/sming/compiler/lib/\libsming.a(WebSocket.o)
                0x3ffe9c80                vtable for WebSocket
 .rodata.str1.1
                0x00000000        0x1 c:/tools/SmingRTOS/sming/compiler/lib/\libsming.a(Command.o)
 .rodata._ZTV7Command
                0x3ffe9c8c       0x10 c:/tools/SmingRTOS/sming/compiler/lib/\libsming.a(Command.o)
                0x3ffe9c8c                vtable for Command
 .rodata.str1.1
                0x3ffe9c9c      0x119 c:/tools/SmingRTOS/sming/compiler/lib/\libsming.a(CommandExecutor.o)
                                0x11e (size before relaxing)
 .rodata.str1.1
                0x3ffe9db5      0x3ba c:/tools/SmingRTOS/sming/compiler/lib/\libsming.a(CommandHandler.o)
                                0x3c9 (size before relaxing)
 .rodata.str1.1
                0x00000000        0x1 c:/tools/SmingRTOS/sming/compiler/lib/\libsming.a(CommandOutput.o)
 *fill*         0x3ffea16f        0x1 
 .rodata._ZTV13CommandOutput
                0x3ffea170       0x18 c:/tools/SmingRTOS/sming/compiler/lib/\libsming.a(CommandOutput.o)
                0x3ffea170                vtable for CommandOutput
 .rodata.str1.1
                0x3ffea188        0xb c:/tools/SmingRTOS/sming/compiler/lib/\libsming.a(ArduinoJson.o)
                                 0x11 (size before relaxing)
 *fill*         0x3ffea193        0x1 
 .rodata._ZTVN11ArduinoJson9Internals13IndentedPrintE
                0x3ffea194       0x10 c:/tools/SmingRTOS/sming/compiler/lib/\libsming.a(ArduinoJson.o)
                0x3ffea194                vtable for ArduinoJson::Internals::IndentedPrint
 .rodata._ZTVN11ArduinoJson9Internals10PrettyfierE
                0x3ffea1a4       0x10 c:/tools/SmingRTOS/sming/compiler/lib/\libsming.a(ArduinoJson.o)
                0x3ffea1a4                vtable for ArduinoJson::Internals::Prettyfier
 .rodata._ZN11ArduinoJson9Internals8Encoding12_escapeTableE
                0x3ffea1b4        0xf c:/tools/SmingRTOS/sming/compiler/lib/\libsming.a(ArduinoJson.o)
                0x3ffea1b4                ArduinoJson::Internals::Encoding::_escapeTable
 .rodata.str1.1
                0x3ffea1c3       0x57 c:/tools/SmingRTOS/sming/compiler/lib/\libsming.a(spiffs_sming.o)
 .rodata._ZL13base64enc_tab
                0x3ffea21a       0x41 c:/tools/SmingRTOS/sming/compiler/lib/\libsming.a(base64.o)
 .rodata.str1.1
                0x3ffea25b       0x80 c:/tools/SmingRTOS/sming/compiler/lib/\libsming.a(dht.o)
 .rodata.str1.1
                0x3ffea2db       0x1d c:/tools/SmingRTOS/sming/compiler/lib/\libsming.a(stringconversion.o)
                                 0x21 (size before relaxing)
 .rodata.str1.1
                0x3ffea2f8       0x6f c:/tools/SmingRTOS/sming/compiler/lib/\libsming.a(flashmem.o)
 .rodata.str1.1
                0x00000000        0x1 c:/tools/SmingRTOS/sming/compiler/lib/\libsming.a(CommandDelegate.o)
 *(.gnu.linkonce.r.*)
 *(.rodata1)
                0x3ffea367                __XT_EXCEPTION_TABLE__ = ABSOLUTE (.)
 *(.xt_except_table)
 *(.gcc_except_table)
 *(.gnu.linkonce.e.*)
 *(.gnu.version_r)
 *(.eh_frame)
                0x3ffea368                . = ((. + 0x3) & 0xfffffffc)
 *fill*         0x3ffea367        0x1 
                0x3ffea368                __init_array_start = ABSOLUTE (.)
 *crtbegin.o(.ctors)
 *(EXCLUDE_FILE(*crtend.o) .ctors)
 .ctors         0x3ffea368        0x4 out/build/app_app.a(application.o)
 .ctors         0x3ffea36c        0x4 out/build/app_app.a(Led.o)
 .ctors         0x3ffea370        0x4 c:/tools/SmingRTOS/sming/compiler/lib/\libsming.a(DataSourceStream.o)
 .ctors         0x3ffea374        0x4 c:/tools/SmingRTOS/sming/compiler/lib/\libsming.a(HardwareSerial.o)
 .ctors         0x3ffea378        0x4 c:/tools/SmingRTOS/sming/compiler/lib/\libsming.a(Interrupts.o)
 .ctors         0x3ffea37c        0x4 c:/tools/SmingRTOS/sming/compiler/lib/\libsming.a(AccessPoint.o)
 .ctors         0x3ffea380        0x4 c:/tools/SmingRTOS/sming/compiler/lib/\libsming.a(Station.o)
 .ctors         0x3ffea384        0x4 c:/tools/SmingRTOS/sming/compiler/lib/\libsming.a(HttpClient.o)
 .ctors         0x3ffea388        0x4 c:/tools/SmingRTOS/sming/compiler/lib/\libsming.a(HttpRequest.o)
 .ctors         0x3ffea38c        0x4 c:/tools/SmingRTOS/sming/compiler/lib/\libsming.a(HttpResponse.o)
 .ctors         0x3ffea390        0x4 c:/tools/SmingRTOS/sming/compiler/lib/\libsming.a(HttpServer.o)
 .ctors         0x3ffea394        0x4 c:/tools/SmingRTOS/sming/compiler/lib/\libsming.a(HttpServerConnection.o)
 .ctors         0x3ffea398        0x4 c:/tools/SmingRTOS/sming/compiler/lib/\libsming.a(TcpClient.o)
 .ctors         0x3ffea39c        0x4 c:/tools/SmingRTOS/sming/compiler/lib/\libsming.a(TcpConnection.o)
 .ctors         0x3ffea3a0        0x4 c:/tools/SmingRTOS/sming/compiler/lib/\libsming.a(TcpServer.o)
 .ctors         0x3ffea3a4        0x4 c:/tools/SmingRTOS/sming/compiler/lib/\libsming.a(WebSocket.o)
 .ctors         0x3ffea3a8        0x4 c:/tools/SmingRTOS/sming/compiler/lib/\libsming.a(CommandExecutor.o)
 .ctors         0x3ffea3ac        0x4 c:/tools/SmingRTOS/sming/compiler/lib/\libsming.a(CommandHandler.o)
 .ctors         0x3ffea3b0        0x4 c:/tools/SmingRTOS/sming/compiler/lib/\libsming.a(CommandOutput.o)
 .ctors         0x3ffea3b4        0x4 c:/tools/SmingRTOS/sming/compiler/lib/\libsming.a(ArduinoJson.o)
 .ctors         0x3ffea3b8        0x4 c:/tools/SmingRTOS/sming/compiler/lib/\libsming.a(dht.o)
 .ctors         0x3ffea3bc        0x4 c:/tools/SmingRTOS/sming/compiler/lib/\libsming.a(SystemClock.o)
 .ctors         0x3ffea3c0        0x4 c:/tools/SmingRTOS/sming/compiler/lib/\libsming.a(RTC.o)
 .ctors         0x3ffea3c4        0x4 c:/tools/SmingRTOS/sming/compiler/lib/\libsming.a(CommandDelegate.o)
 *(SORT(.ctors.*))
 *(.ctors)
                0x3ffea3c8                __init_array_end = ABSOLUTE (.)
 *crtbegin.o(.dtors)
 *(EXCLUDE_FILE(*crtend.o) .dtors)
 .dtors         0x3ffea3c8        0x4 out/build/app_app.a(application.o)
 .dtors         0x3ffea3cc        0x4 out/build/app_app.a(Led.o)
 .dtors         0x3ffea3d0        0x4 c:/tools/SmingRTOS/sming/compiler/lib/\libsming.a(HardwareSerial.o)
 .dtors         0x3ffea3d4        0x4 c:/tools/SmingRTOS/sming/compiler/lib/\libsming.a(Interrupts.o)
 .dtors         0x3ffea3d8        0x4 c:/tools/SmingRTOS/sming/compiler/lib/\libsming.a(Station.o)
 .dtors         0x3ffea3dc        0x4 c:/tools/SmingRTOS/sming/compiler/lib/\libsming.a(CommandHandler.o)
 *(SORT(.dtors.*))
 *(.dtors)
                0x3ffea3e0                __XT_EXCEPTION_DESCS__ = ABSOLUTE (.)
 *(.xt_except_desc)
 *(.gnu.linkonce.h.*)
                0x3ffea3e0                __XT_EXCEPTION_DESCS_END__ = ABSOLUTE (.)
 *(.xt_except_desc_end)
 *(.dynamic)
 *(.gnu.version_d)
                0x3ffea3e0                . = ALIGN (0x4)
                0x3ffea3e0                _bss_table_start = ABSOLUTE (.)
                0x3ffea3e0        0x4 LONG 0x3ffea3e8 _bss_start
                0x3ffea3e4        0x4 LONG 0x3fff1b50 _bss_end
                0x3ffea3e8                _bss_table_end = ABSOLUTE (.)
                0x3ffea3e8                _rodata_end = ABSOLUTE (.)

.UserExceptionVector.literal
                0x3ffea3e8        0x0
                0x3ffea3e8                _UserExceptionVector_literal_start = ABSOLUTE (.)
 *(.UserExceptionVector.literal)
                0x3ffea3e8                _UserExceptionVector_literal_end = ABSOLUTE (.)

.bss            0x3ffea3e8     0x7768
                0x3ffea3e8                . = ALIGN (0x8)
                0x3ffea3e8                _bss_start = ABSOLUTE (.)
 *(.dynsbss)
 *(.sbss)
 *(.sbss.*)
 *(.gnu.linkonce.sb.*)
 *(.scommon)
 *(.sbss2)
 *(.sbss2.*)
 *(.gnu.linkonce.sb2.*)
 *(.dynbss)
 *(.bss)
 *fill*         0x3ffea3e8        0x8 
 .bss           0x3ffea3f0      0x3f8 C:\Espressif\ESP8266_RTOS_SDK/lib\libmain.a(xtensa_vectors.o)
 .bss           0x3ffea7e8       0x30 C:\Espressif\ESP8266_RTOS_SDK/lib\libmain.a(app_main.o)
                0x3ffea7e8                user_init_flag
                0x3ffea7ec                info
                0x3ffea810                errno
                0x3ffea814                xWatchDogTaskHandle
 *fill*         0x3ffea818        0x8 
 .bss           0x3ffea820       0xc0 C:\Espressif\ESP8266_RTOS_SDK/lib\libmain.a(ets_timer.o)
                0x3ffea824                timer_list
                0x3ffea828                debug_timer
                0x3ffea82c                debug_timerfn
 .bss           0x3ffea8e0        0x4 C:\Espressif\ESP8266_RTOS_SDK/lib\libmain.a(misc.o)
                0x3ffea8e0                _putc1
 *fill*         0x3ffea8e4        0xc 
 .bss           0x3ffea8f0       0x40 C:\Espressif\ESP8266_RTOS_SDK/lib\libmain.a(printf-stdarg.o)
 .bss           0x3ffea930        0x1 C:\Espressif\ESP8266_RTOS_SDK/lib\libmain.a(spi_flash.o)
                0x3ffea930                FlashIsOnGoing
 *fill*         0x3ffea931        0xf 
 .bss           0x3ffea940      0x192 C:\Espressif\ESP8266_RTOS_SDK/lib\libmain.a(user_interface.o)
                0x3ffeaa3f                deep_sleep_flag
                0x3ffeaa40                cpu_overclock
                0x3ffeaa44                event_cb
                0x3ffeaa48                xQueue_event
                0x3ffeaa4c                rst_if
                0x3ffeaa6c                OpmodChgIsOnGoing
                0x3ffeaa70                promiscuous_cb
                0x3ffeaa74                status_led_output_level
                0x3ffeaa78                evt
 *fill*         0x3ffeaad2        0x2 
 .bss           0x3ffeaad4       0x1c C:\Espressif\ESP8266_RTOS_SDK/lib\libfreertos.a(heap_4.o)
 .bss           0x3ffeaaf0       0x90 C:\Espressif\ESP8266_RTOS_SDK/lib\libfreertos.a(port.o)
                0x3ffeaaf4                cpu_sr
                0x3ffeaafc                _xt_isr_status
                0x3ffeab00                isr
 .bss           0x3ffeab80      0x1cc C:\Espressif\ESP8266_RTOS_SDK/lib\libfreertos.a(tasks.o)
                0x3ffeab84                pxCurrentTCB
 .bss           0x3ffead4c       0x3c C:\Espressif\ESP8266_RTOS_SDK/lib\libfreertos.a(timers.o)
 *fill*         0x3ffead88        0x8 
 .bss           0x3ffead90       0x44 C:\Espressif\ESP8266_RTOS_SDK/lib\liblwip.a(dhcp.o)
                0x3ffead90                dhcp_rx_options_given
                0x3ffeada0                dhcp_rx_options_val
 .bss           0x3ffeadd4       0x28 C:\Espressif\ESP8266_RTOS_SDK/lib\liblwip.a(dhcpserver.o)
 *fill*         0x3ffeadfc        0x4 
 .bss           0x3ffeae00      0x480 C:\Espressif\ESP8266_RTOS_SDK/lib\liblwip.a(dns.o)
 .bss           0x3ffeb280       0xd8 C:\Espressif\ESP8266_RTOS_SDK/lib\liblwip.a(etharp.o)
                0x3ffeb284                ethzero
 *fill*         0x3ffeb358        0x8 
 .bss           0x3ffeb360       0x10 C:\Espressif\ESP8266_RTOS_SDK/lib\liblwip.a(ip4_addr.o)
 .bss           0x3ffeb370       0x32 C:\Espressif\ESP8266_RTOS_SDK/lib\liblwip.a(ip4.o)
                0x3ffeb370                ip_data
 *fill*         0x3ffeb3a2        0x2 
 .bss           0x3ffeb3a4        0x4 C:\Espressif\ESP8266_RTOS_SDK/lib\liblwip.a(mld6.o)
 *fill*         0x3ffeb3a8        0x8 
 .bss           0x3ffeb3b0      0x421 C:\Espressif\ESP8266_RTOS_SDK/lib\liblwip.a(nd6.o)
                0x3ffeb3d0                prefix_list
                0x3ffeb460                neighbor_cache
                0x3ffeb5f0                default_router_list
                0x3ffeb640                destination_cache
 *fill*         0x3ffeb7d1        0x3 
 .bss           0x3ffeb7d4        0xc C:\Espressif\ESP8266_RTOS_SDK/lib\liblwip.a(netif.o)
                0x3ffeb7d8                netif_list
                0x3ffeb7dc                netif_default
 .bss           0x3ffeb7e0        0x4 C:\Espressif\ESP8266_RTOS_SDK/lib\liblwip.a(raw.o)
 .bss           0x3ffeb7e4       0x2c C:\Espressif\ESP8266_RTOS_SDK/lib\liblwip.a(tcp_in.o)
                0x3ffeb80c                tcp_input_pcb
 .bss           0x3ffeb810       0x10 C:\Espressif\ESP8266_RTOS_SDK/lib\liblwip.a(tcpip.o)
                0x3ffeb81c                xLwipTaskHandle
 .bss           0x3ffeb820       0x21 C:\Espressif\ESP8266_RTOS_SDK/lib\liblwip.a(tcp.o)
                0x3ffeb824                tcp_active_pcbs
                0x3ffeb828                tcp_tmp_pcb
                0x3ffeb82c                tcp_active_pcbs_changed
                0x3ffeb830                tcp_tw_pcbs
                0x3ffeb834                tcp_bound_pcbs
                0x3ffeb838                tcp_listen_pcbs
                0x3ffeb83c                tcp_ticks
 *fill*         0x3ffeb841        0x3 
 .bss           0x3ffeb844        0xc C:\Espressif\ESP8266_RTOS_SDK/lib\liblwip.a(timers.o)
                0x3ffeb848                LwipTimOutLim
 .bss           0x3ffeb850        0x4 C:\Espressif\ESP8266_RTOS_SDK/lib\liblwip.a(udp.o)
                0x3ffeb850                udp_pcbs
 *fill*         0x3ffeb854        0xc 
 .bss           0x3ffeb860       0x38 C:\Espressif\ESP8266_RTOS_SDK/lib\liblwip.a(ip6_addr.o)
                0x3ffeb860                ip6_addr_any
 .bss           0x3ffeb898        0x6 C:\Espressif\ESP8266_RTOS_SDK/lib\liblwip.a(ip6_frag.o)
 *fill*         0x3ffeb89e        0x2 
 .bss           0x3ffeb8a0      0x100 C:\Espressif\ESP8266_RTOS_SDK/lib\liblwip.a(sockets.o)
                0x3ffeb8a0                DefSocketCloseFlag
                0x3ffeb8a1                SocketCloseDoneFlag
 .bss           0x3ffeb9a0        0x4 C:\Espressif\ESP8266_RTOS_SDK/lib\libminic.a(minic.o)
 .bss           0x3ffeb9a4        0x4 C:\Espressif\ESP8266_RTOS_SDK/lib\libphy.a(phy.o)
 .bss           0x3ffeb9a8        0x2 C:\Espressif\ESP8266_RTOS_SDK/lib\libphy.a(phy_chip_v6_ana.o)
                0x3ffeb9a8                tout_dis_txpwr_track
                0x3ffeb9a9                sleep_mode_flag
 *fill*         0x3ffeb9aa        0x6 
 .bss           0x3ffeb9b0      0x158 C:\Espressif\ESP8266_RTOS_SDK/lib\libphy.a(phy_chip_v6.o)
                0x3ffeb9b0                rxiq_compute_num
                0x3ffeb9b4                rx_table_renew_en
                0x3ffeb9b8                check_result
                0x3ffeb9bc                chip6_sleep_params
                0x3ffeba50                chip6_phy_init_ctrl
                0x3ffebac4                phy_freq_offset
                0x3ffebac6                do_pwctrl_flag
                0x3ffebac7                pwctrl_debug
                0x3ffebac8                txbk_dpdby_flag
                0x3ffebaca                sw_scan_mode
                0x3ffebacb                rxmax_ext_level
                0x3ffebacc                phy_rx_gain_dc_table
                0x3ffebae0                periodic_cal_dc_num
                0x3ffebae4                periodic_cal_flag
                0x3ffebae5                bbpll_cal_flag
                0x3ffebae6                phy_in_most_power
                0x3ffebae7                init_rf_no_cal
                0x3ffebae8                test_print_time
                0x3ffebaec                phy_rx_gain_dc_flag
                0x3ffebaed                phy_in_vdd33_offset
                0x3ffebaee                phy_set_most_tpw_disbg
                0x3ffebaef                phy_set_most_tpw_index
                0x3ffebaf0                adc_rand_noise
                0x3ffebaf4                dpd_bypass_original
                0x3ffebaf8                noise_array
 .bss           0x3ffebb08        0x8 C:\Espressif\ESP8266_RTOS_SDK/lib\libphy.a(phy_chip_v6_cal.o)
                0x3ffebb08                phy_tx_power_out
                0x3ffebb0a                loop_pwctrl_pwdet_error_accum_high_power
                0x3ffebb0c                tx_pwctrl_pk_num
                0x3ffebb0d                tx_pwctrl_track_num
                0x3ffebb0e                loop_pwctrl_correct_atten_high_power
                0x3ffebb0f                rxiq_cover_fail_num
 .bss           0x3ffebb10        0x7 C:\Espressif\ESP8266_RTOS_SDK/lib\libphy.a(phy_sleep.o)
                0x3ffebb10                periodic_cal_sat
                0x3ffebb12                lslp_mem_opt_8266
                0x3ffebb14                software_slp_reject
                0x3ffebb15                SDIO_slp_reject
                0x3ffebb16                hardware_reject
 *fill*         0x3ffebb17        0x9 
 .bss           0x3ffebb20       0x30 C:\Espressif\ESP8266_RTOS_SDK/lib\libpp.a(if_hwctrl.o)
                0x3ffebb20                interface_mask
                0x3ffebb30                if_ctrl
 .bss           0x3ffebb50      0x150 C:\Espressif\ESP8266_RTOS_SDK/lib\libpp.a(lmac.o)
                0x3ffebb54                lmacConfMib
 .bss           0x3ffebca0      0x14a C:\Espressif\ESP8266_RTOS_SDK/lib\libpp.a(pm.o)
                0x3ffebd9c                flash_tmp
                0x3ffebda0                CCOMPARE_AddVal
 *fill*         0x3ffebdea        0x2 
 .bss           0x3ffebdec       0x48 C:\Espressif\ESP8266_RTOS_SDK/lib\libpp.a(pm_for_bcn_only_mode.o)
 *fill*         0x3ffebe34        0xc 
 .bss           0x3ffebe40      0x3c2 C:\Espressif\ESP8266_RTOS_SDK/lib\libpp.a(pp.o)
                0x3ffebe40                wdt_ini_flag
                0x3ffebe41                pp_soft_wdt_count
                0x3ffebe68                pend_flag_noise_check
                0x3ffebe70                pend_flag_periodic_cal
                0x3ffebe90                idle_timer_reopen_flag
                0x3ffebe99                dbg_stop_sw_wdt
                0x3ffebe9a                dbg_stop_hw_wdt
                0x3ffebe9c                HighestFreqOffsetInOneChk
                0x3ffebe9e                LowestFreqOffsetInOneChk
                0x3ffebea0                DefFreqCalTimer
                0x3ffebebc                PktNumInOneChk
 *fill*         0x3ffec202        0xe 
 .bss           0x3ffec210      0x100 C:\Espressif\ESP8266_RTOS_SDK/lib\libpp.a(rate_control.o)
 .bss           0x3ffec310      0x46c C:\Espressif\ESP8266_RTOS_SDK/lib\libpp.a(trc.o)
 *fill*         0x3ffec77c        0x4 
 .bss           0x3ffec780     0x2f68 C:\Espressif\ESP8266_RTOS_SDK/lib\libpp.a(wdev.o)
                0x3ffec780                wDevCtrl
                0x3ffec928                NMIIrqIsOn
                0x3ffec92c                WdevTimOffSet
 *fill*         0x3ffef6e8        0x8 
 .bss           0x3ffef6f0      0x984 C:\Espressif\ESP8266_RTOS_SDK/lib\libpp.a(esf_buf.o)
 .bss           0x3fff0074      0x67c C:\Espressif\ESP8266_RTOS_SDK/lib\libnet80211.a(ieee80211.o)
                0x3fff0074                g_ic
                0x3fff06ec                xieee80211Queue
 .bss           0x3fff06f0       0x52 C:\Espressif\ESP8266_RTOS_SDK/lib\libnet80211.a(ieee80211_hostap.o)
                0x3fff06f0                BcnEb_update
                0x3fff071c                PendFreeBcnEb
                0x3fff0720                ApFreqCalTimer
                0x3fff073c                APRecvBcnStartTick
 *fill*         0x3fff0742        0x2 
 .bss           0x3fff0744       0xe0 C:\Espressif\ESP8266_RTOS_SDK/lib\libnet80211.a(ieee80211_scan.o)
                0x3fff0744                gScanStruct
                0x3fff0800                connect_scan_flag
                0x3fff0801                FreqCalCntForScan
                0x3fff0802                TestStaFreqCalValInput
                0x3fff0804                auth_type
                0x3fff0806                scannum
 *fill*         0x3fff0824        0x4 
 .bss           0x3fff0828       0x10 C:\Espressif\ESP8266_RTOS_SDK/lib\libnet80211.a(ieee80211_sta.o)
 .bss           0x3fff0838       0x44 C:\Espressif\ESP8266_RTOS_SDK/lib\libnet80211.a(wl_chm.o)
 *fill*         0x3fff087c        0x4 
 .bss           0x3fff0880      0x399 C:\Espressif\ESP8266_RTOS_SDK/lib\libnet80211.a(wl_cnx.o)
                0x3fff0bf8                sta_con_timer
                0x3fff0c14                g_cnx_probe_rc_list_cb
                0x3fff0c18                reconnect_flag
 *fill*         0x3fff0c19        0x3 
 .bss           0x3fff0c1c       0x10 C:\Espressif\ESP8266_RTOS_SDK/lib\libnet80211.a(ieee80211_action_vendor.o)
 *fill*         0x3fff0c2c        0x4 
 .bss           0x3fff0c30      0x26a C:\Espressif\ESP8266_RTOS_SDK/lib\libwpa.a(wpa.o)
 *fill*         0x3fff0e9a        0x6 
 .bss           0x3fff0ea0       0x10 C:\Espressif\ESP8266_RTOS_SDK/lib\liblwip.a(ethernetif.o)
 .bss           0x3fff0eb0        0x8 C:\Espressif\ESP8266_RTOS_SDK/lib\libnet80211.a(ieee80211_crypto_tkip.o)
 *(.bss.*)
 .bss.successSent
                0x3fff0eb8        0x1 out/build/app_app.a(application.o)
                0x3fff0eb8                successSent
 *fill*         0x3fff0eb9        0x7 
 .bss.sendDataTimer
                0x3fff0ec0       0x38 out/build/app_app.a(application.o)
                0x3fff0ec0                sendDataTimer
 .bss.thingSpeak
                0x3fff0ef8       0x7c out/build/app_app.a(application.o)
                0x3fff0ef8                thingSpeak
 *fill*         0x3fff0f74        0x4 
 .bss.connectionTimer
                0x3fff0f78       0x38 out/build/app_app.a(application.o)
                0x3fff0f78                connectionTimer
 .bss.password  0x3fff0fb0        0x8 out/build/app_app.a(application.o)
                0x3fff0fb0                password
 .bss.network   0x3fff0fb8        0x8 out/build/app_app.a(application.o)
                0x3fff0fb8                network
 .bss.networks  0x3fff0fc0       0x14 out/build/app_app.a(application.o)
                0x3fff0fc0                networks
 .bss.server    0x3fff0fd4       0x88 out/build/app_app.a(application.o)
                0x3fff0fd4                server
 *fill*         0x3fff105c        0x4 
 .bss.disconnectTimer
                0x3fff1060       0x38 out/build/app_app.a(application.o)
                0x3fff1060                disconnectTimer
 .bss.sleepTimer
                0x3fff1098       0x38 out/build/app_app.a(application.o)
                0x3fff1098                sleepTimer
 .bss.debounceActive
                0x3fff10d0        0x1 out/build/app_app.a(application.o)
                0x3fff10d0                debounceActive
 *fill*         0x3fff10d1        0x7 
 .bss.debounceTimer
                0x3fff10d8       0x38 out/build/app_app.a(application.o)
                0x3fff10d8                debounceTimer
 .bss.configMode
                0x3fff1110        0x1 out/build/app_app.a(application.o)
                0x3fff1110                configMode
 *fill*         0x3fff1111        0x7 
 .bss.configTimer
                0x3fff1118       0x38 out/build/app_app.a(application.o)
                0x3fff1118                configTimer
 .bss.sensor    0x3fff1150       0x40 out/build/app_app.a(application.o)
                0x3fff1150                sensor
 .bss._ZL11AppSettings
                0x3fff1190       0x28 out/build/app_app.a(application.o)
 .bss._ZL11INADDR_NONE
                0x3fff11b8        0x4 out/build/app_app.a(application.o)
 .bss.ledState  0x3fff11bc        0x1 out/build/app_app.a(Led.o)
                0x3fff11bc                ledState
 *fill*         0x3fff11bd        0x3 
 .bss.blinkCounter
                0x3fff11c0        0x4 out/build/app_app.a(Led.o)
                0x3fff11c0                blinkCounter
 *fill*         0x3fff11c4        0x4 
 .bss.blinkRedTimer
                0x3fff11c8       0x38 out/build/app_app.a(Led.o)
                0x3fff11c8                blinkRedTimer
 .bss.blinkGreenTimer
                0x3fff1200       0x38 out/build/app_app.a(Led.o)
                0x3fff1200                blinkGreenTimer
 .bss._ZL11INADDR_NONE
                0x3fff1238        0x4 out/build/app_app.a(Led.o)
 .bss._ZL11INADDR_NONE
                0x3fff123c        0x4 c:/tools/SmingRTOS/sming/compiler/lib/\libsming.a(DataSourceStream.o)
 .bss.Serial    0x3fff1240       0x24 c:/tools/SmingRTOS/sming/compiler/lib/\libsming.a(HardwareSerial.o)
                0x3fff1240                Serial
 .bss._ZN14HardwareSerial18serialDelegateTaskE
                0x3fff1264        0x4 c:/tools/SmingRTOS/sming/compiler/lib/\libsming.a(HardwareSerial.o)
                0x3fff1264                HardwareSerial::serialDelegateTask
 .bss._ZN14HardwareSerial19serialDelegateQueueE
                0x3fff1268        0x4 c:/tools/SmingRTOS/sming/compiler/lib/\libsming.a(HardwareSerial.o)
                0x3fff1268                HardwareSerial::serialDelegateQueue
 .bss._ZN14HardwareSerial21hardwareSerialObjectsE
                0x3fff126c        0x8 c:/tools/SmingRTOS/sming/compiler/lib/\libsming.a(HardwareSerial.o)
                0x3fff126c                HardwareSerial::hardwareSerialObjects
 .bss._ZL11INADDR_NONE
                0x3fff1274        0x4 c:/tools/SmingRTOS/sming/compiler/lib/\libsming.a(HardwareSerial.o)
 .bss._delegateFunctionList
                0x3fff1278       0x40 c:/tools/SmingRTOS/sming/compiler/lib/\libsming.a(Interrupts.o)
                0x3fff1278                _delegateFunctionList
 .bss._ZZN6StringixEjE19dummy_writable_char
                0x3fff12b8        0x1 c:/tools/SmingRTOS/sming/compiler/lib/\libsming.a(WString.o)
 *fill*         0x3fff12b9        0x3 
 .bss.WifiAccessPoint
                0x3fff12bc        0x8 c:/tools/SmingRTOS/sming/compiler/lib/\libsming.a(AccessPoint.o)
                0x3fff12bc                WifiAccessPoint
 .bss._ZL11INADDR_NONE
                0x3fff12c4        0x4 c:/tools/SmingRTOS/sming/compiler/lib/\libsming.a(AccessPoint.o)
 .bss.WifiStation
                0x3fff12c8       0x24 c:/tools/SmingRTOS/sming/compiler/lib/\libsming.a(Station.o)
                0x3fff12c8                WifiStation
 .bss._ZL11INADDR_NONE
                0x3fff12ec        0x4 c:/tools/SmingRTOS/sming/compiler/lib/\libsming.a(Station.o)
 .bss.System    0x3fff12f0        0x1 c:/tools/SmingRTOS/sming/compiler/lib/\libsming.a(System.o)
                0x3fff12f0                System
 .bss._ZL11INADDR_NONE
                0x3fff12f1        0x4 c:/tools/SmingRTOS/sming/compiler/lib/\libsming.a(HttpClient.o)
 .bss._ZL11INADDR_NONE
                0x3fff12f5        0x4 c:/tools/SmingRTOS/sming/compiler/lib/\libsming.a(HttpRequest.o)
 .bss._ZL11INADDR_NONE
                0x3fff12f9        0x4 c:/tools/SmingRTOS/sming/compiler/lib/\libsming.a(HttpResponse.o)
 .bss._ZL11INADDR_NONE
                0x3fff12fd        0x4 c:/tools/SmingRTOS/sming/compiler/lib/\libsming.a(HttpServer.o)
 .bss._ZL11INADDR_NONE
                0x3fff1301        0x4 c:/tools/SmingRTOS/sming/compiler/lib/\libsming.a(HttpServerConnection.o)
 .bss._ZL11INADDR_NONE
                0x3fff1305        0x4 c:/tools/SmingRTOS/sming/compiler/lib/\libsming.a(TcpClient.o)
 .bss._ZL11INADDR_NONE
                0x3fff1309        0x4 c:/tools/SmingRTOS/sming/compiler/lib/\libsming.a(TcpConnection.o)
 *fill*         0x3fff130d        0x1 
 .bss._ZN9TcpServer16totalConnectionsE
                0x3fff130e        0x2 c:/tools/SmingRTOS/sming/compiler/lib/\libsming.a(TcpServer.o)
                0x3fff130e                TcpServer::totalConnections
 .bss._ZL11INADDR_NONE
                0x3fff1310        0x4 c:/tools/SmingRTOS/sming/compiler/lib/\libsming.a(TcpServer.o)
 .bss._ZL11INADDR_NONE
                0x3fff1314        0x4 c:/tools/SmingRTOS/sming/compiler/lib/\libsming.a(WebSocket.o)
 .bss._ZL11INADDR_NONE
                0x3fff1318        0x4 c:/tools/SmingRTOS/sming/compiler/lib/\libsming.a(CommandExecutor.o)
 .bss.commandHandler
                0x3fff131c       0x1c c:/tools/SmingRTOS/sming/compiler/lib/\libsming.a(CommandHandler.o)
                0x3fff131c                commandHandler
 .bss._ZL11INADDR_NONE
                0x3fff1338        0x4 c:/tools/SmingRTOS/sming/compiler/lib/\libsming.a(CommandHandler.o)
 .bss._ZL11INADDR_NONE
                0x3fff133c        0x4 c:/tools/SmingRTOS/sming/compiler/lib/\libsming.a(CommandOutput.o)
 .bss._ZN11ArduinoJson10JsonObject8_invalidE
                0x3fff1340        0x8 c:/tools/SmingRTOS/sming/compiler/lib/\libsming.a(ArduinoJson.o)
                0x3fff1340                ArduinoJson::JsonObject::_invalid
 .bss._ZN11ArduinoJson9JsonArray8_invalidE
                0x3fff1348        0x8 c:/tools/SmingRTOS/sming/compiler/lib/\libsming.a(ArduinoJson.o)
                0x3fff1348                ArduinoJson::JsonArray::_invalid
 .bss.spiffs_cache
                0x3fff1350      0x480 c:/tools/SmingRTOS/sming/compiler/lib/\libsming.a(spiffs_sming.o)
 .bss.spiffs_fds
                0x3fff17d0       0xe0 c:/tools/SmingRTOS/sming/compiler/lib/\libsming.a(spiffs_sming.o)
 .bss.spiffs_work_buf
                0x3fff18b0      0x200 c:/tools/SmingRTOS/sming/compiler/lib/\libsming.a(spiffs_sming.o)
 .bss._ZL11INADDR_NONE
                0x3fff1ab0        0x4 c:/tools/SmingRTOS/sming/compiler/lib/\libsming.a(dht.o)
 *fill*         0x3fff1ab4        0x4 
 .bss.SystemClock
                0x3fff1ab8       0x18 c:/tools/SmingRTOS/sming/compiler/lib/\libsming.a(SystemClock.o)
                0x3fff1ab8                SystemClock
 .bss._ZL11INADDR_NONE
                0x3fff1ad0        0x4 c:/tools/SmingRTOS/sming/compiler/lib/\libsming.a(SystemClock.o)
 .bss.RTC       0x3fff1ad4        0x1 c:/tools/SmingRTOS/sming/compiler/lib/\libsming.a(RTC.o)
                0x3fff1ad4                RTC
 .bss._ZL11INADDR_NONE
                0x3fff1ad5        0x4 c:/tools/SmingRTOS/sming/compiler/lib/\libsming.a(CommandDelegate.o)
 *(.gnu.linkonce.b.*)
 *(COMMON)
 *fill*         0x3fff1ad9        0x3 
 COMMON         0x3fff1adc       0x70 c:/tools/SmingRTOS/sming/compiler/lib/\libsming.a(spiffs_sming.o)
                0x3fff1adc                _filesystemStorageHandle
                0x3fff1b50                . = ALIGN (0x8)
 *fill*         0x3fff1b4c        0x4 
                0x3fff1b50                _bss_end = ABSOLUTE (.)
                0x3fff1b50                _heap_start = ABSOLUTE (.)

.text           0x40100000     0x6d1c
                0x40100000                _stext = .
                0x40100000                _text_start = ABSOLUTE (.)
 *(.UserEnter.text)
 .UserEnter.text
                0x40100000        0xd C:\Espressif\ESP8266_RTOS_SDK/lib\libmain.a(xtensa_vectors.o)
                                 0x14 (size before relaxing)
                0x40100004                call_user_start
                0x40100010                . = ALIGN (0x10)
 *fill*         0x4010000d        0x3 
 *(.DebugExceptionVector.text)
 .DebugExceptionVector.text
                0x40100010        0x9 C:\Espressif\ESP8266_RTOS_SDK/lib\libmain.a(xtensa_vectors.o)
                                 0x10 (size before relaxing)
                0x40100010                _DebugExceptionVector
                0x40100020                . = ALIGN (0x10)
 *fill*         0x40100019        0x7 
 *(.NMIExceptionVector.text)
 .NMIExceptionVector.text
                0x40100020        0x6 C:\Espressif\ESP8266_RTOS_SDK/lib\libmain.a(xtensa_vectors.o)
                                  0xd (size before relaxing)
                0x40100020                _NMIExceptionVector
                0x40100030                . = ALIGN (0x10)
 *fill*         0x40100026        0xa 
 *(.KernelExceptionVector.text)
 .KernelExceptionVector.text
                0x40100030        0x6 C:\Espressif\ESP8266_RTOS_SDK/lib\libmain.a(xtensa_vectors.o)
                                  0xd (size before relaxing)
                0x40100030                _KernelExceptionVector
                0x40100036        0x4 LONG 0x0
                0x4010003a        0x4 LONG 0x0
                0x4010003e        0x4 LONG 0x0
                0x40100042        0x4 LONG 0x0
                0x40100050                . = ALIGN (0x10)
 *fill*         0x40100046        0xa 
 *(.UserExceptionVector.text)
 .UserExceptionVector.text
                0x40100050        0x6 C:\Espressif\ESP8266_RTOS_SDK/lib\libmain.a(xtensa_vectors.o)
                                  0xd (size before relaxing)
                0x40100050                _UserExceptionVector
                0x40100056        0x4 LONG 0x0
                0x4010005a        0x4 LONG 0x0
                0x4010005e        0x4 LONG 0x0
                0x40100062        0x4 LONG 0x0
                0x40100070                . = ALIGN (0x10)
 *fill*         0x40100066        0xa 
 *(.DoubleExceptionVector.text)
 .DoubleExceptionVector.text
                0x40100070        0x9 C:\Espressif\ESP8266_RTOS_SDK/lib\libmain.a(xtensa_vectors.o)
                                 0x10 (size before relaxing)
                0x40100070                _DoubleExceptionVector
                0x40100079        0x4 LONG 0x0
                0x4010007d        0x4 LONG 0x0
                0x40100081        0x4 LONG 0x0
                0x40100085        0x4 LONG 0x0
                0x40100090                . = ALIGN (0x10)
 *fill*         0x40100089        0x7 
 *(.entry.text)
 *(.init.literal)
 *(.init)
 *(.literal .text .stub .gnu.warning .gnu.linkonce.literal.* .gnu.linkonce.t.*.literal .gnu.linkonce.t.*)
 .text          0x40100090      0x1da C:\Espressif\ESP8266_RTOS_SDK/lib\libmain.a(xtensa_vectors.o)
                                0x212 (size before relaxing)
                0x40100138                _xt_user_exit
 *fill*         0x4010026a        0x2 
 .text          0x4010026c      0x41e C:\Espressif\ESP8266_RTOS_SDK/lib\libmain.a(app_main.o)
                                0x456 (size before relaxing)
                0x40100274                Cache_Read_Enable_New
                0x401003f4                user_fatal_exception_handler
                0x401004cc                do_global_ctors
                0x40100534                user_start
 *fill*         0x4010068a        0x2 
 .text          0x4010068c      0x516 C:\Espressif\ESP8266_RTOS_SDK/lib\libmain.a(printf-stdarg.o)
                                0x536 (size before relaxing)
                0x4010068c                putchar
                0x40100844                print
                0x40100ab8                ets_printf
                0x40100ab8                printf
                0x40100b8c                puts
 *fill*         0x40100ba2        0x2 
 .text          0x40100ba4      0x3f8 C:\Espressif\ESP8266_RTOS_SDK/lib\libmain.a(spi_flash.o)
                                0x4e4 (size before relaxing)
                0x40100ba8                SPIWrite
                0x40100c84                SPIRead
                0x40100cb4                SPIEraseSector
                0x40100cfc                Cache_Read_Disable_2
                0x40100d3c                Cache_Read_Enable_2
                0x40100d78                spi_flash_get_id
                0x40100de8                spi_flash_read_status
                0x40100e28                spi_flash_write_status
                0x40100ea8                spi_flash_erase_sector
                0x40100eec                spi_flash_write
                0x40100f54                spi_flash_read
 .text          0x40100f9c      0x312 C:\Espressif\ESP8266_RTOS_SDK/lib\libmain.a(user_interface.o)
                                0x37e (size before relaxing)
                0x40100fd0                system_restart_in_nmi
                0x401011bc                wifi_set_user_rate_limit
                0x40101200                system_rtc_mem_write
                0x40101258                system_rtc_mem_read
 *fill*         0x401012ae        0x2 
 .text          0x401012b0      0x187 C:\Espressif\ESP8266_RTOS_SDK/lib\libmain.a(os_cpu_a.o)
                                0x1bf (size before relaxing)
                0x401012b0                vPortYield
                0x401012ec                _xt_int_enter
                0x40101304                _xt_int_exit
                0x4010132c                _xt_timer_int
                0x40101360                _xt_timer_int1
                0x4010137c                _xt_tick_timer_init
                0x401013a0                _xt_update_xt_ccompare
                0x401013bc                _xt_set_xt_ccompare_val
                0x401013d4                _xt_isr_unmask
                0x401013f4                _xt_isr_mask
                0x40101418                _xt_read_ints
                0x40101428                _xt_clear_ints
 *fill*         0x40101437        0x1 
 .text          0x40101438      0x28b C:\Espressif\ESP8266_RTOS_SDK/lib\libfreertos.a(heap_4.o)
                                0x2e3 (size before relaxing)
                0x40101438                xPortWantedSizeAlign
                0x40101454                malloc
                0x40101454                pvPortMalloc
                0x40101534                vPortFree
                0x40101534                free
                0x401015c4                calloc
                0x401015c4                pvPortCalloc
                0x401015ec                pvPortZalloc
                0x401015ec                zalloc
                0x40101600                realloc
                0x40101600                pvPortRealloc
 *fill*         0x401016c3        0x1 
 .text          0x401016c4      0x1c9 C:\Espressif\ESP8266_RTOS_SDK/lib\libfreertos.a(port.o)
                                0x225 (size before relaxing)
                0x401016c8                PendSV
                0x4010171c                SoftIsrHdl
                0x4010175c                xPortSysTickHandle
                0x40101774                vPortEnterCritical
                0x40101798                vPortExitCritical
                0x401017c0                PortDisableInt_NoNest
                0x401017e0                PortEnableInt_NoNest
                0x40101800                _xt_isr_handler
 *fill*         0x4010188d        0x3 
 .text          0x40101890       0xc7 C:\Espressif\ESP8266_RTOS_SDK/lib\libfreertos.a(queue.o)
                                 0xd7 (size before relaxing)
                0x40101890                uxQueueMessagesWaitingFromISR
 *fill*         0x40101957        0x1 
 .text          0x40101958      0x2a1 C:\Espressif\ESP8266_RTOS_SDK/lib\libfreertos.a(tasks.o)
                                0x2ed (size before relaxing)
                0x40101968                xTaskIncrementTick
                0x40101ad8                vTaskSwitchContext
                0x40101ba8                vTaskPriorityDisinherit
 *fill*         0x40101bf9        0x3 
 .text          0x40101bfc       0x53 C:\Espressif\ESP8266_RTOS_SDK/lib\libphy.a(phy.o)
                                 0x5f (size before relaxing)
                0x40101c04                register_phy_ops
                0x40101c24                register_get_phy_addr
                0x40101c2c                phy_change_channel
                0x40101c44                phy_get_mactime
 *fill*         0x40101c4f        0x1 
 .text          0x40101c50       0xaa C:\Espressif\ESP8266_RTOS_SDK/lib\libphy.a(phy_chip_v6_cal.o)
                                 0xb2 (size before relaxing)
                0x40101c50                unsign_to_sign
                0x40101c88                phy_get_bb_freqoffset
                0x40101cec                phy_get_bb_evm
 *fill*         0x40101cfa        0x2 
 .text          0x40101cfc       0xf3 C:\Espressif\ESP8266_RTOS_SDK/lib\libphy.a(phy_sleep.o)
                                0x103 (size before relaxing)
                0x40101d0c                pm_rtc_clock_cali
                0x40101dc4                clockgate_watchdog
 *fill*         0x40101def        0x1 
 .text          0x40101df0     0x1694 C:\Espressif\ESP8266_RTOS_SDK/lib\libpp.a(lmac.o)
                               0x1a50 (size before relaxing)
                0x40101df4                lmacIsActive
                0x40101e08                lmacIsIdle
                0x40102288                lmacSetAcParam
                0x4010230c                lmacProcessTXStartData
                0x401024b0                lmacProcessTxSuccess
                0x401025ec                GetAccess
                0x401025f8                lmacDiscardAgedMSDU
                0x4010260c                lmacRecycleMPDU
                0x40102c18                lmacProcessTxTimeout
                0x40102c80                lmacProcessAllTxTimeout
                0x40102c98                lmacProcessCollisions
                0x40102cf8                lmacProcessCollision
                0x40102d7c                lmacMSDUAged
                0x40103108                lmacProcessCtsTimeout
                0x40103150                lmacProcessAckTimeout
                0x401031a4                lmacProcessRtsStart
                0x401031b0                lmacProcessTxRtsError
                0x4010324c                lmacProcessTxError
                0x401032d0                lmacTxFrame
                0x4010346c                lmacRxDone
 .text          0x40103484      0xcbd C:\Espressif\ESP8266_RTOS_SDK/lib\libpp.a(pp.o)
                                0xf51 (size before relaxing)
                0x40103608                ppProcessTxQ
                0x401036c8                ppFetchTxQFirstAvail
                0x4010372c                ppDequeueTxQ
                0x40103778                ppRollBackTxQ
                0x401037bc                ppRecordBarRRC
                0x401037cc                ppTxqUpdateBitmap
                0x401037f4                ppEnqueueTxDone
                0x40103838                ppEnqueueRxq
                0x40103dd4                ppDiscardMPDU
                0x40103e04                MacIsrSigPostDefHdl
                0x40103ee4                pp_post
                0x40104010                ppCalTxop
                0x401040d4                ppCalFrameTimes
 *fill*         0x40104141        0x3 
 .text          0x40104144       0xf5 C:\Espressif\ESP8266_RTOS_SDK/lib\libpp.a(rate_control.o)
                                0x109 (size before relaxing)
                0x40104164                RC_GetAckRate
                0x40104170                RC_GetRtsRate
                0x40104180                RC_GetAckTime
                0x40104194                RC_GetCtsTime
                0x401041cc                RC_GetBlockAckTime
 *fill*         0x40104239        0x3 
 .text          0x4010423c      0x99d C:\Espressif\ESP8266_RTOS_SDK/lib\libpp.a(trc.o)
                                0xa05 (size before relaxing)
                0x4010440c                rcUpdateTxDone
                0x401044a0                rcUpdateRxDone
                0x401044fc                rcUpdateDataRxDone
                0x40104518                rcGetSched
                0x401045fc                rcGetRate
                0x40104b0c                rcReachRetryLimit
                0x40104b24                trc_NeedRTS
 *fill*         0x40104bd9        0x3 
 .text          0x40104bdc     0x1230 C:\Espressif\ESP8266_RTOS_SDK/lib\libpp.a(wdev.o)
                               0x158c (size before relaxing)
                0x40105004                wDev_MacTimSetFunc
                0x40105028                wDev_MacTimArm
                0x401050b8                wDev_MacTim1Arm
                0x40105178                wDev_ProcessFiq
                0x401054f4                wDev_EnableTransmit
                0x4010552c                wDev_DisableTransmit
                0x4010554c                Tx_Copy2Queue
                0x40105594                wDev_ProcessCollision
                0x401055b8                wDev_GetTxqCollisions
                0x401055c8                wDev_ClearTxqCollisions
                0x401055e4                wDev_SetWaitingQueue
                0x4010562c                wDev_ClearWaitingQueue
                0x40105650                wDev_SetFrameAckType
                0x401056b8                wDev_AppendRxBlocks
                0x4010583c                wDev_AppendRxAmpduLensBlocks
                0x40105940                wDev_GetBAInfo
 .text          0x40105e0c       0x7c C:\Espressif\ESP8266_RTOS_SDK/lib\libpp.a(esf_buf.o)
                                 0xa8 (size before relaxing)
                0x40105e10                esf_rx_buf_alloc
 .text          0x40105e88        0xb C:\Espressif\ESP8266_RTOS_SDK/lib\libnet80211.a(wl_chm.o)
                0x40105e8c                chm_get_current_channel
 *fill*         0x40105e93        0x1 
 .text          0x40105e94       0x17 C:\Espressif\ESP8266_RTOS_SDK/lib\libwpa.a(os_xtensa.o)
                                 0x1b (size before relaxing)
                0x40105e98                r_rand
                0x40105e98                os_random
 *fill*         0x40105eab        0x1 
 .text          0x40105eac       0x63 C:\Espressif\ESP8266_RTOS_SDK/lib\libmain.a(routines.o)
                                 0x73 (size before relaxing)
                0x40105eac                __cxa_deleted_virtual
                0x40105eb4                __cxa_pure_virtual
                0x40105ebc                operator delete[](void*)
                0x40105ed0                operator delete(void*)
                0x40105ee4                operator new[](unsigned int)
                0x40105ef8                operator new(unsigned int)
                0x40105f0c                abort
 *fill*         0x40105f0f        0x1 
 .text          0x40105f10      0x133 c:/tools/SmingRTOS/sming/compiler/lib/\libsming.a(Digital.o)
                                0x137 (size before relaxing)
                0x40105f18                digitalRead(unsigned short)
                0x40105f44                pullup(unsigned short)
                0x40105f6c                noPullup(unsigned short)
                0x40105f9c                isInputPin(unsigned short)
                0x40105fd4                digitalWrite(unsigned short, unsigned char)
 *fill*         0x40106043        0x1 
 .text          0x40106044       0xf7 c:/tools/SmingRTOS/sming/compiler/lib/\libsming.a(HardwareSerial.o)
                                0x103 (size before relaxing)
                0x4010605c                HardwareSerial::uartReceiveInterruptHandler(void*)
 *fill*         0x4010613b        0x1 
 .text          0x4010613c      0x33a c:/tools/SmingRTOS/sming/compiler/lib/\libsming.a(Timer.o)
                                0x35a (size before relaxing)
                0x40106140                Timer::stop()
                0x40106184                Timer::start(bool)
                0x401061f4                Timer::processing(void*)
                0x40106248                Timer::restart()
                0x40106268                Timer::setCallback(void (*)())
                0x401062b0                Timer::setIntervalUs(unsigned long long)
                0x40106324                Timer::setIntervalMs(unsigned int)
                0x40106350                Timer::initializeMs(unsigned int, void (*)())
                0x40106378                Timer::initializeUs(unsigned int, void (*)())
                0x401063a8                Timer::setCallback(Delegate<void ()>)
                0x401063d8                Timer::initializeMs(unsigned int, Delegate<void ()>)
                0x40106428                Timer::initializeUs(unsigned int, Delegate<void ()>)
 *fill*         0x40106476        0x2 
 .text          0x40106478      0x318 c:/tools/SmingRTOS/sming/compiler/lib/\libsming.a(WString.o)
                                0x340 (size before relaxing)
                0x4010647c                String::compareTo(String const&) const
                0x401064c4                String::equals(String const&) const
                0x401064ec                String::equals(char const*) const
                0x40106534                String::setCharAt(unsigned int, char)
                0x40106548                String::operator[](unsigned int) const
                0x40106560                String::charAt(unsigned int) const
                0x40106574                String::operator[](unsigned int)
                0x4010658c                String::invalidate()
                0x401065b4                String::changeBuffer(unsigned int)
                0x401065ec                String::concat(char const*, unsigned int)
                0x40106648                String::operator=(String const&)
                0x40106678                String::String(String const&)
                0x40106678                String::String(String const&)
                0x40106694                String::operator=(char const*)
                0x401066c8                String::String(char const*)
                0x401066c8                String::String(char const*)
                0x40106700                String::String(char const*, unsigned int)
                0x40106700                String::String(char const*, unsigned int)
                0x40106724                String::String(String&&)
                0x40106724                String::String(String&&)
                0x40106740                String::String(StringSumHelper&&)
                0x40106740                String::String(StringSumHelper&&)
                0x40106760                String::indexOf(char) const
                0x4010677c                String::indexOf(String const&) const
 .literal       0x40106790        0x4 C:\Espressif\ESP8266_RTOS_SDK/lib\libgcc.a(_mulsf3.o)
                                 0x10 (size before relaxing)
 .literal       0x40106794        0x0 C:\Espressif\ESP8266_RTOS_SDK/lib\libgcc.a(_divsf3.o)
                                 0x10 (size before relaxing)
 .literal       0x40106794        0x0 C:\Espressif\ESP8266_RTOS_SDK/lib\libgcc.a(_fixsfsi.o)
                                  0x4 (size before relaxing)
 .literal       0x40106794        0x4 C:\Espressif\ESP8266_RTOS_SDK/lib\libgcc.a(_cmpdf2.o)
                                 0x18 (size before relaxing)
 .text          0x40106798      0x15d C:\Espressif\ESP8266_RTOS_SDK/lib\libgcc.a(_mulsf3.o)
                0x40106810                __mulsf3
 *fill*         0x401068f5        0x3 
 .text          0x401068f8      0x135 C:\Espressif\ESP8266_RTOS_SDK/lib\libgcc.a(_divsf3.o)
                0x40106974                __divsf3
 *fill*         0x40106a2d        0x3 
 .text          0x40106a30       0x40 C:\Espressif\ESP8266_RTOS_SDK/lib\libgcc.a(_fixsfsi.o)
                0x40106a30                __fixsfsi
 .text          0x40106a70      0x169 C:\Espressif\ESP8266_RTOS_SDK/lib\libgcc.a(_cmpdf2.o)
                0x40106a70                __nedf2
                0x40106a70                __eqdf2
                0x40106aa0                __gtdf2
                0x40106ac4                __ledf2
                0x40106b28                __gedf2
                0x40106b4c                __ltdf2
                0x40106bb0                __unorddf2
 *fill*         0x40106bd9        0x0 
 *fill*         0x40106bd9        0x0 
 *fill*         0x40106bd9        0x0 
 *fill*         0x40106bd9        0x0 
 *fill*         0x40106bd9        0x3 
 .text          0x40106bdc       0x3d C:\Espressif\ESP8266_RTOS_SDK/lib\libmain.a(xtensa_context.o)
                0x40106bdc                _xt_context_save
                0x40106bf8                _xt_context_restore
 *fill*         0x40106c19        0x0 
 *fill*         0x40106c19        0x0 
 *fill*         0x40106c19        0x0 
 *fill*         0x40106c19        0x0 
 *fill*         0x40106c19        0x3 
 .text          0x40106c1c       0x37 C:\Espressif\ESP8266_RTOS_SDK/lib\libfreertos.a(list.o)
                0x40106c1c                vListInsertEnd
                0x40106c34                uxListRemove
 *fill*         0x40106c53        0x1 
 .text          0x40106c54       0x49 C:\Espressif\ESP8266_RTOS_SDK/lib\libgcc.a(_modsi3.o)
                0x40106c54                __modsi3
 *fill*         0x40106c9d        0x3 
 .text          0x40106ca0       0x20 c:/espressif/xtensa-lx106-elf/bin/../lib/gcc/xtensa-lx106-elf/5.1.0/../../../../xtensa-lx106-elf/lib\libhal.a(clock.o)
                0x40106ca0                xthal_get_ccount
                0x40106ca8                xthal_set_ccompare
                0x40106cb4                xthal_get_ccompare
 .text          0x40106cc0        0x5 c:/espressif/xtensa-lx106-elf/bin/../lib/gcc/xtensa-lx106-elf/5.1.0/../../../../xtensa-lx106-elf/lib\libhal.a(int_asm--set_intset.o)
                0x40106cc0                xthal_set_intset
 *fill*         0x40106cc5        0x0 
 *fill*         0x40106cc5        0x0 
 *fill*         0x40106cc5        0x0 
 *fill*         0x40106cc5        0x0 
 *fill*         0x40106cc5        0x0 
 *fill*         0x40106cc5        0x0 
 *fill*         0x40106cc5        0x3 
 .text          0x40106cc8       0x25 C:\Espressif\ESP8266_RTOS_SDK/lib\libnet80211.a(ieee80211_hostap.o)
 *fill*         0x40106ced        0x0 
 *fill*         0x40106ced        0x0 
 *fill*         0x40106ced        0x3 
 .text          0x40106cf0       0x11 C:\Espressif\ESP8266_RTOS_SDK/lib\libwpa.a(wpa_auth.o)
 *fill*         0x40106d01        0x0 
 *fill*         0x40106d01        0x0 
 *fill*         0x40106d01        0x0 
 *fill*         0x40106d01        0x0 
 *fill*         0x40106d01        0x3 
 .text          0x40106d04       0x18 C:\Espressif\ESP8266_RTOS_SDK/lib\libgcc.a(_ashrdi3.o)
                0x40106d04                __ashrdi3
 *fill*         0x40106d1c        0x0 
 *fill*         0x40106d1c        0x0 
 *(.fini.literal)
 *(.fini)
 *(.gnu.version)
                0x40106d1c                _text_end = ABSOLUTE (.)
                0x40106d1c                _etext = .

.lit4           0x40106d1c        0x0
                0x40106d1c                _lit4_start = ABSOLUTE (.)
 *(*.lit4)
 *(.lit4.*)
 *(.gnu.linkonce.lit4.*)
                0x40106d1c                _lit4_end = ABSOLUTE (.)

.irom0.text     0x4020a000    0x4a3c6
                0x4020a000                _irom0_text_start = ABSOLUTE (.)
 *(.irom0.literal .irom.literal .irom.text.literal .irom0.text .irom.text)
 .irom0.text    0x4020a000      0x8ae C:\Espressif\ESP8266_RTOS_SDK/lib\libmain.a(app_main.o)
                                0xa5a (size before relaxing)
                0x4020a1e8                user_uart_wait_tx_fifo_empty
                0x4020a320                uart_rx_one_char
                0x4020a344                wdt_init
                0x4020a3e0                user_init_task
                0x4020a85c                vApplicationStackOverflowHook
                0x4020a890                vApplicationTickHook
 *fill*         0x4020a8ae        0x2 
 .irom0.text    0x4020a8b0      0x437 C:\Espressif\ESP8266_RTOS_SDK/lib\libmain.a(ets_timer.o)
                                0x4f3 (size before relaxing)
                0x4020a96c                os_timer_setfn
                0x4020a96c                ets_timer_setfn
                0x4020aa00                ets_timer_disarm
                0x4020aa00                os_timer_disarm
                0x4020aa5c                ets_timer_arm_ms_us
                0x4020aadc                os_timer_arm_us
                0x4020aadc                ets_timer_arm_us
                0x4020aaf0                os_timer_arm
                0x4020aaf0                ets_timer_arm
                0x4020ab04                ets_timer_done
                0x4020ab34                ets_timer_handler_isr
                0x4020ac60                ets_timer_init
 *fill*         0x4020ace7        0x1 
 .irom0.text    0x4020ace8       0xf7 C:\Espressif\ESP8266_RTOS_SDK/lib\libmain.a(misc.o)
                                0x10b (size before relaxing)
                0x4020acf0                ets_delay_us
                0x4020acf0                os_delay_us
                0x4020ad24                ets_update_cpu_frequency
                0x4020ad24                os_update_cpu_frequency
                0x4020ad2c                os_get_cpu_frequency
                0x4020ad38                os_install_putc1
                0x4020ad40                os_putc
                0x4020ad58                gpio_output_set
                0x4020ad7c                rtc_get_reset_reason
                0x4020adc4                bit_popcount
 *fill*         0x4020addf        0x1 
 .irom0.text    0x4020ade0       0x46 C:\Espressif\ESP8266_RTOS_SDK/lib\libmain.a(uart.o)
                                 0x4e (size before relaxing)
                0x4020ade0                uart_buff_switch
                0x4020adec                uart_div_modify
                0x4020ae24                Uart_Init
 *fill*         0x4020ae26        0x2 
 .irom0.text    0x4020ae28     0x30a1 C:\Espressif\ESP8266_RTOS_SDK/lib\libmain.a(user_interface.o)
                               0x3b25 (size before relaxing)
                0x4020aff8                system_pp_recycle_rx_pkt
                0x4020b00c                system_adc_read
                0x4020b024                system_get_vdd33
                0x4020b040                system_restart
                0x4020b094                system_restore
                0x4020b0ec                system_get_flash_size_map
                0x4020b10c                system_get_boot_version
                0x4020b144                system_get_test_result
                0x4020b16c                system_get_userbin_addr
                0x4020b204                system_get_boot_mode
                0x4020b234                system_restart_enhance
                0x4020b360                system_upgrade_userbin_set
                0x4020b3ac                system_upgrade_userbin_check
                0x4020b3ec                system_upgrade_flag_set
                0x4020b400                system_upgrade_flag_check
                0x4020b428                system_upgrade_reboot
                0x4020b550                system_deep_sleep_instant
                0x4020b6e8                system_deep_sleep
                0x4020b73c                system_deep_sleep_set_option
                0x4020b758                system_phy_temperature_alert
                0x4020b76c                system_phy_set_max_tpw
                0x4020b780                system_phy_set_tpw_via_vdd33
                0x4020b794                system_phy_set_rfoption
                0x4020b7a8                system_update_cpu_freq
                0x4020b800                system_get_cpu_freq
                0x4020b81c                system_overclock
                0x4020b848                system_restoreclock
                0x4020b87c                system_get_time
                0x4020b890                system_relative_time
                0x4020b8ac                system_station_got_ip_set
                0x4020b9d8                system_print_meminfo
                0x4020ba38                system_get_free_heap_size
                0x4020ba50                system_get_chip_id
                0x4020ba74                system_rtc_clock_cali_proc
                0x4020ba88                system_get_rtc_time
                0x4020ba94                system_get_rst_info
                0x4020ba9c                system_get_data_of_array_8
                0x4020bac0                system_get_data_of_array_16
                0x4020baec                system_get_string_from_flash
                0x4020bb58                wifi_get_netif
                0x4020bb78                wifi_softap_dhcps_start
                0x4020bbd4                wifi_softap_dhcps_stop
                0x4020bc28                wifi_softap_dhcps_status
                0x4020bc30                wifi_station_dhcpc_start
                0x4020bca0                wifi_station_dhcpc_stop
                0x4020bcf8                wifi_station_dhcpc_event
                0x4020bd58                wifi_station_dhcpc_set_maxtry
                0x4020bd68                wifi_station_dhcpc_status
                0x4020bde0                wifi_get_opmode
                0x4020bdf4                wifi_get_opmode_default
                0x4020bf28                wifi_set_opmode
                0x4020bf3c                wifi_set_opmode_current
                0x4020bf50                system_get_checksum
                0x4020bf90                wifi_param_save_protect_with_check
                0x4020c014                system_param_save_with_protect
                0x4020c0b0                system_save_sys_param
                0x4020c0d8                system_param_load
                0x4020c208                wifi_station_get_config
                0x4020c21c                wifi_station_get_config_default
                0x4020c23c                wifi_station_get_ap_info
                0x4020c304                wifi_station_ap_number_set
                0x4020c614                wifi_station_set_config
                0x4020c628                wifi_station_set_config_current
                0x4020c63c                wifi_station_get_current_ap_id
                0x4020c650                wifi_station_ap_check
                0x4020c688                wifi_station_ap_change
                0x4020c7b0                wifi_station_scan
                0x4020c810                wifi_station_get_auto_connect
                0x4020c824                wifi_station_set_auto_connect
                0x4020c874                wifi_station_connect
                0x4020c920                wifi_station_disconnect
                0x4020ca04                wifi_station_get_connect_status
                0x4020ca34                wifi_station_set_reconnect_policy
                0x4020ca40                wifi_station_get_reconnect_policy
                0x4020ca48                wifi_station_get_rssi
                0x4020ca8c                wifi_softap_cacl_mac
                0x4020cb00                wifi_softap_set_default_ssid
                0x4020cce0                wifi_softap_get_config
                0x4020ccf4                wifi_softap_get_config_default
                0x4020cf80                wifi_softap_set_config
                0x4020cf94                wifi_softap_set_config_current
                0x4020cfa8                wifi_softap_set_station_info
                0x4020d01c                wifi_softap_get_station_info
                0x4020d0e0                wifi_softap_free_station_info
                0x4020d130                wifi_softap_get_station_num
                0x4020d184                wifi_softap_deauth
                0x4020d250                wifi_register_user_ie_manufacturer_recv_cb
                0x4020d264                wifi_unregister_user_ie_manufacturer_recv_cb
                0x4020d288                wifi_set_user_ie
                0x4020d388                wifi_get_user_ie
                0x4020d3bc                wifi_get_phy_mode
                0x4020d3c4                wifi_set_phy_mode
                0x4020d498                wifi_set_sleep_type
                0x4020d4b4                wifi_get_sleep_type
                0x4020d4cc                wifi_get_channel
                0x4020d500                wifi_set_channel
                0x4020d584                wifi_promiscuous_set_mac
                0x4020d5f4                wifi_promiscuous_enable
                0x4020d6ec                wifi_set_promiscuous_rx_cb
                0x4020d6fc                wifi_get_ip_info
                0x4020d78c                wifi_set_ip_info
                0x4020d820                wifi_create_linklocal_ip
                0x4020d850                wifi_get_linklocal_ip
                0x4020d884                wifi_get_ipinfo_v6
                0x4020d8c0                wifi_get_macaddr
                0x4020d92c                wifi_set_macaddr
                0x4020da5c                wifi_enable_6m_rate
                0x4020da80                wifi_get_user_fixed_rate
                0x4020dac0                wifi_set_user_fixed_rate
                0x4020db00                wifi_set_user_sup_rate
                0x4020db4c                wifi_get_user_limit_rate_mask
                0x4020db70                wifi_set_user_limit_rate_mask
                0x4020dba4                wifi_register_send_pkt_freedom_cb
                0x4020dbd4                wifi_unregister_send_pkt_freedom_cb
                0x4020dbf4                wifi_send_pkt_freedom
                0x4020dc54                wifi_rfid_locp_recv_open
                0x4020dc78                wifi_rfid_locp_recv_close
                0x4020dc98                wifi_register_rfid_locp_recv_cb
                0x4020dcc0                wifi_unregister_rfid_locp_recv_cb
                0x4020dce0                wifi_status_led_install
                0x4020dd38                wifi_status_led_uninstall
                0x4020dd6c                wifi_set_status_led_output_level
                0x4020ddbc                wifi_set_event_handler_cb
                0x4020de2c                system_uart_swap
                0x4020de8c                system_uart_de_swap
                0x4020dec4                system_get_sdk_version
 *fill*         0x4020dec9        0x3 
 .irom0.text    0x4020decc        0xe C:\Espressif\ESP8266_RTOS_SDK/lib\libfreertos.a(heap_4.o)
                0x4020ded0                xPortGetFreeHeapSize
                0x4020ded8                vPortInitialiseBlocks
 *fill*         0x4020deda        0x2 
 .irom0.text    0x4020dedc       0x9c C:\Espressif\ESP8266_RTOS_SDK/lib\libfreertos.a(port.o)
                                 0xa8 (size before relaxing)
                0x4020dee0                pxPortInitialiseStack
                0x4020df20                xPortStartScheduler
                0x4020df5c                vPortEndScheduler
                0x4020df60                ResetCcountVal
                0x4020df6c                _xt_isr_attach
 .irom0.text    0x4020df78      0x757 C:\Espressif\ESP8266_RTOS_SDK/lib\libfreertos.a(queue.o)
                                0x8a7 (size before relaxing)
                0x4020df78                xQueueGenericReset
                0x4020e008                xQueueGenericCreate
                0x4020e068                xQueueCreateMutex
                0x4020e0c4                xQueueGiveMutexRecursive
                0x4020e0fc                xQueueTakeMutexRecursive
                0x4020e13c                xQueueCreateCountingSemaphore
                0x4020e160                xQueueGenericSend
                0x4020e270                xQueueGenericSendFromISR
                0x4020e2e4                xQueueGenericReceive
                0x4020e448                xQueueReceiveFromISR
                0x4020e4b8                xQueuePeekFromISR
                0x4020e4e8                uxQueueMessagesWaiting
                0x4020e510                vQueueDelete
                0x4020e620                xQueueIsQueueEmptyFromISR
                0x4020e664                xQueueIsQueueFullFromISR
                0x4020e678                vQueueWaitForMessageRestricted
 *fill*         0x4020e6cf        0x1 
 .irom0.text    0x4020e6d0      0xbe6 C:\Espressif\ESP8266_RTOS_SDK/lib\libfreertos.a(tasks.o)
                                0xe3e (size before relaxing)
                0x4020e6dc                xTaskGenericCreate
                0x4020e7e4                vTaskDelete
                0x4020e85c                vTaskDelayUntil
                0x4020e8c8                vTaskDelay
                0x4020e910                uxTaskPriorityGet
                0x4020e93c                vTaskPrioritySet
                0x4020ea10                vTaskSuspend
                0x4020ea94                xTaskIsTaskSuspended
                0x4020eab8                vTaskResume
                0x4020eb38                xTaskResumeFromISR
                0x4020ebc8                vTaskStartScheduler
                0x4020ec28                vTaskEndScheduler
                0x4020ec4c                vTaskSuspendAll
                0x4020ec64                prvGetExpectedIdleTime
                0x4020ec94                xTaskResumeAll
                0x4020ed90                xTaskGetTickCount
                0x4020edb4                xTaskGetTickCountFromISR
                0x4020edc0                uxTaskGetNumberOfTasks
                0x4020edcc                xTaskGetIdleTaskHandle
                0x4020edd4                vTaskStepTick
                0x4020ede8                vTaskPlaceOnEventList
                0x4020ee40                vTaskPlaceOnEventListRestricted
                0x4020ee80                xTaskRemoveFromEventList
                0x4020ef00                vTaskSetTimeOutState
                0x4020ef14                xTaskCheckForTimeOut
                0x4020ef70                vTaskMissedYield
                0x4020efa0                eTaskConfirmSleepModeStatus
                0x4020f1c8                uxTaskGetStackHighWaterMark
                0x4020f208                xTaskGetCurrentTaskHandle
                0x4020f214                xTaskGetSchedulerState
                0x4020f234                vTaskPriorityInherit
 *fill*         0x4020f2b6        0x2 
 .irom0.text    0x4020f2b8      0x40c C:\Espressif\ESP8266_RTOS_SDK/lib\libfreertos.a(timers.o)
                                0x4d0 (size before relaxing)
                0x4020f2c8                xTimerCreateTimerTask
                0x4020f318                xTimerCreate
                0x4020f36c                xTimerGenericCommand
                0x4020f3c8                xTimerGetTimerDaemonTaskHandle
                0x4020f698                xTimerIsTimerActive
                0x4020f6c0                pvTimerGetTimerID
 .irom0.text    0x4020f6c4     0x139e C:\Espressif\ESP8266_RTOS_SDK/lib\liblwip.a(dhcp.o)
                               0x156a (size before relaxing)
                0x4020f918                dhcp_coarse_tmr
                0x4020f964                dhcp_fine_tmr
                0x4020fbc0                dhcp_set_struct
                0x4020fbe8                dhcp_cleanup
                0x4020fc10                dhcp_start
                0x4020fcc4                dhcp_inform
                0x4020fd6c                dhcp_network_changed
                0x4020fdb4                dhcp_arp_reply
                0x40210090                dhcp_renew
                0x402102a8                dhcp_release
                0x4021036c                dhcp_stop
 *fill*         0x40210a62        0x2 
 .irom0.text    0x40210a64      0xc47 C:\Espressif\ESP8266_RTOS_SDK/lib\liblwip.a(dhcpserver.o)
                                0xde7 (size before relaxing)
                0x40210a64                node_insert_to_list
                0x40210a9c                node_remove_from_list
                0x40211354                dhcps_start
                0x402113c0                dhcps_stop
                0x40211420                wifi_softap_set_dhcps_lease
                0x4021150c                wifi_softap_get_dhcps_lease
                0x40211598                dhcps_coarse_tmr
                0x40211604                wifi_softap_set_dhcps_offer_option
                0x40211648                wifi_softap_set_dhcps_lease_time
                0x40211678                wifi_softap_reset_dhcps_lease_time
                0x402116a4                wifi_softap_get_dhcps_lease_time
 *fill*         0x402116ab        0x1 
 .irom0.text    0x402116ac      0x5eb C:\Espressif\ESP8266_RTOS_SDK/lib\liblwip.a(dns.o)
                                0x68b (size before relaxing)
                0x402116b8                dns_init
                0x402116f8                dns_setserver
                0x40211718                dns_getserver
                0x4021172c                dns_tmr
                0x40211c34                dns_gethostbyname
 *fill*         0x40211c97        0x1 
 .irom0.text    0x40211c98      0x8a6 C:\Espressif\ESP8266_RTOS_SDK/lib\liblwip.a(etharp.o)
                                0x98e (size before relaxing)
                0x40211cf8                etharp_tmr
                0x40211f1c                etharp_cleanup_netif
                0x40211f58                etharp_find_addr
                0x40212134                etharp_output
                0x40212248                etharp_query
                0x40212448                etharp_request
                0x40212470                ethernet_input
 *fill*         0x4021253e        0x2 
 .irom0.text    0x40212540      0x382 C:\Espressif\ESP8266_RTOS_SDK/lib\liblwip.a(ip4_addr.o)
                                0x3a2 (size before relaxing)
                0x40212540                ip4_addr_isbroadcast
                0x40212570                ip4_addr_netmask_valid
                0x402125b0                ipaddr_addr
                0x402125d0                ipaddr_aton
                0x402127ec                ipaddr_ntoa
                0x40212800                ipaddr_ntoa_r
 *fill*         0x402128c2        0x2 
 .irom0.text    0x402128c4      0x441 C:\Espressif\ESP8266_RTOS_SDK/lib\liblwip.a(ip4.o)